<html>
<body>
<pre>
<h1>µVision Build Log</h1>
<h2>Tool Versions:</h2>
IDE-Version: µVision V5.26.2.0
Copyright (C) 2018 ARM Ltd and ARM Germany GmbH. All rights reserved.
License Information: halil eryalcin, none, LIC=----
 
Tool Versions:
Toolchain:       MDK-Lite  Version: 5.26.2.0
Toolchain Path:  C:\Keil_v5\ARM\ARMCC\Bin
C Compiler:      Armcc.exe V5.06 update 6 (build 750)
Assembler:       Armasm.exe V5.06 update 6 (build 750)
Linker/Locator:  ArmLink.exe V5.06 update 6 (build 750)
Library Manager: ArmAr.exe V5.06 update 6 (build 750)
Hex Converter:   FromElf.exe V5.06 update 6 (build 750)
CPU DLL:         SARMCM3.DLL V5.26.2.0
Dialog DLL:      DCM.DLL V1.17.2.0
Target DLL:      STLink\ST-LINKIII-KEIL_SWO.dll V3.0.5.0
Dialog DLL:      TCM.DLL V1.36.1.0
 
<h2>Project:</h2>
C:\Users\Halil\Documents\keil_workspace\new_med_device\MDK-ARM\new_med_device.uvprojx
Project File Date:  11/11/2019

<h2>Output:</h2>
*** Using Compiler 'V5.06 update 6 (build 750)', folder: 'C:\Keil_v5\ARM\ARMCC\Bin'
*** Warning: You are compiling one or more files of source type C++ and have selected 'use MicroLIB'. MicroLIB does not support C++!
  
Rebuild target 'new_med_device'
assembling startup_stm32l432xx.s...
compiling stm32l4xx_it.c...
compiling stm32l4xx_hal_msp.c...
compiling main.cpp...
..\Drivers\MAX30102\max30102.h(102): warning:  #1-D: last line of file ends without a newline
  //#endif /* MAX30102_H_ */
..\Drivers\MAX30102\algorithm.h(102): warning:  #1-D: last line of file ends without a newline
  #endif /* ALGORITHM_H_ */
main.cpp(88): warning:  #177-D: variable "i"  was declared but never referenced
  	int i = 0;
main.cpp(159): warning:  #780-D: reference is to variable "i"  (declared at line 52) -- under old for-init scoping rules it would have been variable "i"  (declared at line 132)
  	un_prev_data=aun_red_buffer[i];
main.cpp(206): warning:  #940-D: missing return statement at end of non-void function "findigit" 
  }
main.cpp(362): warning:  #780-D: reference is to variable "i"  (declared at line 52) -- under old for-init scoping rules it would have been variable "i"  (declared at line 321)
  	i =  0;
main.cpp: 6 warnings, 0 errors
compiling stm32l4xx_hal_i2c_ex.c...
compiling stm32l4xx_hal_tim.c...
compiling stm32l4xx_hal_i2c.c...
compiling stm32l4xx_hal_tim_ex.c...
compiling stm32l4xx_hal_uart_ex.c...
compiling stm32l4xx_hal_uart.c...
compiling stm32l4xx_hal.c...
compiling stm32l4xx_hal_rcc.c...
compiling stm32l4xx_hal_rcc_ex.c...
compiling stm32l4xx_hal_flash.c...
compiling stm32l4xx_hal_flash_ramfunc.c...
compiling stm32l4xx_hal_flash_ex.c...
compiling stm32l4xx_hal_gpio.c...
compiling stm32l4xx_hal_dma_ex.c...
compiling stm32l4xx_hal_dma.c...
compiling stm32l4xx_hal_cortex.c...
compiling stm32l4xx_hal_pwr.c...
compiling stm32l4xx_hal_pwr_ex.c...
compiling stm32l4xx_hal_exti.c...
compiling system_stm32l4xx.c...
compiling algorithm.cpp...
..\Drivers\MAX30102\algorithm.h(102): warning:  #1-D: last line of file ends without a newline
  #endif /* ALGORITHM_H_ */
..\Drivers\MAX30102\algorithm.cpp: 1 warning, 0 errors
compiling retarget_io.c...
compiling max30102.cpp...
..\Drivers\MAX30102\max30102.h(102): warning:  #1-D: last line of file ends without a newline
  //#endif /* MAX30102_H_ */
..\Drivers\MAX30102\max30102.cpp(101): warning:  #177-D: variable "i"  was declared but never referenced
  		int i = 0;
..\Drivers\MAX30102\max30102.cpp(97): warning:  #177-D: variable "i"  was declared but never referenced
  	int i = 0;
..\Drivers\MAX30102\max30102.cpp(116): warning:  #940-D: missing return statement at end of non-void function "maxim_max30102_restart" 
  }
..\Drivers\MAX30102\max30102.cpp(179): warning:  #177-D: variable "ok"  was declared but never referenced
  	bool ok = false;
..\Drivers\MAX30102\max30102.cpp(180): warning:  #177-D: variable "i"  was declared but never referenced
  	int i = 0;
..\Drivers\MAX30102\max30102.cpp: 6 warnings, 0 errors
compiling Adafruit_GPS.cpp...
..\Drivers\GPS\Adafruit_GPS.cpp(265): warning:  #940-D: missing return statement at end of non-void function "parseHex" 
  }
..\Drivers\GPS\Adafruit_GPS.cpp(302): warning:  #68-D: integer conversion resulted in a change of sign
    for (i=0; i<10; i++) parsed[i] = -1;
..\Drivers\GPS\Adafruit_GPS.cpp(360): warning:  #1-D: last line of file ends without a newline
  }
..\Drivers\GPS\Adafruit_GPS.cpp: 3 warnings, 0 errors
linking...
Program Size: Code=23992 RO-data=948 RW-data=192 ZI-data=11592  
FromELF: creating hex file...
"new_med_device\new_med_device.axf" - 0 Error(s), 16 Warning(s).

<h2>Software Packages used:</h2>

Package Vendor: ARM
                http://www.keil.com/pack/ARM.CMSIS.5.4.0.pack
                ARM.CMSIS.5.4.0
                CMSIS (Cortex Microcontroller Software Interface Standard)
   * Component: CORE Version: 5.1.2

Package Vendor: Keil
                http://www.keil.com/pack/Keil.ARM_Compiler.1.6.0.pack
                Keil.ARM_Compiler.1.6.0
                Keil ARM Compiler extensions for ARM Compiler 5 and ARM Compiler 6
   * Component: STDERR Variant: ITM Version: 1.2.0
   * Component: STDIN Variant: ITM Version: 1.2.0
   * Component: STDOUT Variant: ITM Version: 1.2.0

Package Vendor: Keil
                http://www.keil.com/pack/Keil.STM32L4xx_DFP.2.2.0.pack
                Keil.STM32L4xx_DFP.2.2.0
                STMicroelectronics STM32L4 Series Device Support, Drivers and Examples

<h2>Collection of Component include folders:</h2>
  .\RTE\_new_med_device
  C:\Keil_v5\ARM\PACK\ARM\CMSIS\5.4.0\CMSIS\Core\Include
  C:\Keil_v5\ARM\PACK\Keil\STM32L4xx_DFP\2.2.0\Drivers\CMSIS\Device\ST\STM32L4xx\Include

<h2>Collection of Component Files used:</h2>

   * Component: ARM::CMSIS:CORE:5.1.2

   * Component: Keil.ARM Compiler::Compiler:I/O:STDERR:ITM:1.2.0
      Source file:   Source\retarget_io.c

   * Component: Keil.ARM Compiler::Compiler:I/O:STDIN:ITM:1.2.0
      Source file:   Source\retarget_io.c

   * Component: Keil.ARM Compiler::Compiler:I/O:STDOUT:ITM:1.2.0
      Source file:   Source\retarget_io.c
Build Time Elapsed:  00:00:58
</pre>
</body>
</html>
