Component: ARM Compiler 5.06 update 6 (build 750) Tool: armlink [4d35ed]

==============================================================================

Section Cross References

    startup_stm32l432xx.o(RESET) refers to startup_stm32l432xx.o(STACK) for __initial_sp
    startup_stm32l432xx.o(RESET) refers to startup_stm32l432xx.o(.text) for Reset_Handler
    startup_stm32l432xx.o(RESET) refers to stm32l4xx_it.o(i.NMI_Handler) for NMI_Handler
    startup_stm32l432xx.o(RESET) refers to stm32l4xx_it.o(i.HardFault_Handler) for HardFault_Handler
    startup_stm32l432xx.o(RESET) refers to stm32l4xx_it.o(i.MemManage_Handler) for MemManage_Handler
    startup_stm32l432xx.o(RESET) refers to stm32l4xx_it.o(i.BusFault_Handler) for BusFault_Handler
    startup_stm32l432xx.o(RESET) refers to stm32l4xx_it.o(i.UsageFault_Handler) for UsageFault_Handler
    startup_stm32l432xx.o(RESET) refers to stm32l4xx_it.o(i.SVC_Handler) for SVC_Handler
    startup_stm32l432xx.o(RESET) refers to stm32l4xx_it.o(i.DebugMon_Handler) for DebugMon_Handler
    startup_stm32l432xx.o(RESET) refers to stm32l4xx_it.o(i.PendSV_Handler) for PendSV_Handler
    startup_stm32l432xx.o(RESET) refers to stm32l4xx_it.o(i.SysTick_Handler) for SysTick_Handler
    startup_stm32l432xx.o(RESET) refers to stm32l4xx_it.o(i.RCC_IRQHandler) for RCC_IRQHandler
    startup_stm32l432xx.o(RESET) refers to stm32l4xx_it.o(i.EXTI0_IRQHandler) for EXTI0_IRQHandler
    startup_stm32l432xx.o(RESET) refers to stm32l4xx_it.o(i.EXTI1_IRQHandler) for EXTI1_IRQHandler
    startup_stm32l432xx.o(RESET) refers to stm32l4xx_it.o(i.TIM1_UP_TIM16_IRQHandler) for TIM1_UP_TIM16_IRQHandler
    startup_stm32l432xx.o(RESET) refers to stm32l4xx_it.o(i.I2C1_EV_IRQHandler) for I2C1_EV_IRQHandler
    startup_stm32l432xx.o(RESET) refers to stm32l4xx_it.o(i.I2C1_ER_IRQHandler) for I2C1_ER_IRQHandler
    startup_stm32l432xx.o(RESET) refers to stm32l4xx_it.o(i.USART1_IRQHandler) for USART1_IRQHandler
    startup_stm32l432xx.o(RESET) refers to stm32l4xx_it.o(i.USART2_IRQHandler) for USART2_IRQHandler
    startup_stm32l432xx.o(.text) refers to system_stm32l4xx.o(i.SystemInit) for SystemInit
    startup_stm32l432xx.o(.text) refers to entry.o(.ARM.Collect$$$$00000000) for __main
    main.o(i.HAL_GPIO_EXTI_Callback) refers to main.o(.data) for .data
    main.o(i.HAL_TIM_PeriodElapsedCallback) refers to stm32l4xx_hal_gpio.o(i.HAL_GPIO_TogglePin) for HAL_GPIO_TogglePin
    main.o(i.HAL_TIM_PeriodElapsedCallback) refers to stm32l4xx_hal_uart.o(i.HAL_UART_Transmit_IT) for HAL_UART_Transmit_IT
    main.o(i.HAL_TIM_PeriodElapsedCallback) refers to main.o(.data) for .data
    main.o(i.HAL_TIM_PeriodElapsedCallback) refers to main.o(.bss) for .bss
    main.o(i.HAL_UART_RxCpltCallback) refers to stm32l4xx_hal_uart.o(i.HAL_UART_Receive_IT) for HAL_UART_Receive_IT
    main.o(i.HAL_UART_RxCpltCallback) refers to adafruit_gps.o(i._Z4readh) for read(unsigned char)
    main.o(i.HAL_UART_RxCpltCallback) refers to adafruit_gps.o(i._Z15newNMEAreceivedv) for newNMEAreceived()
    main.o(i.HAL_UART_RxCpltCallback) refers to adafruit_gps.o(i._Z8lastNMEAv) for lastNMEA()
    main.o(i.HAL_UART_RxCpltCallback) refers to adafruit_gps.o(i._Z5parsePc) for parse(char*)
    main.o(i.HAL_UART_RxCpltCallback) refers to printfa.o(i.__0printf) for __2printf
    main.o(i.HAL_UART_RxCpltCallback) refers to f2d.o(.text) for __aeabi_f2d
    main.o(i.HAL_UART_RxCpltCallback) refers to main.o(.data) for .data
    main.o(i.HAL_UART_RxCpltCallback) refers to main.o(.bss) for .bss
    main.o(i.HAL_UART_RxCpltCallback) refers to adafruit_gps.o(.data) for milliseconds
    main.o(i._Z10setPackagePhftt) refers to main.o(i._Z8findigitf) for findigit(float)
    main.o(i._Z10setPackagePhftt) refers to main.o(.data) for .data
    main.o(i._Z11quick_pow10i) refers to main.o(.data) for .data
    main.o(i._Z12MX_GPIO_Initv) refers to memseta.o(.text) for __aeabi_memclr4
    main.o(i._Z12MX_GPIO_Initv) refers to stm32l4xx_hal_gpio.o(i.HAL_GPIO_WritePin) for HAL_GPIO_WritePin
    main.o(i._Z12MX_GPIO_Initv) refers to stm32l4xx_hal_gpio.o(i.HAL_GPIO_Init) for HAL_GPIO_Init
    main.o(i._Z12MX_GPIO_Initv) refers to stm32l4xx_hal_cortex.o(i.HAL_NVIC_SetPriority) for HAL_NVIC_SetPriority
    main.o(i._Z12MX_GPIO_Initv) refers to stm32l4xx_hal_cortex.o(i.HAL_NVIC_EnableIRQ) for HAL_NVIC_EnableIRQ
    main.o(i._Z12MX_I2C1_Initv) refers to stm32l4xx_hal_i2c.o(i.HAL_I2C_Init) for HAL_I2C_Init
    main.o(i._Z12MX_I2C1_Initv) refers to stm32l4xx_hal_i2c_ex.o(i.HAL_I2CEx_ConfigAnalogFilter) for HAL_I2CEx_ConfigAnalogFilter
    main.o(i._Z12MX_I2C1_Initv) refers to stm32l4xx_hal_i2c_ex.o(i.HAL_I2CEx_ConfigDigitalFilter) for HAL_I2CEx_ConfigDigitalFilter
    main.o(i._Z12MX_I2C1_Initv) refers to main.o(.bss) for .bss
    main.o(i._Z13resetButStatev) refers to main.o(.data) for .data
    main.o(i._Z15convertDMStoGPSf) refers to floorf.o(i.__hardfp_floorf) for __hardfp_floorf
    main.o(i._Z16string2hexStringPcS_) refers to printfa.o(i.__0sprintf) for __2sprintf
[...]
    i.HAL_MspInit                            0x080017b8   Section        0  stm32l4xx_hal_msp.o(i.HAL_MspInit)
    i.HAL_NVIC_EnableIRQ                     0x080017f4   Section        0  stm32l4xx_hal_cortex.o(i.HAL_NVIC_EnableIRQ)
    i.HAL_NVIC_SetPriority                   0x0800180c   Section        0  stm32l4xx_hal_cortex.o(i.HAL_NVIC_SetPriority)
    i.HAL_NVIC_SetPriorityGrouping           0x0800184c   Section        0  stm32l4xx_hal_cortex.o(i.HAL_NVIC_SetPriorityGrouping)
    i.HAL_PWREx_ControlVoltageScaling        0x08001870   Section        0  stm32l4xx_hal_pwr_ex.o(i.HAL_PWREx_ControlVoltageScaling)
    i.HAL_PWREx_GetVoltageRange              0x080018d8   Section        0  stm32l4xx_hal_pwr_ex.o(i.HAL_PWREx_GetVoltageRange)
    i.HAL_PWR_EnableBkUpAccess               0x080018e8   Section        0  stm32l4xx_hal_pwr.o(i.HAL_PWR_EnableBkUpAccess)
    i.HAL_RCCEx_EnableMSIPLLMode             0x080018f8   Section        0  stm32l4xx_hal_rcc_ex.o(i.HAL_RCCEx_EnableMSIPLLMode)
    i.HAL_RCCEx_PeriphCLKConfig              0x08001908   Section        0  stm32l4xx_hal_rcc_ex.o(i.HAL_RCCEx_PeriphCLKConfig)
    i.HAL_RCC_ClockConfig                    0x08001b94   Section        0  stm32l4xx_hal_rcc.o(i.HAL_RCC_ClockConfig)
    i.HAL_RCC_GetPCLK1Freq                   0x08001cac   Section        0  stm32l4xx_hal_rcc.o(i.HAL_RCC_GetPCLK1Freq)
    i.HAL_RCC_GetPCLK2Freq                   0x08001cd0   Section        0  stm32l4xx_hal_rcc.o(i.HAL_RCC_GetPCLK2Freq)
    i.HAL_RCC_GetSysClockFreq                0x08001cf4   Section        0  stm32l4xx_hal_rcc.o(i.HAL_RCC_GetSysClockFreq)
    i.HAL_RCC_OscConfig                      0x08001d98   Section        0  stm32l4xx_hal_rcc.o(i.HAL_RCC_OscConfig)
    i.HAL_SYSTICK_Config                     0x08002250   Section        0  stm32l4xx_hal_cortex.o(i.HAL_SYSTICK_Config)
    i.HAL_TIMEx_Break2Callback               0x08002278   Section        0  stm32l4xx_hal_tim_ex.o(i.HAL_TIMEx_Break2Callback)
    i.HAL_TIMEx_BreakCallback                0x0800227a   Section        0  stm32l4xx_hal_tim_ex.o(i.HAL_TIMEx_BreakCallback)
    i.HAL_TIMEx_CommutationCallback          0x0800227c   Section        0  stm32l4xx_hal_tim_ex.o(i.HAL_TIMEx_CommutationCallback)
    i.HAL_TIM_Base_Init                      0x0800227e   Section        0  stm32l4xx_hal_tim.o(i.HAL_TIM_Base_Init)
    i.HAL_TIM_Base_MspInit                   0x080022b4   Section        0  stm32l4xx_hal_msp.o(i.HAL_TIM_Base_MspInit)
    i.HAL_TIM_Base_Start_IT                  0x080022f0   Section        0  stm32l4xx_hal_tim.o(i.HAL_TIM_Base_Start_IT)
    i.HAL_TIM_IC_CaptureCallback             0x08002320   Section        0  stm32l4xx_hal_tim.o(i.HAL_TIM_IC_CaptureCallback)
    i.HAL_TIM_IRQHandler                     0x08002322   Section        0  stm32l4xx_hal_tim.o(i.HAL_TIM_IRQHandler)
    i.HAL_TIM_OC_DelayElapsedCallback        0x080024a6   Section        0  stm32l4xx_hal_tim.o(i.HAL_TIM_OC_DelayElapsedCallback)
    i.HAL_TIM_PWM_PulseFinishedCallback      0x080024a8   Section        0  stm32l4xx_hal_tim.o(i.HAL_TIM_PWM_PulseFinishedCallback)
    i.HAL_TIM_PeriodElapsedCallback          0x080024ac   Section        0  main.o(i.HAL_TIM_PeriodElapsedCallback)
    i.HAL_TIM_TriggerCallback                0x080024e4   Section        0  stm32l4xx_hal_tim.o(i.HAL_TIM_TriggerCallback)
    i.HAL_UARTEx_WakeupCallback              0x080024e6   Section        0  stm32l4xx_hal_uart_ex.o(i.HAL_UARTEx_WakeupCallback)
    i.HAL_UART_ErrorCallback                 0x080024e8   Section        0  stm32l4xx_hal_uart.o(i.HAL_UART_ErrorCallback)
    i.HAL_UART_IRQHandler                    0x080024ec   Section        0  stm32l4xx_hal_uart.o(i.HAL_UART_IRQHandler)
    i.HAL_UART_Init                          0x08002630   Section        0  stm32l4xx_hal_uart.o(i.HAL_UART_Init)
    i.HAL_UART_MspInit                       0x0800269c   Section        0  stm32l4xx_hal_msp.o(i.HAL_UART_MspInit)
    i.HAL_UART_Receive_IT                    0x08002760   Section        0  stm32l4xx_hal_uart.o(i.HAL_UART_Receive_IT)
    i.HAL_UART_RxCpltCallback                0x0800280c   Section        0  main.o(i.HAL_UART_RxCpltCallback)
    i.HAL_UART_Transmit                      0x08002a20   Section        0  stm32l4xx_hal_uart.o(i.HAL_UART_Transmit)
    i.HAL_UART_Transmit_IT                   0x08002ad0   Section        0  stm32l4xx_hal_uart.o(i.HAL_UART_Transmit_IT)
    i.HAL_UART_TxCpltCallback                0x08002b38   Section        0  main.o(i.HAL_UART_TxCpltCallback)
    i.HardFault_Handler                      0x08002b3a   Section        0  stm32l4xx_it.o(i.HardFault_Handler)
    i.I2C1_ER_IRQHandler                     0x08002b3c   Section        0  stm32l4xx_it.o(i.I2C1_ER_IRQHandler)
    i.I2C1_EV_IRQHandler                     0x08002b48   Section        0  stm32l4xx_it.o(i.I2C1_EV_IRQHandler)
    i.I2C_DMAAbort                           0x08002b54   Section        0  stm32l4xx_hal_i2c.o(i.I2C_DMAAbort)
    I2C_DMAAbort                             0x08002b55   Thumb Code    40  stm32l4xx_hal_i2c.o(i.I2C_DMAAbort)
    i.I2C_Disable_IRQ                        0x08002b7c   Section        0  stm32l4xx_hal_i2c.o(i.I2C_Disable_IRQ)
    I2C_Disable_IRQ                          0x08002b7d   Thumb Code    84  stm32l4xx_hal_i2c.o(i.I2C_Disable_IRQ)
    i.I2C_Flush_TXDR                         0x08002bd0   Section        0  stm32l4xx_hal_i2c.o(i.I2C_Flush_TXDR)
    I2C_Flush_TXDR                           0x08002bd1   Thumb Code    34  stm32l4xx_hal_i2c.o(i.I2C_Flush_TXDR)
    i.I2C_ITAddrCplt                         0x08002bf2   Section        0  stm32l4xx_hal_i2c.o(i.I2C_ITAddrCplt)
    I2C_ITAddrCplt                           0x08002bf3   Thumb Code   136  stm32l4xx_hal_i2c.o(i.I2C_ITAddrCplt)
    i.I2C_ITError                            0x08002c7c   Section        0  stm32l4xx_hal_i2c.o(i.I2C_ITError)
    I2C_ITError                              0x08002c7d   Thumb Code   210  stm32l4xx_hal_i2c.o(i.I2C_ITError)
    i.I2C_ITListenCplt                       0x08002d5c   Section        0  stm32l4xx_hal_i2c.o(i.I2C_ITListenCplt)
    I2C_ITListenCplt                         0x08002d5d   Thumb Code    92  stm32l4xx_hal_i2c.o(i.I2C_ITListenCplt)
    i.I2C_ITSlaveCplt                        0x08002dbc   Section        0  stm32l4xx_hal_i2c.o(i.I2C_ITSlaveCplt)
    I2C_ITSlaveCplt                          0x08002dbd   Thumb Code   226  stm32l4xx_hal_i2c.o(i.I2C_ITSlaveCplt)
    i.I2C_ITSlaveSequentialCplt              0x08002ea8   Section        0  stm32l4xx_hal_i2c.o(i.I2C_ITSlaveSequentialCplt)
    I2C_ITSlaveSequentialCplt                0x08002ea9   Thumb Code    84  stm32l4xx_hal_i2c.o(i.I2C_ITSlaveSequentialCplt)
    i.I2C_IsAcknowledgeFailed                0x08002efc   Section        0  stm32l4xx_hal_i2c.o(i.I2C_IsAcknowledgeFailed)
    I2C_IsAcknowledgeFailed                  0x08002efd   Thumb Code   128  stm32l4xx_hal_i2c.o(i.I2C_IsAcknowledgeFailed)
    i.I2C_Slave_ISR_IT                       0x08002f80   Section        0  stm32l4xx_hal_i2c.o(i.I2C_Slave_ISR_IT)
    I2C_Slave_ISR_IT                         0x08002f81   Thumb Code   282  stm32l4xx_hal_i2c.o(i.I2C_Slave_ISR_IT)
    i.I2C_TransferConfig                     0x080030a0   Section        0  stm32l4xx_hal_i2c.o(i.I2C_TransferConfig)
    I2C_TransferConfig                       0x080030a1   Thumb Code    40  stm32l4xx_hal_i2c.o(i.I2C_TransferConfig)
    i.I2C_WaitOnFlagUntilTimeout             0x080030cc   Section        0  stm32l4xx_hal_i2c.o(i.I2C_WaitOnFlagUntilTimeout)
    I2C_WaitOnFlagUntilTimeout               0x080030cd   Thumb Code    88  stm32l4xx_hal_i2c.o(i.I2C_WaitOnFlagUntilTimeout)
    i.I2C_WaitOnRXNEFlagUntilTimeout         0x08003124   Section        0  stm32l4xx_hal_i2c.o(i.I2C_WaitOnRXNEFlagUntilTimeout)
    I2C_WaitOnRXNEFlagUntilTimeout           0x08003125   Thumb Code   128  stm32l4xx_hal_i2c.o(i.I2C_WaitOnRXNEFlagUntilTimeout)
    i.I2C_WaitOnSTOPFlagUntilTimeout         0x080031a8   Section        0  stm32l4xx_hal_i2c.o(i.I2C_WaitOnSTOPFlagUntilTimeout)
    I2C_WaitOnSTOPFlagUntilTimeout           0x080031a9   Thumb Code    76  stm32l4xx_hal_i2c.o(i.I2C_WaitOnSTOPFlagUntilTimeout)
    i.I2C_WaitOnTXISFlagUntilTimeout         0x080031f4   Section        0  stm32l4xx_hal_i2c.o(i.I2C_WaitOnTXISFlagUntilTimeout)
    I2C_WaitOnTXISFlagUntilTimeout           0x080031f5   Thumb Code    80  stm32l4xx_hal_i2c.o(i.I2C_WaitOnTXISFlagUntilTimeout)
    i.ITM_SendChar                           0x08003244   Section        0  retarget_io.o(i.ITM_SendChar)
    i.MemManage_Handler                      0x08003268   Section        0  stm32l4xx_it.o(i.MemManage_Handler)
    i.NMI_Handler                            0x0800326a   Section        0  stm32l4xx_it.o(i.NMI_Handler)
    i.NVIC_SetPriority                       0x0800326c   Section        0  stm32l4xx_hal_cortex.o(i.NVIC_SetPriority)
    NVIC_SetPriority                         0x0800326d   Thumb Code    32  stm32l4xx_hal_cortex.o(i.NVIC_SetPriority)
    i.PendSV_Handler                         0x0800328c   Section        0  stm32l4xx_it.o(i.PendSV_Handler)
    i.RCCEx_PLLSAI1_Config                   0x08003290   Section        0  stm32l4xx_hal_rcc_ex.o(i.RCCEx_PLLSAI1_Config)
    RCCEx_PLLSAI1_Config                     0x08003291   Thumb Code   278  stm32l4xx_hal_rcc_ex.o(i.RCCEx_PLLSAI1_Config)
    i.RCC_IRQHandler                         0x080033bc   Section        0  stm32l4xx_it.o(i.RCC_IRQHandler)
    i.RCC_SetFlashLatencyFromMSIRange        0x080033c0   Section        0  stm32l4xx_hal_rcc.o(i.RCC_SetFlashLatencyFromMSIRange)
    RCC_SetFlashLatencyFromMSIRange          0x080033c1   Thumb Code   116  stm32l4xx_hal_rcc.o(i.RCC_SetFlashLatencyFromMSIRange)
    i.SVC_Handler                            0x0800343c   Section        0  stm32l4xx_it.o(i.SVC_Handler)
    i.SysTick_Handler                        0x0800343e   Section        0  stm32l4xx_it.o(i.SysTick_Handler)
    i.SystemInit                             0x08003444   Section        0  system_stm32l4xx.o(i.SystemInit)
    i.TIM1_UP_TIM16_IRQHandler               0x08003488   Section        0  stm32l4xx_it.o(i.TIM1_UP_TIM16_IRQHandler)
    i.TIM_Base_SetConfig                     0x08003494   Section        0  stm32l4xx_hal_tim.o(i.TIM_Base_SetConfig)
    i.UART_AdvFeatureConfig                  0x08003500   Section        0  stm32l4xx_hal_uart.o(i.UART_AdvFeatureConfig)
    i.UART_CheckIdleState                    0x080035c8   Section        0  stm32l4xx_hal_uart.o(i.UART_CheckIdleState)
    i.UART_DMAAbortOnError                   0x08003624   Section        0  stm32l4xx_hal_uart.o(i.UART_DMAAbortOnError)
    UART_DMAAbortOnError                     0x08003625   Thumb Code    20  stm32l4xx_hal_uart.o(i.UART_DMAAbortOnError)
    i.UART_EndRxTransfer                     0x08003638   Section        0  stm32l4xx_hal_uart.o(i.UART_EndRxTransfer)
    UART_EndRxTransfer                       0x08003639   Thumb Code    32  stm32l4xx_hal_uart.o(i.UART_EndRxTransfer)
    i.UART_RxISR_16BIT                       0x08003658   Section        0  stm32l4xx_hal_uart.o(i.UART_RxISR_16BIT)
    UART_RxISR_16BIT                         0x08003659   Thumb Code    92  stm32l4xx_hal_uart.o(i.UART_RxISR_16BIT)
    i.UART_RxISR_8BIT                        0x080036b4   Section        0  stm32l4xx_hal_uart.o(i.UART_RxISR_8BIT)
    UART_RxISR_8BIT                          0x080036b5   Thumb Code    90  stm32l4xx_hal_uart.o(i.UART_RxISR_8BIT)
    i.UART_SetConfig                         0x08003710   Section        0  stm32l4xx_hal_uart.o(i.UART_SetConfig)
    i.UART_TxISR_16BIT                       0x08003944   Section        0  stm32l4xx_hal_uart.o(i.UART_TxISR_16BIT)
    UART_TxISR_16BIT                         0x08003945   Thumb Code    66  stm32l4xx_hal_uart.o(i.UART_TxISR_16BIT)
    i.UART_TxISR_8BIT                        0x08003986   Section        0  stm32l4xx_hal_uart.o(i.UART_TxISR_8BIT)
    UART_TxISR_8BIT                          0x08003987   Thumb Code    60  stm32l4xx_hal_uart.o(i.UART_TxISR_8BIT)
    i.UART_WaitOnFlagUntilTimeout            0x080039c2   Section        0  stm32l4xx_hal_uart.o(i.UART_WaitOnFlagUntilTimeout)
    i.USART1_IRQHandler                      0x08003a28   Section        0  stm32l4xx_it.o(i.USART1_IRQHandler)
    i.USART2_IRQHandler                      0x08003a34   Section        0  stm32l4xx_it.o(i.USART2_IRQHandler)
    i.UsageFault_Handler                     0x08003a40   Section        0  stm32l4xx_it.o(i.UsageFault_Handler)
    i._Z10setPackagePhftt                    0x08003a44   Section        0  main.o(i._Z10setPackagePhftt)
    i._Z11common_initv                       0x08003ad4   Section        0  adafruit_gps.o(i._Z11common_initv)
    i._Z11sendCommand20__UART_HandleTypeDefPc 0x08003b34   Section        0  adafruit_gps.o(i._Z11sendCommand20__UART_HandleTypeDefPc)
    i._Z12Adafruit_GPS20__UART_HandleTypeDef 0x08003b70   Section        0  adafruit_gps.o(i._Z12Adafruit_GPS20__UART_HandleTypeDef)
    i._Z12MX_GPIO_Initv                      0x08003b74   Section        0  main.o(i._Z12MX_GPIO_Initv)
    MX_GPIO_Init()                           0x08003b75   Thumb Code   152  main.o(i._Z12MX_GPIO_Initv)
    i._Z12MX_I2C1_Initv                      0x08003c18   Section        0  main.o(i._Z12MX_I2C1_Initv)
    MX_I2C1_Init()                           0x08003c19   Thumb Code    54  main.o(i._Z12MX_I2C1_Initv)
    i._Z15convertDMStoGPSf                   0x08003c5c   Section        0  main.o(i._Z15convertDMStoGPSf)
    i._Z15newNMEAreceivedv                   0x08003cc8   Section        0  adafruit_gps.o(i._Z15newNMEAreceivedv)
    i._Z16maxim_find_peaksPiS_S_iiii         0x08003cd4   Section        0  algorithm.o(i._Z16maxim_find_peaksPiS_S_iiii)
    i._Z17maxim_sort_ascendPii               0x08003d08   Section        0  algorithm.o(i._Z17maxim_sort_ascendPii)
    i._Z18SystemClock_Configv                0x08003d3c   Section        0  main.o(i._Z18SystemClock_Configv)
    i._Z19MX_USART1_UART_Initv               0x08003dd0   Section        0  main.o(i._Z19MX_USART1_UART_Initv)
    MX_USART1_UART_Init()                    0x08003dd1   Thumb Code    36  main.o(i._Z19MX_USART1_UART_Initv)
    i._Z19MX_USART2_UART_Initv               0x08003dfc   Section        0  main.o(i._Z19MX_USART2_UART_Initv)
    MX_USART2_UART_Init()                    0x08003dfd   Thumb Code    36  main.o(i._Z19MX_USART2_UART_Initv)
    i._Z19maxim_max30102_init19__I2C_HandleTypeDef 0x08003e28   Section        0  max30102.o(i._Z19maxim_max30102_init19__I2C_HandleTypeDef)
    i._Z20maxim_max30102_reset19__I2C_HandleTypeDef 0x08004232   Section        0  max30102.o(i._Z20maxim_max30102_reset19__I2C_HandleTypeDef)
    i._Z22maxim_max30102_restart19__I2C_HandleTypeDef 0x0800429e   Section        0  max30102.o(i._Z22maxim_max30102_restart19__I2C_HandleTypeDef)
    i._Z23maxim_max30102_read_reg19__I2C_HandleTypeDefhPh 0x08004358   Section        0  max30102.o(i._Z23maxim_max30102_read_reg19__I2C_HandleTypeDefhPh)
    i._Z24maxim_max30102_read_fifo19__I2C_HandleTypeDefPjS0_ 0x0800439c   Section        0  max30102.o(i._Z24maxim_max30102_read_fifo19__I2C_HandleTypeDefPjS0_)
    i._Z24maxim_max30102_write_reg19__I2C_HandleTypeDefhh 0x080044de   Section        0  max30102.o(i._Z24maxim_max30102_write_reg19__I2C_HandleTypeDefhh)
    i._Z24maxim_remove_close_peaksPiS_S_i    0x0800450c   Section        0  algorithm.o(i._Z24maxim_remove_close_peaksPiS_S_i)
    i._Z26maxim_sort_indices_descendPiS_i    0x08004578   Section        0  algorithm.o(i._Z26maxim_sort_indices_descendPiS_i)
    i._Z28maxim_peaks_above_min_heightPiS_S_ii 0x080045b2   Section        0  algorithm.o(i._Z28maxim_peaks_above_min_heightPiS_S_ii)
    i._Z38maxim_heart_rate_and_oxygen_saturationPjiS_PiPaS0_S1_ 0x0800461c   Section        0  algorithm.o(i._Z38maxim_heart_rate_and_oxygen_saturationPjiS_PiPaS0_S1_)
    i._Z4readh                               0x08004a4c   Section        0  adafruit_gps.o(i._Z4readh)
    i._Z5parsePc                             0x08004aa4   Section        0  adafruit_gps.o(i._Z5parsePc)
    i._Z8findigitf                           0x08004e54   Section        0  main.o(i._Z8findigitf)
    i._Z8lastNMEAv                           0x08004eac   Section        0  adafruit_gps.o(i._Z8lastNMEAv)
    i._Z8parseHexc                           0x08004ebc   Section        0  adafruit_gps.o(i._Z8parseHexc)
    i._Z9calibratev                          0x08004edc   Section        0  main.o(i._Z9calibratev)
    i._ZSt6strchrPci                         0x08005016   Section        0  adafruit_gps.o(i._ZSt6strchrPci)
    i.__0printf                              0x0800501c   Section        0  printfa.o(i.__0printf)
    i.__aeabi_errno_addr                     0x0800503c   Section        0  errno.o(i.__aeabi_errno_addr)
    i.__hardfp_atof                          0x08005048   Section        0  atof.o(i.__hardfp_atof)
    i.__hardfp_floorf                        0x08005080   Section        0  floorf.o(i.__hardfp_floorf)
    i.__hardfp_fmod                          0x080050f0   Section        0  fmod.o(i.__hardfp_fmod)
    i.__mathlib_dbl_invalid                  0x080051f8   Section        0  dunder.o(i.__mathlib_dbl_invalid)
    i.__read_errno                           0x08005218   Section        0  errno.o(i.__read_errno)
    i.__scatterload_copy                     0x08005224   Section       14  handlers.o(i.__scatterload_copy)
    i.__scatterload_null                     0x08005232   Section        2  handlers.o(i.__scatterload_null)
    i.__scatterload_zeroinit                 0x08005234   Section       14  handlers.o(i.__scatterload_zeroinit)
    i.__set_errno                            0x08005244   Section        0  errno.o(i.__set_errno)
    i._fp_digits                             0x08005250   Section        0  printfa.o(i._fp_digits)
    _fp_digits                               0x08005251   Thumb Code   366  printfa.o(i._fp_digits)
    i._is_digit                              0x080053da   Section        0  scanf_fp.o(i._is_digit)
    i._printf_core                           0x080053e8   Section        0  printfa.o(i._printf_core)
    _printf_core                             0x080053e9   Thumb Code  1744  printfa.o(i._printf_core)
    i._printf_post_padding                   0x08005aca   Section        0  printfa.o(i._printf_post_padding)
    _printf_post_padding                     0x08005acb   Thumb Code    36  printfa.o(i._printf_post_padding)
    i._printf_pre_padding                    0x08005aee   Section        0  printfa.o(i._printf_pre_padding)
    _printf_pre_padding                      0x08005aef   Thumb Code    46  printfa.o(i._printf_pre_padding)
    i.fputc                                  0x08005b1c   Section        0  retarget_io.o(i.fputc)
    i.main                                   0x08005b3c   Section        0  main.o(i.main)
    .constdata                               0x0800633c   Section       64  system_stm32l4xx.o(.constdata)
    .constdata                               0x0800637c   Section        8  system_stm32l4xx.o(.constdata)
    .constdata                               0x08006384   Section      246  algorithm.o(.constdata)
    auw_hamm                                 0x08006384   Data          62  algorithm.o(.constdata)
    uch_spo2_table                           0x080063c2   Data         184  algorithm.o(.constdata)
    .constdata                               0x0800647a   Section      129  ctype_o.o(.constdata)
    .constdata                               0x080064fc   Section        4  ctype_o.o(.constdata)
    table                                    0x080064fc   Data           4  ctype_o.o(.constdata)
    .data                                    0x20000000   Section      168  main.o(.data)
    pow10                                    0x20000080   Data          40  main.o(.data)
    .data                                    0x200000a8   Section        4  stm32l4xx_hal.o(.data)
    .data                                    0x200000ac   Section        4  system_stm32l4xx.o(.data)
    .data                                    0x200000b0   Section       72  adafruit_gps.o(.data)
    .data                                    0x200000f8   Section        4  stdout.o(.data)
    .data                                    0x200000fc   Section        4  stderr.o(.data)
    .data                                    0x20000100   Section        4  errno.o(.data)
    _errno                                   0x20000100   Data           4  errno.o(.data)
    .bss                                     0x20000104   Section     4408  main.o(.bss)
    .bss                                     0x2000123c   Section     5984  algorithm.o(.bss)
    an_dx                                    0x2000123c   Data        1984  algorithm.o(.bss)
    an_x                                     0x200019fc   Data        2000  algorithm.o(.bss)
    an_y                                     0x200021cc   Data        2000  algorithm.o(.bss)
    .bss                                     0x2000299c   Section      240  adafruit_gps.o(.bss)
    STACK                                    0x20002a90   Section     1024  startup_stm32l432xx.o(STACK)

    Global Symbols

    Symbol Name                              Value     Ov Type        Size  Object(Section)

    BuildAttributes$$THM_ISAv4$E$P$D$K$B$S$7EM$VFPi3$EXTD16$VFPS$VFMA$PE$A:L22UL41UL21$X:L11$S22US41US21$IEEE1$IW$USESV6$~STKCKD$USESV7$~SHL$OTIME$ROPI$IEEEX$EBA8$MICROLIB$REQ8$PRES8$EABIv2 0x00000000   Number         0  anon$$obj.o ABSOLUTE
    __ARM_use_no_argv                        0x00000000   Number         0  main.o ABSOLUTE
    _printf_a                                0x00000000   Number         0  stubs.o ABSOLUTE
    _printf_c                                0x00000000   Number         0  stubs.o ABSOLUTE
    _printf_charcount                        0x00000000   Number         0  stubs.o ABSOLUTE
    _printf_d                                0x00000000   Number         0  stubs.o ABSOLUTE
    _printf_e                                0x00000000   Number         0  stubs.o ABSOLUTE
    _printf_f                                0x00000000   Number         0  stubs.o ABSOLUTE
    _printf_flags                            0x00000000   Number         0  stubs.o ABSOLUTE
    _printf_fp_dec                           0x00000000   Number         0  stubs.o ABSOLUTE
    _printf_fp_hex                           0x00000000   Number         0  stubs.o ABSOLUTE
    _printf_g                                0x00000000   Number         0  stubs.o ABSOLUTE
    _printf_i                                0x00000000   Number         0  stubs.o ABSOLUTE
    _printf_int_dec                          0x00000000   Number         0  stubs.o ABSOLUTE
    _printf_l                                0x00000000   Number         0  stubs.o ABSOLUTE
    _printf_lc                               0x00000000   Number         0  stubs.o ABSOLUTE
    _printf_ll                               0x00000000   Number         0  stubs.o ABSOLUTE
    _printf_lld                              0x00000000   Number         0  stubs.o ABSOLUTE
    _printf_lli                              0x00000000   Number         0  stubs.o ABSOLUTE
    _printf_llo                              0x00000000   Number         0  stubs.o ABSOLUTE
    _printf_llu                              0x00000000   Number         0  stubs.o ABSOLUTE
    _printf_llx                              0x00000000   Number         0  stubs.o ABSOLUTE
    _printf_longlong_dec                     0x00000000   Number         0  stubs.o ABSOLUTE
    _printf_longlong_hex                     0x00000000   Number         0  stubs.o ABSOLUTE
    _printf_longlong_oct                     0x00000000   Number         0  stubs.o ABSOLUTE
    _printf_ls                               0x00000000   Number         0  stubs.o ABSOLUTE
    _printf_mbtowc                           0x00000000   Number         0  stubs.o ABSOLUTE
    _printf_n                                0x00000000   Number         0  stubs.o ABSOLUTE
    _printf_o                                0x00000000   Number         0  stubs.o ABSOLUTE
    _printf_p                                0x00000000   Number         0  stubs.o ABSOLUTE
    _printf_percent                          0x00000000   Number         0  stubs.o ABSOLUTE
    _printf_pre_padding                      0x00000000   Number         0  stubs.o ABSOLUTE
    _printf_return_value                     0x00000000   Number         0  stubs.o ABSOLUTE
    _printf_s                                0x00000000   Number         0  stubs.o ABSOLUTE
    _printf_sizespec                         0x00000000   Number         0  stubs.o ABSOLUTE
    _printf_str                              0x00000000   Number         0  stubs.o ABSOLUTE
    _printf_truncate_signed                  0x00000000   Number         0  stubs.o ABSOLUTE
    _printf_truncate_unsigned                0x00000000   Number         0  stubs.o ABSOLUTE
    _printf_u                                0x00000000   Number         0  stubs.o ABSOLUTE
    _printf_wc                               0x00000000   Number         0  stubs.o ABSOLUTE
    _printf_wctomb                           0x00000000   Number         0  stubs.o ABSOLUTE
    _printf_widthprec                        0x00000000   Number         0  stubs.o ABSOLUTE
    _printf_x                                0x00000000   Number         0  stubs.o ABSOLUTE
    __cpp_initialize__aeabi_                  - Undefined Weak Reference
    __cxa_finalize                            - Undefined Weak Reference
    __decompress                              - Undefined Weak Reference
    _clock_init                               - Undefined Weak Reference
    _microlib_exit                            - Undefined Weak Reference
    __Vectors_Size                           0x0000018c   Number         0  startup_stm32l432xx.o ABSOLUTE
    __Vectors                                0x08000000   Data           4  startup_stm32l432xx.o(RESET)
    __Vectors_End                            0x0800018c   Data           0  startup_stm32l432xx.o(RESET)
    __main                                   0x0800018d   Thumb Code     0  entry.o(.ARM.Collect$$$$00000000)
    _main_stk                                0x0800018d   Thumb Code     0  entry2.o(.ARM.Collect$$$$00000001)
    _main_scatterload                        0x08000191   Thumb Code     0  entry5.o(.ARM.Collect$$$$00000004)
    __main_after_scatterload                 0x08000195   Thumb Code     0  entry5.o(.ARM.Collect$$$$00000004)
    _main_clock                              0x08000195   Thumb Code     0  entry7b.o(.ARM.Collect$$$$00000008)
    _main_cpp_init                           0x08000195   Thumb Code     0  entry8b.o(.ARM.Collect$$$$0000000A)
    _main_init                               0x08000195   Thumb Code     0  entry9a.o(.ARM.Collect$$$$0000000B)
    __rt_final_cpp                           0x0800019d   Thumb Code     0  entry10a.o(.ARM.Collect$$$$0000000D)
    __rt_final_exit                          0x0800019d   Thumb Code     0  entry11a.o(.ARM.Collect$$$$0000000F)
    Reset_Handler                            0x080001a1   Thumb Code     8  startup_stm32l432xx.o(.text)
    ADC1_IRQHandler                          0x080001bb   Thumb Code     0  startup_stm32l432xx.o(.text)
    CAN1_RX0_IRQHandler                      0x080001bb   Thumb Code     0  startup_stm32l432xx.o(.text)
    CAN1_RX1_IRQHandler                      0x080001bb   Thumb Code     0  startup_stm32l432xx.o(.text)
    CAN1_SCE_IRQHandler                      0x080001bb   Thumb Code     0  startup_stm32l432xx.o(.text)
    CAN1_TX_IRQHandler                       0x080001bb   Thumb Code     0  startup_stm32l432xx.o(.text)
    COMP_IRQHandler                          0x080001bb   Thumb Code     0  startup_stm32l432xx.o(.text)
    CRS_IRQHandler                           0x080001bb   Thumb Code     0  startup_stm32l432xx.o(.text)
    DMA1_Channel1_IRQHandler                 0x080001bb   Thumb Code     0  startup_stm32l432xx.o(.text)
    DMA1_Channel2_IRQHandler                 0x080001bb   Thumb Code     0  startup_stm32l432xx.o(.text)
    DMA1_Channel3_IRQHandler                 0x080001bb   Thumb Code     0  startup_stm32l432xx.o(.text)
    DMA1_Channel4_IRQHandler                 0x080001bb   Thumb Code     0  startup_stm32l432xx.o(.text)
    DMA1_Channel5_IRQHandler                 0x080001bb   Thumb Code     0  startup_stm32l432xx.o(.text)
    DMA1_Channel6_IRQHandler                 0x080001bb   Thumb Code     0  startup_stm32l432xx.o(.text)
    DMA1_Channel7_IRQHandler                 0x080001bb   Thumb Code     0  startup_stm32l432xx.o(.text)
    DMA2_Channel1_IRQHandler                 0x080001bb   Thumb Code     0  startup_stm32l432xx.o(.text)
    DMA2_Channel2_IRQHandler                 0x080001bb   Thumb Code     0  startup_stm32l432xx.o(.text)
    DMA2_Channel3_IRQHandler                 0x080001bb   Thumb Code     0  startup_stm32l432xx.o(.text)
    DMA2_Channel4_IRQHandler                 0x080001bb   Thumb Code     0  startup_stm32l432xx.o(.text)
    DMA2_Channel5_IRQHandler                 0x080001bb   Thumb Code     0  startup_stm32l432xx.o(.text)
    DMA2_Channel6_IRQHandler                 0x080001bb   Thumb Code     0  startup_stm32l432xx.o(.text)
    DMA2_Channel7_IRQHandler                 0x080001bb   Thumb Code     0  startup_stm32l432xx.o(.text)
    EXTI15_10_IRQHandler                     0x080001bb   Thumb Code     0  startup_stm32l432xx.o(.text)
    EXTI2_IRQHandler                         0x080001bb   Thumb Code     0  startup_stm32l432xx.o(.text)
    EXTI3_IRQHandler                         0x080001bb   Thumb Code     0  startup_stm32l432xx.o(.text)
    EXTI4_IRQHandler                         0x080001bb   Thumb Code     0  startup_stm32l432xx.o(.text)
    EXTI9_5_IRQHandler                       0x080001bb   Thumb Code     0  startup_stm32l432xx.o(.text)
    FLASH_IRQHandler                         0x080001bb   Thumb Code     0  startup_stm32l432xx.o(.text)
    FPU_IRQHandler                           0x080001bb   Thumb Code     0  startup_stm32l432xx.o(.text)
    I2C3_ER_IRQHandler                       0x080001bb   Thumb Code     0  startup_stm32l432xx.o(.text)
    I2C3_EV_IRQHandler                       0x080001bb   Thumb Code     0  startup_stm32l432xx.o(.text)
    LPTIM1_IRQHandler                        0x080001bb   Thumb Code     0  startup_stm32l432xx.o(.text)
    LPTIM2_IRQHandler                        0x080001bb   Thumb Code     0  startup_stm32l432xx.o(.text)
    LPUART1_IRQHandler                       0x080001bb   Thumb Code     0  startup_stm32l432xx.o(.text)
    PVD_PVM_IRQHandler                       0x080001bb   Thumb Code     0  startup_stm32l432xx.o(.text)
    QUADSPI_IRQHandler                       0x080001bb   Thumb Code     0  startup_stm32l432xx.o(.text)
    RNG_IRQHandler                           0x080001bb   Thumb Code     0  startup_stm32l432xx.o(.text)
    RTC_Alarm_IRQHandler                     0x080001bb   Thumb Code     0  startup_stm32l432xx.o(.text)
    RTC_WKUP_IRQHandler                      0x080001bb   Thumb Code     0  startup_stm32l432xx.o(.text)
    SAI1_IRQHandler                          0x080001bb   Thumb Code     0  startup_stm32l432xx.o(.text)
    SPI1_IRQHandler                          0x080001bb   Thumb Code     0  startup_stm32l432xx.o(.text)
    SPI3_IRQHandler                          0x080001bb   Thumb Code     0  startup_stm32l432xx.o(.text)
    SWPMI1_IRQHandler                        0x080001bb   Thumb Code     0  startup_stm32l432xx.o(.text)
    TAMP_STAMP_IRQHandler                    0x080001bb   Thumb Code     0  startup_stm32l432xx.o(.text)
    TIM1_BRK_TIM15_IRQHandler                0x080001bb   Thumb Code     0  startup_stm32l432xx.o(.text)
    TIM1_CC_IRQHandler                       0x080001bb   Thumb Code     0  startup_stm32l432xx.o(.text)
    TIM1_TRG_COM_IRQHandler                  0x080001bb   Thumb Code     0  startup_stm32l432xx.o(.text)
    TIM2_IRQHandler                          0x080001bb   Thumb Code     0  startup_stm32l432xx.o(.text)
    TIM6_DAC_IRQHandler                      0x080001bb   Thumb Code     0  startup_stm32l432xx.o(.text)
    TIM7_IRQHandler                          0x080001bb   Thumb Code     0  startup_stm32l432xx.o(.text)
    TSC_IRQHandler                           0x080001bb   Thumb Code     0  startup_stm32l432xx.o(.text)
    USB_IRQHandler                           0x080001bb   Thumb Code     0  startup_stm32l432xx.o(.text)
    WWDG_IRQHandler                          0x080001bb   Thumb Code     0  startup_stm32l432xx.o(.text)
    __aeabi_uldivmod                         0x080001c5   Thumb Code    98  uldiv.o(.text)
    __rt_ctype_table                         0x0800022d   Thumb Code     4  ctype_o.o(.text)
    isspace                                  0x08000235   Thumb Code    18  isspace_o.o(.text)
    __aeabi_memcpy                           0x08000247   Thumb Code    36  memcpya.o(.text)
    __aeabi_memcpy4                          0x08000247   Thumb Code     0  memcpya.o(.text)
    __aeabi_memcpy8                          0x08000247   Thumb Code     0  memcpya.o(.text)
    __aeabi_memset                           0x0800026b   Thumb Code    14  memseta.o(.text)
    __aeabi_memset4                          0x0800026b   Thumb Code     0  memseta.o(.text)
    __aeabi_memset8                          0x0800026b   Thumb Code     0  memseta.o(.text)
    __aeabi_memclr                           0x08000279   Thumb Code     4  memseta.o(.text)
    __aeabi_memclr4                          0x08000279   Thumb Code     0  memseta.o(.text)
    __aeabi_memclr8                          0x08000279   Thumb Code     0  memseta.o(.text)
    _memset$wrapper                          0x0800027d   Thumb Code    18  memseta.o(.text)
    strstr                                   0x0800028f   Thumb Code    36  strstr.o(.text)
    strchr                                   0x080002b3   Thumb Code    20  strchr.o(.text)
    strlen                                   0x080002c7   Thumb Code    14  strlen.o(.text)
    atoi                                     0x080002d5   Thumb Code    26  atoi.o(.text)
    __aeabi_dmul                             0x080002ef   Thumb Code   228  dmul.o(.text)
    __aeabi_d2uiz                            0x080003d9   Thumb Code    50  dfixui.o(.text)
    __aeabi_f2d                              0x0800040b   Thumb Code    38  f2d.o(.text)
    __aeabi_d2f                              0x08000431   Thumb Code    56  d2f.o(.text)
    __aeabi_uidiv                            0x08000469   Thumb Code     0  uidiv.o(.text)
    __aeabi_uidivmod                         0x08000469   Thumb Code    44  uidiv.o(.text)
    __aeabi_llsl                             0x08000495   Thumb Code    30  llshl.o(.text)
    _ll_shift_l                              0x08000495   Thumb Code     0  llshl.o(.text)
    __aeabi_llsr                             0x080004b3   Thumb Code    32  llushr.o(.text)
    _ll_ushift_r                             0x080004b3   Thumb Code     0  llushr.o(.text)
    __strtod_int                             0x0800050b   Thumb Code    90  strtod.o(.text)
    strtol                                   0x08000571   Thumb Code   112  strtol.o(.text)
    __I$use$fp                               0x080005e1   Thumb Code     0  iusefp.o(.text)
    _float_round                             0x080005e1   Thumb Code    18  fepilogue.o(.text)
    _float_epilogue                          0x080005f3   Thumb Code    92  fepilogue.o(.text)
    _double_round                            0x0800064f   Thumb Code    30  depilogue.o(.text)
    _double_epilogue                         0x0800066d   Thumb Code   156  depilogue.o(.text)
    __aeabi_dadd                             0x08000709   Thumb Code   322  dadd.o(.text)
    __aeabi_dsub                             0x0800084b   Thumb Code     6  dadd.o(.text)
    __aeabi_drsub                            0x08000851   Thumb Code     6  dadd.o(.text)
    __aeabi_ddiv                             0x08000867   Thumb Code   222  ddiv.o(.text)
    _drem                                    0x08000945   Thumb Code   134  drem.o(.text)
    __aeabi_d2ulz                            0x080009d1   Thumb Code    48  dfixul.o(.text)
    __aeabi_cdrcmple                         0x08000a01   Thumb Code    48  cdrcmple.o(.text)
    __scatterload                            0x08000a31   Thumb Code    28  init.o(.text)
    __scatterload_rt2                        0x08000a31   Thumb Code     0  init.o(.text)
    __aeabi_lasr                             0x08000a55   Thumb Code    36  llsshr.o(.text)
    _ll_sshift_r                             0x08000a55   Thumb Code     0  llsshr.o(.text)
    _scanf_real                              0x08000ba1   Thumb Code     0  scanf_fp.o(.text)
    _scanf_really_real                       0x08000ba1   Thumb Code   556  scanf_fp.o(.text)
    _sgetc                                   0x08000ddf   Thumb Code    30  _sgetc.o(.text)
    _sbackspace                              0x08000dfd   Thumb Code    34  _sgetc.o(.text)
    _strtoul                                 0x08000e1f   Thumb Code   158  _strtoul.o(.text)
    _chval                                   0x08000ec3   Thumb Code    28  _chval.o(.text)
    __aeabi_ul2d                             0x08000edf   Thumb Code    24  dfltul.o(.text)
    BusFault_Handler                         0x08000ef7   Thumb Code     2  stm32l4xx_it.o(i.BusFault_Handler)
    DebugMon_Handler                         0x08000ef9   Thumb Code     2  stm32l4xx_it.o(i.DebugMon_Handler)
    EXTI0_IRQHandler                         0x08000efb   Thumb Code     6  stm32l4xx_it.o(i.EXTI0_IRQHandler)
    EXTI1_IRQHandler                         0x08000f01   Thumb Code     6  stm32l4xx_it.o(i.EXTI1_IRQHandler)
    HAL_DMA_Abort_IT                         0x08000f07   Thumb Code    78  stm32l4xx_hal_dma.o(i.HAL_DMA_Abort_IT)
    HAL_Delay                                0x08000f55   Thumb Code    28  stm32l4xx_hal.o(i.HAL_Delay)
    HAL_GPIO_EXTI_Callback                   0x08000f71   Thumb Code    46  main.o(i.HAL_GPIO_EXTI_Callback)
    HAL_GPIO_EXTI_IRQHandler                 0x08000fa5   Thumb Code    18  stm32l4xx_hal_gpio.o(i.HAL_GPIO_EXTI_IRQHandler)
    HAL_GPIO_Init                            0x08000fbd   Thumb Code   376  stm32l4xx_hal_gpio.o(i.HAL_GPIO_Init)
    HAL_GPIO_TogglePin                       0x0800114f   Thumb Code     8  stm32l4xx_hal_gpio.o(i.HAL_GPIO_TogglePin)
    HAL_GPIO_WritePin                        0x08001157   Thumb Code    10  stm32l4xx_hal_gpio.o(i.HAL_GPIO_WritePin)
    HAL_GetTick                              0x08001161   Thumb Code     6  stm32l4xx_hal.o(i.HAL_GetTick)
    HAL_I2CEx_ConfigAnalogFilter             0x0800116d   Thumb Code    86  stm32l4xx_hal_i2c_ex.o(i.HAL_I2CEx_ConfigAnalogFilter)
    HAL_I2CEx_ConfigDigitalFilter            0x080011c3   Thumb Code    82  stm32l4xx_hal_i2c_ex.o(i.HAL_I2CEx_ConfigDigitalFilter)
    HAL_I2C_AbortCpltCallback                0x08001215   Thumb Code     2  stm32l4xx_hal_i2c.o(i.HAL_I2C_AbortCpltCallback)
    HAL_I2C_AddrCallback                     0x08001217   Thumb Code     2  stm32l4xx_hal_i2c.o(i.HAL_I2C_AddrCallback)
    HAL_I2C_ER_IRQHandler                    0x08001219   Thumb Code   104  stm32l4xx_hal_i2c.o(i.HAL_I2C_ER_IRQHandler)
    HAL_I2C_EV_IRQHandler                    0x08001281   Thumb Code    16  stm32l4xx_hal_i2c.o(i.HAL_I2C_EV_IRQHandler)
    HAL_I2C_ErrorCallback                    0x08001291   Thumb Code     2  stm32l4xx_hal_i2c.o(i.HAL_I2C_ErrorCallback)
    HAL_I2C_Init                             0x08001295   Thumb Code   178  stm32l4xx_hal_i2c.o(i.HAL_I2C_Init)
    HAL_I2C_IsDeviceReady                    0x0800134d   Thumb Code   282  stm32l4xx_hal_i2c.o(i.HAL_I2C_IsDeviceReady)
    HAL_I2C_ListenCpltCallback               0x08001477   Thumb Code     2  stm32l4xx_hal_i2c.o(i.HAL_I2C_ListenCpltCallback)
    HAL_I2C_Master_Receive                   0x08001479   Thumb Code   282  stm32l4xx_hal_i2c.o(i.HAL_I2C_Master_Receive)
    HAL_I2C_Master_Transmit                  0x080015a5   Thumb Code   282  stm32l4xx_hal_i2c.o(i.HAL_I2C_Master_Transmit)
    HAL_I2C_MspInit                          0x080016d1   Thumb Code   124  stm32l4xx_hal_msp.o(i.HAL_I2C_MspInit)
    HAL_I2C_SlaveRxCpltCallback              0x08001755   Thumb Code     2  stm32l4xx_hal_i2c.o(i.HAL_I2C_SlaveRxCpltCallback)
    HAL_I2C_SlaveTxCpltCallback              0x08001757   Thumb Code     2  stm32l4xx_hal_i2c.o(i.HAL_I2C_SlaveTxCpltCallback)
    HAL_IncTick                              0x08001759   Thumb Code    10  stm32l4xx_hal.o(i.HAL_IncTick)
    HAL_Init                                 0x08001769   Thumb Code    30  stm32l4xx_hal.o(i.HAL_Init)
    HAL_InitTick                             0x08001789   Thumb Code    42  stm32l4xx_hal.o(i.HAL_InitTick)
    HAL_MspInit                              0x080017b9   Thumb Code    56  stm32l4xx_hal_msp.o(i.HAL_MspInit)
    HAL_NVIC_EnableIRQ                       0x080017f5   Thumb Code    22  stm32l4xx_hal_cortex.o(i.HAL_NVIC_EnableIRQ)
    HAL_NVIC_SetPriority                     0x0800180d   Thumb Code    60  stm32l4xx_hal_cortex.o(i.HAL_NVIC_SetPriority)
    HAL_NVIC_SetPriorityGrouping             0x0800184d   Thumb Code    26  stm32l4xx_hal_cortex.o(i.HAL_NVIC_SetPriorityGrouping)
    HAL_PWREx_ControlVoltageScaling          0x08001871   Thumb Code    90  stm32l4xx_hal_pwr_ex.o(i.HAL_PWREx_ControlVoltageScaling)
    HAL_PWREx_GetVoltageRange                0x080018d9   Thumb Code    10  stm32l4xx_hal_pwr_ex.o(i.HAL_PWREx_GetVoltageRange)
    HAL_PWR_EnableBkUpAccess                 0x080018e9   Thumb Code    12  stm32l4xx_hal_pwr.o(i.HAL_PWR_EnableBkUpAccess)
    HAL_RCCEx_EnableMSIPLLMode               0x080018f9   Thumb Code    12  stm32l4xx_hal_rcc_ex.o(i.HAL_RCCEx_EnableMSIPLLMode)
    HAL_RCCEx_PeriphCLKConfig                0x08001909   Thumb Code   634  stm32l4xx_hal_rcc_ex.o(i.HAL_RCCEx_PeriphCLKConfig)
    HAL_RCC_ClockConfig                      0x08001b95   Thumb Code   264  stm32l4xx_hal_rcc.o(i.HAL_RCC_ClockConfig)
    HAL_RCC_GetPCLK1Freq                     0x08001cad   Thumb Code    24  stm32l4xx_hal_rcc.o(i.HAL_RCC_GetPCLK1Freq)
    HAL_RCC_GetPCLK2Freq                     0x08001cd1   Thumb Code    24  stm32l4xx_hal_rcc.o(i.HAL_RCC_GetPCLK2Freq)
    HAL_RCC_GetSysClockFreq                  0x08001cf5   Thumb Code   152  stm32l4xx_hal_rcc.o(i.HAL_RCC_GetSysClockFreq)
    HAL_RCC_OscConfig                        0x08001d99   Thumb Code  1202  stm32l4xx_hal_rcc.o(i.HAL_RCC_OscConfig)
    HAL_SYSTICK_Config                       0x08002251   Thumb Code    40  stm32l4xx_hal_cortex.o(i.HAL_SYSTICK_Config)
    HAL_TIMEx_Break2Callback                 0x08002279   Thumb Code     2  stm32l4xx_hal_tim_ex.o(i.HAL_TIMEx_Break2Callback)
    HAL_TIMEx_BreakCallback                  0x0800227b   Thumb Code     2  stm32l4xx_hal_tim_ex.o(i.HAL_TIMEx_BreakCallback)
    HAL_TIMEx_CommutationCallback            0x0800227d   Thumb Code     2  stm32l4xx_hal_tim_ex.o(i.HAL_TIMEx_CommutationCallback)
    HAL_TIM_Base_Init                        0x0800227f   Thumb Code    54  stm32l4xx_hal_tim.o(i.HAL_TIM_Base_Init)
    HAL_TIM_Base_MspInit                     0x080022b5   Thumb Code    50  stm32l4xx_hal_msp.o(i.HAL_TIM_Base_MspInit)
    HAL_TIM_Base_Start_IT                    0x080022f1   Thumb Code    44  stm32l4xx_hal_tim.o(i.HAL_TIM_Base_Start_IT)
    HAL_TIM_IC_CaptureCallback               0x08002321   Thumb Code     2  stm32l4xx_hal_tim.o(i.HAL_TIM_IC_CaptureCallback)
    HAL_TIM_IRQHandler                       0x08002323   Thumb Code   388  stm32l4xx_hal_tim.o(i.HAL_TIM_IRQHandler)
    HAL_TIM_OC_DelayElapsedCallback          0x080024a7   Thumb Code     2  stm32l4xx_hal_tim.o(i.HAL_TIM_OC_DelayElapsedCallback)
    HAL_TIM_PWM_PulseFinishedCallback        0x080024a9   Thumb Code     2  stm32l4xx_hal_tim.o(i.HAL_TIM_PWM_PulseFinishedCallback)
    HAL_TIM_PeriodElapsedCallback            0x080024ad   Thumb Code    44  main.o(i.HAL_TIM_PeriodElapsedCallback)
    HAL_TIM_TriggerCallback                  0x080024e5   Thumb Code     2  stm32l4xx_hal_tim.o(i.HAL_TIM_TriggerCallback)
    HAL_UARTEx_WakeupCallback                0x080024e7   Thumb Code     2  stm32l4xx_hal_uart_ex.o(i.HAL_UARTEx_WakeupCallback)
    HAL_UART_ErrorCallback                   0x080024e9   Thumb Code     2  stm32l4xx_hal_uart.o(i.HAL_UART_ErrorCallback)
    HAL_UART_IRQHandler                      0x080024ed   Thumb Code   320  stm32l4xx_hal_uart.o(i.HAL_UART_IRQHandler)
    HAL_UART_Init                            0x08002631   Thumb Code   106  stm32l4xx_hal_uart.o(i.HAL_UART_Init)
    HAL_UART_MspInit                         0x0800269d   Thumb Code   178  stm32l4xx_hal_msp.o(i.HAL_UART_MspInit)
    HAL_UART_Receive_IT                      0x08002761   Thumb Code   164  stm32l4xx_hal_uart.o(i.HAL_UART_Receive_IT)
    HAL_UART_RxCpltCallback                  0x0800280d   Thumb Code   276  main.o(i.HAL_UART_RxCpltCallback)
    HAL_UART_Transmit                        0x08002a21   Thumb Code   176  stm32l4xx_hal_uart.o(i.HAL_UART_Transmit)
    HAL_UART_Transmit_IT                     0x08002ad1   Thumb Code    96  stm32l4xx_hal_uart.o(i.HAL_UART_Transmit_IT)
    HAL_UART_TxCpltCallback                  0x08002b39   Thumb Code     2  main.o(i.HAL_UART_TxCpltCallback)
    HardFault_Handler                        0x08002b3b   Thumb Code     2  stm32l4xx_it.o(i.HardFault_Handler)
    I2C1_ER_IRQHandler                       0x08002b3d   Thumb Code     6  stm32l4xx_it.o(i.I2C1_ER_IRQHandler)
    I2C1_EV_IRQHandler                       0x08002b49   Thumb Code     6  stm32l4xx_it.o(i.I2C1_EV_IRQHandler)
    ITM_SendChar                             0x08003245   Thumb Code    32  retarget_io.o(i.ITM_SendChar)
    MemManage_Handler                        0x08003269   Thumb Code     2  stm32l4xx_it.o(i.MemManage_Handler)
    NMI_Handler                              0x0800326b   Thumb Code     2  stm32l4xx_it.o(i.NMI_Handler)
    PendSV_Handler                           0x0800328d   Thumb Code     2  stm32l4xx_it.o(i.PendSV_Handler)
    RCC_IRQHandler                           0x080033bd   Thumb Code     2  stm32l4xx_it.o(i.RCC_IRQHandler)
    SVC_Handler                              0x0800343d   Thumb Code     2  stm32l4xx_it.o(i.SVC_Handler)
    SysTick_Handler                          0x0800343f   Thumb Code     4  stm32l4xx_it.o(i.SysTick_Handler)
    SystemInit                               0x08003445   Thumb Code    56  system_stm32l4xx.o(i.SystemInit)
    TIM1_UP_TIM16_IRQHandler                 0x08003489   Thumb Code     6  stm32l4xx_it.o(i.TIM1_UP_TIM16_IRQHandler)
    TIM_Base_SetConfig                       0x08003495   Thumb Code    94  stm32l4xx_hal_tim.o(i.TIM_Base_SetConfig)
    UART_AdvFeatureConfig                    0x08003501   Thumb Code   200  stm32l4xx_hal_uart.o(i.UART_AdvFeatureConfig)
    UART_CheckIdleState                      0x080035c9   Thumb Code    92  stm32l4xx_hal_uart.o(i.UART_CheckIdleState)
    UART_SetConfig                           0x08003711   Thumb Code   526  stm32l4xx_hal_uart.o(i.UART_SetConfig)
    UART_WaitOnFlagUntilTimeout              0x080039c3   Thumb Code   100  stm32l4xx_hal_uart.o(i.UART_WaitOnFlagUntilTimeout)
    USART1_IRQHandler                        0x08003a29   Thumb Code     6  stm32l4xx_it.o(i.USART1_IRQHandler)
    USART2_IRQHandler                        0x08003a35   Thumb Code     6  stm32l4xx_it.o(i.USART2_IRQHandler)
    UsageFault_Handler                       0x08003a41   Thumb Code     2  stm32l4xx_it.o(i.UsageFault_Handler)
    setPackage(unsigned char*, float, unsigned short, unsigned short) 0x08003a45   Thumb Code   138  main.o(i._Z10setPackagePhftt)
    common_init()                            0x08003ad5   Thumb Code    82  adafruit_gps.o(i._Z11common_initv)
    sendCommand(__UART_HandleTypeDef, char*) 0x08003b35   Thumb Code    52  adafruit_gps.o(i._Z11sendCommand20__UART_HandleTypeDefPc)
    Adafruit_GPS(__UART_HandleTypeDef)       0x08003b71   Thumb Code     4  adafruit_gps.o(i._Z12Adafruit_GPS20__UART_HandleTypeDef)
    convertDMStoGPS(float)                   0x08003c5d   Thumb Code    92  main.o(i._Z15convertDMStoGPSf)
    newNMEAreceived()                        0x08003cc9   Thumb Code     6  adafruit_gps.o(i._Z15newNMEAreceivedv)
    maxim_find_peaks(int*, int*, int*, int, int, int, int) 0x08003cd5   Thumb Code    50  algorithm.o(i._Z16maxim_find_peaksPiS_S_iiii)
    maxim_sort_ascend(int*, int)             0x08003d09   Thumb Code    50  algorithm.o(i._Z17maxim_sort_ascendPii)
    SystemClock_Config()                     0x08003d3d   Thumb Code   142  main.o(i._Z18SystemClock_Configv)
    maxim_max30102_init(__I2C_HandleTypeDef) 0x08003e29   Thumb Code  1034  max30102.o(i._Z19maxim_max30102_init19__I2C_HandleTypeDef)
    maxim_max30102_reset(__I2C_HandleTypeDef) 0x08004233   Thumb Code   108  max30102.o(i._Z20maxim_max30102_reset19__I2C_HandleTypeDef)
    maxim_max30102_restart(__I2C_HandleTypeDef) 0x0800429f   Thumb Code   186  max30102.o(i._Z22maxim_max30102_restart19__I2C_HandleTypeDef)
    maxim_max30102_read_reg(__I2C_HandleTypeDef, unsigned char, unsigned char*) 0x08004359   Thumb Code    68  max30102.o(i._Z23maxim_max30102_read_reg19__I2C_HandleTypeDefhPh)
    maxim_max30102_read_fifo(__I2C_HandleTypeDef, unsigned*, unsigned*) 0x0800439d   Thumb Code   322  max30102.o(i._Z24maxim_max30102_read_fifo19__I2C_HandleTypeDefPjS0_)
    maxim_max30102_write_reg(__I2C_HandleTypeDef, unsigned char, unsigned char) 0x080044df   Thumb Code    46  max30102.o(i._Z24maxim_max30102_write_reg19__I2C_HandleTypeDefhh)
    maxim_remove_close_peaks(int*, int*, int*, int) 0x0800450d   Thumb Code   108  algorithm.o(i._Z24maxim_remove_close_peaksPiS_S_i)
    maxim_sort_indices_descend(int*, int*, int) 0x08004579   Thumb Code    58  algorithm.o(i._Z26maxim_sort_indices_descendPiS_i)
    maxim_peaks_above_min_height(int*, int*, int*, int, int) 0x080045b3   Thumb Code   106  algorithm.o(i._Z28maxim_peaks_above_min_heightPiS_S_ii)
    maxim_heart_rate_and_oxygen_saturation(unsigned*, int, unsigned*, int*, signed char*, int*, signed char*) 0x0800461d   Thumb Code  1064  algorithm.o(i._Z38maxim_heart_rate_and_oxygen_saturationPjiS_PiPaS0_S1_)
    read(unsigned char)                      0x08004a4d   Thumb Code    80  adafruit_gps.o(i._Z4readh)
    parse(char*)                             0x08004aa5   Thumb Code   898  adafruit_gps.o(i._Z5parsePc)
    findigit(float)                          0x08004e55   Thumb Code    82  main.o(i._Z8findigitf)
    lastNMEA()                               0x08004ead   Thumb Code    10  adafruit_gps.o(i._Z8lastNMEAv)
    parseHex(char)                           0x08004ebd   Thumb Code    30  adafruit_gps.o(i._Z8parseHexc)
    calibrate()                              0x08004edd   Thumb Code   296  main.o(i._Z9calibratev)
    std::strchr(char*, int)                  0x08005017   Thumb Code     4  adafruit_gps.o(i._ZSt6strchrPci)
    __0printf                                0x0800501d   Thumb Code    22  printfa.o(i.__0printf)
    __1printf                                0x0800501d   Thumb Code     0  printfa.o(i.__0printf)
    __2printf                                0x0800501d   Thumb Code     0  printfa.o(i.__0printf)
    __c89printf                              0x0800501d   Thumb Code     0  printfa.o(i.__0printf)
    printf                                   0x0800501d   Thumb Code     0  printfa.o(i.__0printf)
    __aeabi_errno_addr                       0x0800503d   Thumb Code     4  errno.o(i.__aeabi_errno_addr)
    __rt_errno_addr                          0x0800503d   Thumb Code     0  errno.o(i.__aeabi_errno_addr)
    __hardfp_atof                            0x08005049   Thumb Code    44  atof.o(i.__hardfp_atof)
    __hardfp_floorf                          0x08005081   Thumb Code    98  floorf.o(i.__hardfp_floorf)
    __hardfp_fmod                            0x080050f1   Thumb Code   254  fmod.o(i.__hardfp_fmod)
    __mathlib_dbl_invalid                    0x080051f9   Thumb Code    24  dunder.o(i.__mathlib_dbl_invalid)
    __read_errno                             0x08005219   Thumb Code     6  errno.o(i.__read_errno)
    __scatterload_copy                       0x08005225   Thumb Code    14  handlers.o(i.__scatterload_copy)
    __scatterload_null                       0x08005233   Thumb Code     2  handlers.o(i.__scatterload_null)
    __scatterload_zeroinit                   0x08005235   Thumb Code    14  handlers.o(i.__scatterload_zeroinit)
    __set_errno                              0x08005245   Thumb Code     6  errno.o(i.__set_errno)
    _is_digit                                0x080053db   Thumb Code    14  scanf_fp.o(i._is_digit)
    fputc                                    0x08005b1d   Thumb Code    22  retarget_io.o(i.fputc)
    main                                     0x08005b3d   Thumb Code  2018  main.o(i.main)
    AHBPrescTable                            0x0800633c   Data          16  system_stm32l4xx.o(.constdata)
    MSIRangeTable                            0x0800634c   Data          48  system_stm32l4xx.o(.constdata)
    APBPrescTable                            0x0800637c   Data           8  system_stm32l4xx.o(.constdata)
    __ctype_table                            0x0800647a   Data         129  ctype_o.o(.constdata)
    Region$$Table$$Base                      0x08006500   Number         0  anon$$obj.o(Region$$Table)
    Region$$Table$$Limit                     0x08006520   Number         0  anon$$obj.o(Region$$Table)
    readytoSend                              0x20000000   Data           1  main.o(.data)
    ch_spo2_valid                            0x20000001   Data           1  main.o(.data)
    ch_hr_valid                              0x20000002   Data           1  main.o(.data)
    temporary                                0x20000003   Data           1  main.o(.data)
    medID                                    0x20000004   Data           4  main.o(.data)
    butState                                 0x20000008   Data           4  main.o(.data)
    n_ir_buffer_length                       0x2000000c   Data           4  main.o(.data)
    n_sp02                                   0x20000010   Data           4  main.o(.data)
    n_heart_rate                             0x20000014   Data           4  main.o(.data)
    lati                                     0x20000018   Data           4  main.o(.data)
    logi                                     0x2000001c   Data           4  main.o(.data)
    alti                                     0x20000020   Data           4  main.o(.data)
    un_min                                   0x20000024   Data           4  main.o(.data)
    un_max                                   0x20000028   Data           4  main.o(.data)
    un_prev_data                             0x2000002c   Data           4  main.o(.data)
    i                                        0x20000030   Data           4  main.o(.data)
    n_brightness                             0x20000034   Data           4  main.o(.data)
    f_temp                                   0x20000038   Data           4  main.o(.data)
    trans                                    0x2000003c   Data          68  main.o(.data)
    uwTick                                   0x200000a8   Data           4  stm32l4xx_hal.o(.data)
    SystemCoreClock                          0x200000ac   Data           4  system_stm32l4xx.o(.data)
    recvdflag                                0x200000b0   Data           1  adafruit_gps.o(.data)
    inStandbyMode                            0x200000b1   Data           1  adafruit_gps.o(.data)
    hour                                     0x200000b2   Data           1  adafruit_gps.o(.data)
    minute                                   0x200000b3   Data           1  adafruit_gps.o(.data)
    seconds                                  0x200000b4   Data           1  adafruit_gps.o(.data)
    year                                     0x200000b5   Data           1  adafruit_gps.o(.data)
    month                                    0x200000b6   Data           1  adafruit_gps.o(.data)
    day                                      0x200000b7   Data           1  adafruit_gps.o(.data)
    lat                                      0x200000b8   Data           1  adafruit_gps.o(.data)
    lon                                      0x200000b9   Data           1  adafruit_gps.o(.data)
    mag                                      0x200000ba   Data           1  adafruit_gps.o(.data)
    fix                                      0x200000bb   Data           1  adafruit_gps.o(.data)
    fixquality                               0x200000bc   Data           1  adafruit_gps.o(.data)
    satellites                               0x200000bd   Data           1  adafruit_gps.o(.data)
    LOCUS_type                               0x200000be   Data           1  adafruit_gps.o(.data)
    LOCUS_mode                               0x200000bf   Data           1  adafruit_gps.o(.data)
    LOCUS_config                             0x200000c0   Data           1  adafruit_gps.o(.data)
    LOCUS_interval                           0x200000c1   Data           1  adafruit_gps.o(.data)
    LOCUS_distance                           0x200000c2   Data           1  adafruit_gps.o(.data)
    LOCUS_speed                              0x200000c3   Data           1  adafruit_gps.o(.data)
    LOCUS_status                             0x200000c4   Data           1  adafruit_gps.o(.data)
    LOCUS_percent                            0x200000c5   Data           1  adafruit_gps.o(.data)
    paused                                   0x200000c6   Data           1  adafruit_gps.o(.data)
    lineidx                                  0x200000c8   Data           2  adafruit_gps.o(.data)
    milliseconds                             0x200000ca   Data           2  adafruit_gps.o(.data)
    LOCUS_serial                             0x200000cc   Data           2  adafruit_gps.o(.data)
    LOCUS_records                            0x200000ce   Data           2  adafruit_gps.o(.data)
    currentline                              0x200000d0   Data           4  adafruit_gps.o(.data)
    lastline                                 0x200000d4   Data           4  adafruit_gps.o(.data)
    latitude                                 0x200000d8   Data           4  adafruit_gps.o(.data)
    longitude                                0x200000dc   Data           4  adafruit_gps.o(.data)
    geoidheight                              0x200000e0   Data           4  adafruit_gps.o(.data)
    altitude                                 0x200000e4   Data           4  adafruit_gps.o(.data)
    speed                                    0x200000e8   Data           4  adafruit_gps.o(.data)
    angle                                    0x200000ec   Data           4  adafruit_gps.o(.data)
    magvariation                             0x200000f0   Data           4  adafruit_gps.o(.data)
    HDOP                                     0x200000f4   Data           4  adafruit_gps.o(.data)
    __stdout                                 0x200000f8   Data           4  stdout.o(.data)
    __stderr                                 0x200000fc   Data           4  stderr.o(.data)
    aun_ir_buffer                            0x20000104   Data        2000  main.o(.bss)
    aun_red_buffer                           0x200008d4   Data        2000  main.o(.bss)
    temporary_xbee                           0x200010a4   Data          26  main.o(.bss)
    hi2c1                                    0x200010c0   Data          76  main.o(.bss)
    htim16                                   0x2000110c   Data          64  main.o(.bss)
    huart1                                   0x2000114c   Data         120  main.o(.bss)
    huart2                                   0x200011c4   Data         120  main.o(.bss)
    line1                                    0x2000299c   Data         120  adafruit_gps.o(.bss)
    line2                                    0x20002a14   Data         120  adafruit_gps.o(.bss)
    __initial_sp                             0x20002e90   Data           0  startup_stm32l432xx.o(STACK)



==============================================================================

Memory Map of the image

  Image Entry point : 0x0800018d

  Load Region LR_IROM1 (Base: 0x08000000, Size: 0x00006624, Max: 0x00040000, ABSOLUTE)

    Execution Region ER_IROM1 (Exec base: 0x08000000, Load base: 0x08000000, Size: 0x00006520, Max: 0x00040000, ABSOLUTE)

    Exec Addr    Load Addr    Size         Type   Attr      Idx    E Section Name        Object

    0x08000000   0x08000000   0x0000018c   Data   RO            3    RESET               startup_stm32l432xx.o
    0x0800018c   0x0800018c   0x00000000   Code   RO         4174  * .ARM.Collect$$$$00000000  mc_w.l(entry.o)
    0x0800018c   0x0800018c   0x00000004   Code   RO         4513    .ARM.Collect$$$$00000001  mc_w.l(entry2.o)
    0x08000190   0x08000190   0x00000004   Code   RO         4516    .ARM.Collect$$$$00000004  mc_w.l(entry5.o)
    0x08000194   0x08000194   0x00000000   Code   RO         4518    .ARM.Collect$$$$00000008  mc_w.l(entry7b.o)
    0x08000194   0x08000194   0x00000000   Code   RO         4520    .ARM.Collect$$$$0000000A  mc_w.l(entry8b.o)
    0x08000194   0x08000194   0x00000008   Code   RO         4521    .ARM.Collect$$$$0000000B  mc_w.l(entry9a.o)
    0x0800019c   0x0800019c   0x00000000   Code   RO         4523    .ARM.Collect$$$$0000000D  mc_w.l(entry10a.o)
    0x0800019c   0x0800019c   0x00000000   Code   RO         4525    .ARM.Collect$$$$0000000F  mc_w.l(entry11a.o)
    0x0800019c   0x0800019c   0x00000004   Code   RO         4514    .ARM.Collect$$$$00002712  mc_w.l(entry2.o)
    0x080001a0   0x080001a0   0x00000024   Code   RO            4    .text               startup_stm32l432xx.o
    0x080001c4   0x080001c4   0x00000068   Code   RO         4184    .text               mc_w.l(uldiv.o)
    0x0800022c   0x0800022c   0x00000008   Code   RO         4186    .text               mc_w.l(ctype_o.o)
    0x08000234   0x08000234   0x00000012   Code   RO         4208    .text               mc_w.l(isspace_o.o)
    0x08000246   0x08000246   0x00000024   Code   RO         4214    .text               mc_w.l(memcpya.o)
    0x0800026a   0x0800026a   0x00000024   Code   RO         4216    .text               mc_w.l(memseta.o)
    0x0800028e   0x0800028e   0x00000024   Code   RO         4218    .text               mc_w.l(strstr.o)
    0x080002b2   0x080002b2   0x00000014   Code   RO         4222    .text               mc_w.l(strchr.o)
    0x080002c6   0x080002c6   0x0000000e   Code   RO         4224    .text               mc_w.l(strlen.o)
    0x080002d4   0x080002d4   0x0000001a   Code   RO         4489    .text               mc_w.l(atoi.o)
    0x080002ee   0x080002ee   0x000000ea   Code   RO         4491    .text               mf_w.l(dmul.o)
    0x080003d8   0x080003d8   0x00000032   Code   RO         4493    .text               mf_w.l(dfixui.o)
    0x0800040a   0x0800040a   0x00000026   Code   RO         4495    .text               mf_w.l(f2d.o)
    0x08000430   0x08000430   0x00000038   Code   RO         4497    .text               mf_w.l(d2f.o)
    0x08000468   0x08000468   0x0000002c   Code   RO         4527    .text               mc_w.l(uidiv.o)
    0x08000494   0x08000494   0x0000001e   Code   RO         4529    .text               mc_w.l(llshl.o)
    0x080004b2   0x080004b2   0x00000020   Code   RO         4531    .text               mc_w.l(llushr.o)
    0x080004d2   0x080004d2   0x00000002   PAD
    0x080004d4   0x080004d4   0x0000009c   Code   RO         4540    .text               mc_w.l(strtod.o)
    0x08000570   0x08000570   0x00000070   Code   RO         4542    .text               mc_w.l(strtol.o)
    0x080005e0   0x080005e0   0x00000000   Code   RO         4544    .text               mc_w.l(iusefp.o)
    0x080005e0   0x080005e0   0x0000006e   Code   RO         4545    .text               mf_w.l(fepilogue.o)
    0x0800064e   0x0800064e   0x000000ba   Code   RO         4547    .text               mf_w.l(depilogue.o)
    0x08000708   0x08000708   0x0000015e   Code   RO         4549    .text               mf_w.l(dadd.o)
    0x08000866   0x08000866   0x000000de   Code   RO         4551    .text               mf_w.l(ddiv.o)
    0x08000944   0x08000944   0x0000008c   Code   RO         4553    .text               mf_w.l(drem.o)
    0x080009d0   0x080009d0   0x00000030   Code   RO         4555    .text               mf_w.l(dfixul.o)
    0x08000a00   0x08000a00   0x00000030   Code   RO         4557    .text               mf_w.l(cdrcmple.o)
    0x08000a30   0x08000a30   0x00000024   Code   RO         4559    .text               mc_w.l(init.o)
    0x08000a54   0x08000a54   0x00000024   Code   RO         4561    .text               mc_w.l(llsshr.o)
    0x08000a78   0x08000a78   0x00000366   Code   RO         4565    .text               mc_w.l(scanf_fp.o)
    0x08000dde   0x08000dde   0x00000040   Code   RO         4569    .text               mc_w.l(_sgetc.o)
    0x08000e1e   0x08000e1e   0x000000a4   Code   RO         4571    .text               mc_w.l(_strtoul.o)
    0x08000ec2   0x08000ec2   0x0000001c   Code   RO         4576    .text               mc_w.l(_chval.o)
    0x08000ede   0x08000ede   0x00000018   Code   RO         4578    .text               mf_w.l(dfltul.o)
    0x08000ef6   0x08000ef6   0x00000002   Code   RO          288    i.BusFault_Handler  stm32l4xx_it.o
    0x08000ef8   0x08000ef8   0x00000002   Code   RO          289    i.DebugMon_Handler  stm32l4xx_it.o
    0x08000efa   0x08000efa   0x00000006   Code   RO          290    i.EXTI0_IRQHandler  stm32l4xx_it.o
    0x08000f00   0x08000f00   0x00000006   Code   RO          291    i.EXTI1_IRQHandler  stm32l4xx_it.o
    0x08000f06   0x08000f06   0x0000004e   Code   RO         3145    i.HAL_DMA_Abort_IT  stm32l4xx_hal_dma.o
    0x08000f54   0x08000f54   0x0000001c   Code   RO         2416    i.HAL_Delay         stm32l4xx_hal.o
    0x08000f70   0x08000f70   0x00000034   Code   RO           14    i.HAL_GPIO_EXTI_Callback  main.o
    0x08000fa4   0x08000fa4   0x00000018   Code   RO         3079    i.HAL_GPIO_EXTI_IRQHandler  stm32l4xx_hal_gpio.o
    0x08000fbc   0x08000fbc   0x00000192   Code   RO         3080    i.HAL_GPIO_Init     stm32l4xx_hal_gpio.o
    0x0800114e   0x0800114e   0x00000008   Code   RO         3083    i.HAL_GPIO_TogglePin  stm32l4xx_hal_gpio.o
    0x08001156   0x08001156   0x0000000a   Code   RO         3084    i.HAL_GPIO_WritePin  stm32l4xx_hal_gpio.o
    0x08001160   0x08001160   0x0000000c   Code   RO         2420    i.HAL_GetTick       stm32l4xx_hal.o
    0x0800116c   0x0800116c   0x00000056   Code   RO         1035    i.HAL_I2CEx_ConfigAnalogFilter  stm32l4xx_hal_i2c_ex.o
    0x080011c2   0x080011c2   0x00000052   Code   RO         1036    i.HAL_I2CEx_ConfigDigitalFilter  stm32l4xx_hal_i2c_ex.o
    0x08001214   0x08001214   0x00000002   Code   RO          578    i.HAL_I2C_AbortCpltCallback  stm32l4xx_hal_i2c.o
    0x08001216   0x08001216   0x00000002   Code   RO          579    i.HAL_I2C_AddrCallback  stm32l4xx_hal_i2c.o
    0x08001218   0x08001218   0x00000068   Code   RO          582    i.HAL_I2C_ER_IRQHandler  stm32l4xx_hal_i2c.o
    0x08001280   0x08001280   0x00000010   Code   RO          583    i.HAL_I2C_EV_IRQHandler  stm32l4xx_hal_i2c.o
    0x08001290   0x08001290   0x00000002   Code   RO          585    i.HAL_I2C_ErrorCallback  stm32l4xx_hal_i2c.o
    0x08001292   0x08001292   0x00000002   PAD
    0x08001294   0x08001294   0x000000b8   Code   RO          589    i.HAL_I2C_Init      stm32l4xx_hal_i2c.o
    0x0800134c   0x0800134c   0x0000012a   Code   RO          590    i.HAL_I2C_IsDeviceReady  stm32l4xx_hal_i2c.o
    0x08001476   0x08001476   0x00000002   Code   RO          591    i.HAL_I2C_ListenCpltCallback  stm32l4xx_hal_i2c.o
    0x08001478   0x08001478   0x0000012a   Code   RO          595    i.HAL_I2C_Master_Receive  stm32l4xx_hal_i2c.o
    0x080015a2   0x080015a2   0x00000002   PAD
    0x080015a4   0x080015a4   0x0000012a   Code   RO          602    i.HAL_I2C_Master_Transmit  stm32l4xx_hal_i2c.o
    0x080016ce   0x080016ce   0x00000002   PAD
    0x080016d0   0x080016d0   0x00000084   Code   RO          519    i.HAL_I2C_MspInit   stm32l4xx_hal_msp.o
    0x08001754   0x08001754   0x00000002   Code   RO          615    i.HAL_I2C_SlaveRxCpltCallback  stm32l4xx_hal_i2c.o
    0x08001756   0x08001756   0x00000002   Code   RO          616    i.HAL_I2C_SlaveTxCpltCallback  stm32l4xx_hal_i2c.o
    0x08001758   0x08001758   0x00000010   Code   RO         2424    i.HAL_IncTick       stm32l4xx_hal.o
    0x08001768   0x08001768   0x0000001e   Code   RO         2425    i.HAL_Init          stm32l4xx_hal.o
    0x08001786   0x08001786   0x00000002   PAD
    0x08001788   0x08001788   0x00000030   Code   RO         2426    i.HAL_InitTick      stm32l4xx_hal.o
    0x080017b8   0x080017b8   0x0000003c   Code   RO          520    i.HAL_MspInit       stm32l4xx_hal_msp.o
    0x080017f4   0x080017f4   0x00000016   Code   RO         3573    i.HAL_NVIC_EnableIRQ  stm32l4xx_hal_cortex.o
    0x0800180a   0x0800180a   0x00000002   PAD
    0x0800180c   0x0800180c   0x00000040   Code   RO         3579    i.HAL_NVIC_SetPriority  stm32l4xx_hal_cortex.o
    0x0800184c   0x0800184c   0x00000024   Code   RO         3580    i.HAL_NVIC_SetPriorityGrouping  stm32l4xx_hal_cortex.o
    0x08001870   0x08001870   0x00000068   Code   RO         3371    i.HAL_PWREx_ControlVoltageScaling  stm32l4xx_hal_pwr_ex.o
    0x080018d8   0x080018d8   0x00000010   Code   RO         3396    i.HAL_PWREx_GetVoltageRange  stm32l4xx_hal_pwr_ex.o
    0x080018e8   0x080018e8   0x00000010   Code   RO         3263    i.HAL_PWR_EnableBkUpAccess  stm32l4xx_hal_pwr.o
    0x080018f8   0x080018f8   0x00000010   Code   RO         2712    i.HAL_RCCEx_EnableMSIPLLMode  stm32l4xx_hal_rcc_ex.o
    0x08001908   0x08001908   0x0000028a   Code   RO         2718    i.HAL_RCCEx_PeriphCLKConfig  stm32l4xx_hal_rcc_ex.o
    0x08001b92   0x08001b92   0x00000002   PAD
    0x08001b94   0x08001b94   0x00000118   Code   RO         2596    i.HAL_RCC_ClockConfig  stm32l4xx_hal_rcc.o
    0x08001cac   0x08001cac   0x00000024   Code   RO         2602    i.HAL_RCC_GetPCLK1Freq  stm32l4xx_hal_rcc.o
    0x08001cd0   0x08001cd0   0x00000024   Code   RO         2603    i.HAL_RCC_GetPCLK2Freq  stm32l4xx_hal_rcc.o
    0x08001cf4   0x08001cf4   0x000000a4   Code   RO         2604    i.HAL_RCC_GetSysClockFreq  stm32l4xx_hal_rcc.o
    0x08001d98   0x08001d98   0x000004b8   Code   RO         2607    i.HAL_RCC_OscConfig  stm32l4xx_hal_rcc.o
    0x08002250   0x08002250   0x00000028   Code   RO         3584    i.HAL_SYSTICK_Config  stm32l4xx_hal_cortex.o
    0x08002278   0x08002278   0x00000002   Code   RO         1730    i.HAL_TIMEx_Break2Callback  stm32l4xx_hal_tim_ex.o
    0x0800227a   0x0800227a   0x00000002   Code   RO         1731    i.HAL_TIMEx_BreakCallback  stm32l4xx_hal_tim_ex.o
    0x0800227c   0x0800227c   0x00000002   Code   RO         1732    i.HAL_TIMEx_CommutationCallback  stm32l4xx_hal_tim_ex.o
    0x0800227e   0x0800227e   0x00000036   Code   RO         1091    i.HAL_TIM_Base_Init  stm32l4xx_hal_tim.o
    0x080022b4   0x080022b4   0x0000003c   Code   RO          522    i.HAL_TIM_Base_MspInit  stm32l4xx_hal_msp.o
    0x080022f0   0x080022f0   0x00000030   Code   RO         1096    i.HAL_TIM_Base_Start_IT  stm32l4xx_hal_tim.o
    0x08002320   0x08002320   0x00000002   Code   RO         1120    i.HAL_TIM_IC_CaptureCallback  stm32l4xx_hal_tim.o
    0x08002322   0x08002322   0x00000184   Code   RO         1133    i.HAL_TIM_IRQHandler  stm32l4xx_hal_tim.o
    0x080024a6   0x080024a6   0x00000002   Code   RO         1136    i.HAL_TIM_OC_DelayElapsedCallback  stm32l4xx_hal_tim.o
    0x080024a8   0x080024a8   0x00000002   Code   RO         1163    i.HAL_TIM_PWM_PulseFinishedCallback  stm32l4xx_hal_tim.o
    0x080024aa   0x080024aa   0x00000002   PAD
    0x080024ac   0x080024ac   0x00000038   Code   RO           15    i.HAL_TIM_PeriodElapsedCallback  main.o
    0x080024e4   0x080024e4   0x00000002   Code   RO         1174    i.HAL_TIM_TriggerCallback  stm32l4xx_hal_tim.o
    0x080024e6   0x080024e6   0x00000002   Code   RO         2350    i.HAL_UARTEx_WakeupCallback  stm32l4xx_hal_uart_ex.o
    0x080024e8   0x080024e8   0x00000002   Code   RO         2009    i.HAL_UART_ErrorCallback  stm32l4xx_hal_uart.o
    0x080024ea   0x080024ea   0x00000002   PAD
    0x080024ec   0x080024ec   0x00000144   Code   RO         2012    i.HAL_UART_IRQHandler  stm32l4xx_hal_uart.o
    0x08002630   0x08002630   0x0000006a   Code   RO         2013    i.HAL_UART_Init     stm32l4xx_hal_uart.o
    0x0800269a   0x0800269a   0x00000002   PAD
    0x0800269c   0x0800269c   0x000000c4   Code   RO          524    i.HAL_UART_MspInit  stm32l4xx_hal_msp.o
    0x08002760   0x08002760   0x000000ac   Code   RO         2018    i.HAL_UART_Receive_IT  stm32l4xx_hal_uart.o
    0x0800280c   0x0800280c   0x00000214   Code   RO           16    i.HAL_UART_RxCpltCallback  main.o
    0x08002a20   0x08002a20   0x000000b0   Code   RO         2021    i.HAL_UART_Transmit  stm32l4xx_hal_uart.o
    0x08002ad0   0x08002ad0   0x00000068   Code   RO         2023    i.HAL_UART_Transmit_IT  stm32l4xx_hal_uart.o
    0x08002b38   0x08002b38   0x00000002   Code   RO           17    i.HAL_UART_TxCpltCallback  main.o
    0x08002b3a   0x08002b3a   0x00000002   Code   RO          292    i.HardFault_Handler  stm32l4xx_it.o
    0x08002b3c   0x08002b3c   0x0000000c   Code   RO          293    i.I2C1_ER_IRQHandler  stm32l4xx_it.o
    0x08002b48   0x08002b48   0x0000000c   Code   RO          294    i.I2C1_EV_IRQHandler  stm32l4xx_it.o
    0x08002b54   0x08002b54   0x00000028   Code   RO          628    i.I2C_DMAAbort      stm32l4xx_hal_i2c.o
    0x08002b7c   0x08002b7c   0x00000054   Code   RO          634    i.I2C_Disable_IRQ   stm32l4xx_hal_i2c.o
    0x08002bd0   0x08002bd0   0x00000022   Code   RO          636    i.I2C_Flush_TXDR    stm32l4xx_hal_i2c.o
    0x08002bf2   0x08002bf2   0x00000088   Code   RO          637    i.I2C_ITAddrCplt    stm32l4xx_hal_i2c.o
    0x08002c7a   0x08002c7a   0x00000002   PAD
    0x08002c7c   0x08002c7c   0x000000e0   Code   RO          638    i.I2C_ITError       stm32l4xx_hal_i2c.o
    0x08002d5c   0x08002d5c   0x00000060   Code   RO          639    i.I2C_ITListenCplt  stm32l4xx_hal_i2c.o
    0x08002dbc   0x08002dbc   0x000000ec   Code   RO          642    i.I2C_ITSlaveCplt   stm32l4xx_hal_i2c.o
    0x08002ea8   0x08002ea8   0x00000054   Code   RO          643    i.I2C_ITSlaveSequentialCplt  stm32l4xx_hal_i2c.o
    0x08002efc   0x08002efc   0x00000084   Code   RO          644    i.I2C_IsAcknowledgeFailed  stm32l4xx_hal_i2c.o
    0x08002f80   0x08002f80   0x00000120   Code   RO          650    i.I2C_Slave_ISR_IT  stm32l4xx_hal_i2c.o
    0x080030a0   0x080030a0   0x0000002c   Code   RO          651    i.I2C_TransferConfig  stm32l4xx_hal_i2c.o
    0x080030cc   0x080030cc   0x00000058   Code   RO          652    i.I2C_WaitOnFlagUntilTimeout  stm32l4xx_hal_i2c.o
    0x08003124   0x08003124   0x00000084   Code   RO          653    i.I2C_WaitOnRXNEFlagUntilTimeout  stm32l4xx_hal_i2c.o
    0x080031a8   0x080031a8   0x0000004c   Code   RO          654    i.I2C_WaitOnSTOPFlagUntilTimeout  stm32l4xx_hal_i2c.o
    0x080031f4   0x080031f4   0x00000050   Code   RO          655    i.I2C_WaitOnTXISFlagUntilTimeout  stm32l4xx_hal_i2c.o
    0x08003244   0x08003244   0x00000024   Code   RO         4081    i.ITM_SendChar      retarget_io.o
    0x08003268   0x08003268   0x00000002   Code   RO          295    i.MemManage_Handler  stm32l4xx_it.o
    0x0800326a   0x0800326a   0x00000002   Code   RO          296    i.NMI_Handler       stm32l4xx_it.o
    0x0800326c   0x0800326c   0x00000020   Code   RO         3586    i.NVIC_SetPriority  stm32l4xx_hal_cortex.o
    0x0800328c   0x0800328c   0x00000002   Code   RO          297    i.PendSV_Handler    stm32l4xx_it.o
    0x0800328e   0x0800328e   0x00000002   PAD
    0x08003290   0x08003290   0x0000012c   Code   RO         2722    i.RCCEx_PLLSAI1_Config  stm32l4xx_hal_rcc_ex.o
    0x080033bc   0x080033bc   0x00000002   Code   RO          298    i.RCC_IRQHandler    stm32l4xx_it.o
    0x080033be   0x080033be   0x00000002   PAD
    0x080033c0   0x080033c0   0x0000007c   Code   RO         2608    i.RCC_SetFlashLatencyFromMSIRange  stm32l4xx_hal_rcc.o
    0x0800343c   0x0800343c   0x00000002   Code   RO          299    i.SVC_Handler       stm32l4xx_it.o
    0x0800343e   0x0800343e   0x00000004   Code   RO          300    i.SysTick_Handler   stm32l4xx_it.o
    0x08003442   0x08003442   0x00000002   PAD
    0x08003444   0x08003444   0x00000044   Code   RO         3776    i.SystemInit        system_stm32l4xx.o
    0x08003488   0x08003488   0x0000000c   Code   RO          301    i.TIM1_UP_TIM16_IRQHandler  stm32l4xx_it.o
    0x08003494   0x08003494   0x0000006c   Code   RO         1175    i.TIM_Base_SetConfig  stm32l4xx_hal_tim.o
    0x08003500   0x08003500   0x000000c8   Code   RO         2026    i.UART_AdvFeatureConfig  stm32l4xx_hal_uart.o
    0x080035c8   0x080035c8   0x0000005c   Code   RO         2027    i.UART_CheckIdleState  stm32l4xx_hal_uart.o
    0x08003624   0x08003624   0x00000014   Code   RO         2028    i.UART_DMAAbortOnError  stm32l4xx_hal_uart.o
    0x08003638   0x08003638   0x00000020   Code   RO         2038    i.UART_EndRxTransfer  stm32l4xx_hal_uart.o
    0x08003658   0x08003658   0x0000005c   Code   RO         2040    i.UART_RxISR_16BIT  stm32l4xx_hal_uart.o
    0x080036b4   0x080036b4   0x0000005a   Code   RO         2041    i.UART_RxISR_8BIT   stm32l4xx_hal_uart.o
    0x0800370e   0x0800370e   0x00000002   PAD
    0x08003710   0x08003710   0x00000234   Code   RO         2042    i.UART_SetConfig    stm32l4xx_hal_uart.o
    0x08003944   0x08003944   0x00000042   Code   RO         2043    i.UART_TxISR_16BIT  stm32l4xx_hal_uart.o
    0x08003986   0x08003986   0x0000003c   Code   RO         2044    i.UART_TxISR_8BIT   stm32l4xx_hal_uart.o
    0x080039c2   0x080039c2   0x00000064   Code   RO         2045    i.UART_WaitOnFlagUntilTimeout  stm32l4xx_hal_uart.o
    0x08003a26   0x08003a26   0x00000002   PAD
    0x08003a28   0x08003a28   0x0000000c   Code   RO          302    i.USART1_IRQHandler  stm32l4xx_it.o
    0x08003a34   0x08003a34   0x0000000c   Code   RO          303    i.USART2_IRQHandler  stm32l4xx_it.o
    0x08003a40   0x08003a40   0x00000002   Code   RO          304    i.UsageFault_Handler  stm32l4xx_it.o
    0x08003a42   0x08003a42   0x00000002   PAD
    0x08003a44   0x08003a44   0x00000090   Code   RO           18    i._Z10setPackagePhftt  main.o
    0x08003ad4   0x08003ad4   0x00000060   Code   RO         3939    i._Z11common_initv  adafruit_gps.o
    0x08003b34   0x08003b34   0x0000003c   Code   RO         3940    i._Z11sendCommand20__UART_HandleTypeDefPc  adafruit_gps.o
    0x08003b70   0x08003b70   0x00000004   Code   RO         3941    i._Z12Adafruit_GPS20__UART_HandleTypeDef  adafruit_gps.o
    0x08003b74   0x08003b74   0x000000a4   Code   RO           20    i._Z12MX_GPIO_Initv  main.o
    0x08003c18   0x08003c18   0x00000044   Code   RO           21    i._Z12MX_I2C1_Initv  main.o
    0x08003c5c   0x08003c5c   0x0000006c   Code   RO           23    i._Z15convertDMStoGPSf  main.o
    0x08003cc8   0x08003cc8   0x0000000c   Code   RO         3942    i._Z15newNMEAreceivedv  adafruit_gps.o
    0x08003cd4   0x08003cd4   0x00000032   Code   RO         3813    i._Z16maxim_find_peaksPiS_S_iiii  algorithm.o
    0x08003d06   0x08003d06   0x00000002   PAD
    0x08003d08   0x08003d08   0x00000032   Code   RO         3814    i._Z17maxim_sort_ascendPii  algorithm.o
    0x08003d3a   0x08003d3a   0x00000002   PAD
    0x08003d3c   0x08003d3c   0x00000094   Code   RO           25    i._Z18SystemClock_Configv  main.o
    0x08003dd0   0x08003dd0   0x0000002c   Code   RO           26    i._Z19MX_USART1_UART_Initv  main.o
    0x08003dfc   0x08003dfc   0x0000002c   Code   RO           27    i._Z19MX_USART2_UART_Initv  main.o
    0x08003e28   0x08003e28   0x0000040a   Code   RO         3879    i._Z19maxim_max30102_init19__I2C_HandleTypeDef  max30102.o
    0x08004232   0x08004232   0x0000006c   Code   RO         3880    i._Z20maxim_max30102_reset19__I2C_HandleTypeDef  max30102.o
    0x0800429e   0x0800429e   0x000000ba   Code   RO         3881    i._Z22maxim_max30102_restart19__I2C_HandleTypeDef  max30102.o
    0x08004358   0x08004358   0x00000044   Code   RO         3882    i._Z23maxim_max30102_read_reg19__I2C_HandleTypeDefhPh  max30102.o
    0x0800439c   0x0800439c   0x00000142   Code   RO         3883    i._Z24maxim_max30102_read_fifo19__I2C_HandleTypeDefPjS0_  max30102.o
    0x080044de   0x080044de   0x0000002e   Code   RO         3884    i._Z24maxim_max30102_write_reg19__I2C_HandleTypeDefhh  max30102.o
    0x0800450c   0x0800450c   0x0000006c   Code   RO         3815    i._Z24maxim_remove_close_peaksPiS_S_i  algorithm.o
    0x08004578   0x08004578   0x0000003a   Code   RO         3816    i._Z26maxim_sort_indices_descendPiS_i  algorithm.o
    0x080045b2   0x080045b2   0x0000006a   Code   RO         3817    i._Z28maxim_peaks_above_min_heightPiS_S_ii  algorithm.o
    0x0800461c   0x0800461c   0x0000042e   Code   RO         3818    i._Z38maxim_heart_rate_and_oxygen_saturationPjiS_PiPaS0_S1_  algorithm.o
    0x08004a4a   0x08004a4a   0x00000002   PAD
    0x08004a4c   0x08004a4c   0x00000058   Code   RO         3946    i._Z4readh          adafruit_gps.o
    0x08004aa4   0x08004aa4   0x000003ae   Code   RO         3947    i._Z5parsePc        adafruit_gps.o
    0x08004e52   0x08004e52   0x00000002   PAD
    0x08004e54   0x08004e54   0x00000058   Code   RO           28    i._Z8findigitf      main.o
    0x08004eac   0x08004eac   0x00000010   Code   RO         3951    i._Z8lastNMEAv      adafruit_gps.o
    0x08004ebc   0x08004ebc   0x0000001e   Code   RO         3952    i._Z8parseHexc      adafruit_gps.o
    0x08004eda   0x08004eda   0x00000002   PAD
    0x08004edc   0x08004edc   0x0000013a   Code   RO           29    i._Z9calibratev     main.o
    0x08005016   0x08005016   0x00000004   Code   RO         4051    i._ZSt6strchrPci    adafruit_gps.o
    0x0800501a   0x0800501a   0x00000002   PAD
    0x0800501c   0x0800501c   0x00000020   Code   RO         4461    i.__0printf         mc_w.l(printfa.o)
    0x0800503c   0x0800503c   0x00000008   Code   RO         4533    i.__aeabi_errno_addr  mc_w.l(errno.o)
    0x08005044   0x08005044   0x00000004   PAD
    0x08005048   0x08005048   0x00000038   Code   RO         4150    i.__hardfp_atof     m_wm.l(atof.o)
    0x08005080   0x08005080   0x00000070   Code   RO         4156    i.__hardfp_floorf   m_wm.l(floorf.o)
    0x080050f0   0x080050f0   0x00000104   Code   RO         4162    i.__hardfp_fmod     m_wm.l(fmod.o)
    0x080051f4   0x080051f4   0x00000004   PAD
    0x080051f8   0x080051f8   0x00000020   Code   RO         4502    i.__mathlib_dbl_invalid  m_wm.l(dunder.o)
    0x08005218   0x08005218   0x0000000c   Code   RO         4534    i.__read_errno      mc_w.l(errno.o)
    0x08005224   0x08005224   0x0000000e   Code   RO         4582    i.__scatterload_copy  mc_w.l(handlers.o)
    0x08005232   0x08005232   0x00000002   Code   RO         4583    i.__scatterload_null  mc_w.l(handlers.o)
    0x08005234   0x08005234   0x0000000e   Code   RO         4584    i.__scatterload_zeroinit  mc_w.l(handlers.o)
    0x08005242   0x08005242   0x00000002   PAD
    0x08005244   0x08005244   0x0000000c   Code   RO         4535    i.__set_errno       mc_w.l(errno.o)
    0x08005250   0x08005250   0x0000018a   Code   RO         4468    i._fp_digits        mc_w.l(printfa.o)
    0x080053da   0x080053da   0x0000000e   Code   RO         4567    i._is_digit         mc_w.l(scanf_fp.o)
    0x080053e8   0x080053e8   0x000006e2   Code   RO         4469    i._printf_core      mc_w.l(printfa.o)
    0x08005aca   0x08005aca   0x00000024   Code   RO         4470    i._printf_post_padding  mc_w.l(printfa.o)
    0x08005aee   0x08005aee   0x0000002e   Code   RO         4471    i._printf_pre_padding  mc_w.l(printfa.o)
    0x08005b1c   0x08005b1c   0x00000020   Code   RO         4086    i.fputc             retarget_io.o
    0x08005b3c   0x08005b3c   0x00000800   Code   RO           30    i.main              main.o
    0x0800633c   0x0800633c   0x00000040   Data   RO         3777    .constdata          system_stm32l4xx.o
    0x0800637c   0x0800637c   0x00000008   Data   RO         3778    .constdata          system_stm32l4xx.o
    0x08006384   0x08006384   0x000000f6   Data   RO         3826    .constdata          algorithm.o
    0x0800647a   0x0800647a   0x00000081   Data   RO         4187    .constdata          mc_w.l(ctype_o.o)
    0x080064fb   0x080064fb   0x00000001   PAD
    0x080064fc   0x080064fc   0x00000004   Data   RO         4188    .constdata          mc_w.l(ctype_o.o)
    0x08006500   0x08006500   0x00000020   Data   RO         4580    Region$$Table       anon$$obj.o


    Execution Region RW_IRAM1 (Exec base: 0x20000000, Load base: 0x08006520, Size: 0x00002e90, Max: 0x00010000, ABSOLUTE)

    Exec Addr    Load Addr    Size         Type   Attr      Idx    E Section Name        Object

    0x20000000   0x08006520   0x000000a8   Data   RW           51    .data               main.o
    0x200000a8   0x080065c8   0x00000004   Data   RW         2436    .data               stm32l4xx_hal.o
    0x200000ac   0x080065cc   0x00000004   Data   RW         3779    .data               system_stm32l4xx.o
    0x200000b0   0x080065d0   0x00000048   Data   RW         3968    .data               adafruit_gps.o
    0x200000f8   0x08006618   0x00000004   Data   RW         4182    .data               mc_w.l(stdout.o)
    0x200000fc   0x0800661c   0x00000004   Data   RW         4183    .data               mc_w.l(stderr.o)
    0x20000100   0x08006620   0x00000004   Data   RW         4536    .data               mc_w.l(errno.o)
    0x20000104        -       0x00001138   Zero   RW           49    .bss                main.o
    0x2000123c        -       0x00001760   Zero   RW         3825    .bss                algorithm.o
    0x2000299c        -       0x000000f0   Zero   RW         3967    .bss                adafruit_gps.o
    0x20002a8c   0x08006624   0x00000004   PAD
    0x20002a90        -       0x00000400   Zero   RW            1    STACK               startup_stm32l432xx.o


==============================================================================

Image component sizes


      Code (inc. data)   RO Data    RW Data    ZI Data      Debug   Object Name

      1252         80          0         72        240       8883   adafruit_gps.o
      1442         36        246          0       5984       8515   algorithm.o
      3812        586          0        168       4408     667112   main.o
      1764          0          0          0          0       5018   max30102.o
        68         14          0          0          0       3447   retarget_io.o
        36          8        396          0       1024        852   startup_stm32l432xx.o
       134         18          0          4          0       4267   stm32l4xx_hal.o
       194         14          0          0          0      30511   stm32l4xx_hal_cortex.o
        78          0          0          0          0       1115   stm32l4xx_hal_dma.o
       444         26          0          0          0       3728   stm32l4xx_hal_gpio.o
      2984         82          0          0          0      23670   stm32l4xx_hal_i2c.o
       168          0          0          0          0       1971   stm32l4xx_hal_i2c_ex.o
       448         40          0          0          0       3154   stm32l4xx_hal_msp.o
        16          4          0          0          0        563   stm32l4xx_hal_pwr.o
       120         20          0          0          0       1402   stm32l4xx_hal_pwr_ex.o
      1848         86          0          0          0       7116   stm32l4xx_hal_rcc.o
       966         36          0          0          0       3681   stm32l4xx_hal_rcc_ex.o
       606         18          0          0          0       6833   stm32l4xx_hal_tim.o
         6          0          0          0          0       2245   stm32l4xx_hal_tim_ex.o
      2200         78          0          0          0      14025   stm32l4xx_hal_uart.o
         2          0          0          0          0       1040   stm32l4xx_hal_uart_ex.o
        94         30          0          0          0     670318   stm32l4xx_it.o
        68         12         72          4          0       1265   system_stm32l4xx.o

    ----------------------------------------------------------------------
     18794       1188        746        248      11660    1470731   Object Totals
         0          0         32          0          0          0   (incl. Generated)
        44          0          0          0          4          0   (incl. Padding)

    ----------------------------------------------------------------------

      Code (inc. data)   RO Data    RW Data    ZI Data      Debug   Library Member Name

        56         12          0          0          0        132   atof.o
        32          8          0          0          0        124   dunder.o
       112         14          0          0          0        116   floorf.o
       260          6          0          0          0        144   fmod.o
        28          0          0          0          0         68   _chval.o
        64          0          0          0          0         84   _sgetc.o
       164          0          0          0          0         92   _strtoul.o
        26          0          0          0          0         80   atoi.o
         8          4        133          0          0         68   ctype_o.o
         0          0          0          0          0          0   entry.o
         0          0          0          0          0          0   entry10a.o
         0          0          0          0          0          0   entry11a.o
         8          4          0          0          0          0   entry2.o
         4          0          0          0          0          0   entry5.o
         0          0          0          0          0          0   entry7b.o
         0          0          0          0          0          0   entry8b.o
         8          4          0          0          0          0   entry9a.o
        32         16          0          4          0        204   errno.o
        30          0          0          0          0          0   handlers.o
        36          8          0          0          0         68   init.o
        18          0          0          0          0         76   isspace_o.o
         0          0          0          0          0          0   iusefp.o
        30          0          0          0          0         68   llshl.o
        36          0          0          0          0         68   llsshr.o
        32          0          0          0          0         68   llushr.o
        36          0          0          0          0         68   memcpya.o
        36          0          0          0          0        108   memseta.o
      2270         90          0          0          0        452   printfa.o
       884         12          0          0          0        216   scanf_fp.o
         0          0          0          4          0          0   stderr.o
         0          0          0          4          0          0   stdout.o
        20          0          0          0          0         68   strchr.o
        14          0          0          0          0         68   strlen.o
        36          0          0          0          0         80   strstr.o
       156         12          0          0          0        120   strtod.o
       112          0          0          0          0         88   strtol.o
        44          0          0          0          0         80   uidiv.o
       104          0          0          0          0         92   uldiv.o
        48          0          0          0          0         68   cdrcmple.o
        56          0          0          0          0         88   d2f.o
       350          0          0          0          0        148   dadd.o
       222          0          0          0          0        100   ddiv.o
       186          0          0          0          0        176   depilogue.o
        50          0          0          0          0         76   dfixui.o
        48          0          0          0          0         68   dfixul.o
        24          0          0          0          0         76   dfltul.o
       234          0          0          0          0         96   dmul.o
       140          0          0          0          0         96   drem.o
        38          0          0          0          0         68   f2d.o
       110          0          0          0          0        168   fepilogue.o

    ----------------------------------------------------------------------
      6214        198        134         12          0       4128   Library Totals
        12          8          1          0          0          0   (incl. Padding)

    ----------------------------------------------------------------------

      Code (inc. data)   RO Data    RW Data    ZI Data      Debug   Library Name

       460         40          0          0          0        516   m_wm.l
      4236        150        133         12          0       2384   mc_w.l
      1506          0          0          0          0       1228   mf_w.l

    ----------------------------------------------------------------------
      6214        198        134         12          0       4128   Library Totals

    ----------------------------------------------------------------------

==============================================================================


      Code (inc. data)   RO Data    RW Data    ZI Data      Debug   

     25008       1386        880        260      11660    1459539   Grand Totals
     25008       1386        880        260      11660    1459539   ELF Image Totals
     25008       1386        880        260          0          0   ROM Totals

==============================================================================

    Total RO  Size (Code + RO Data)                25888 (  25.28kB)
    Total RW  Size (RW Data + ZI Data)             11920 (  11.64kB)
    Total ROM Size (Code + RO Data + RW Data)      26148 (  25.54kB)

==============================================================================

