Component: ARM Compiler 5.06 update 6 (build 750) Tool: armlink [4d35ed]

==============================================================================

Section Cross References

    startup_stm32l432xx.o(RESET) refers to startup_stm32l432xx.o(STACK) for __initial_sp
    startup_stm32l432xx.o(RESET) refers to startup_stm32l432xx.o(.text) for Reset_Handler
    startup_stm32l432xx.o(RESET) refers to stm32l4xx_it.o(i.NMI_Handler) for NMI_Handler
    startup_stm32l432xx.o(RESET) refers to stm32l4xx_it.o(i.HardFault_Handler) for HardFault_Handler
    startup_stm32l432xx.o(RESET) refers to stm32l4xx_it.o(i.MemManage_Handler) for MemManage_Handler
    startup_stm32l432xx.o(RESET) refers to stm32l4xx_it.o(i.BusFault_Handler) for BusFault_Handler
    startup_stm32l432xx.o(RESET) refers to stm32l4xx_it.o(i.UsageFault_Handler) for UsageFault_Handler
    startup_stm32l432xx.o(RESET) refers to stm32l4xx_it.o(i.SVC_Handler) for SVC_Handler
    startup_stm32l432xx.o(RESET) refers to stm32l4xx_it.o(i.DebugMon_Handler) for DebugMon_Handler
    startup_stm32l432xx.o(RESET) refers to stm32l4xx_it.o(i.PendSV_Handler) for PendSV_Handler
    startup_stm32l432xx.o(RESET) refers to stm32l4xx_it.o(i.SysTick_Handler) for SysTick_Handler
    startup_stm32l432xx.o(RESET) refers to stm32l4xx_it.o(i.RCC_IRQHandler) for RCC_IRQHandler
    startup_stm32l432xx.o(RESET) refers to stm32l4xx_it.o(i.EXTI4_IRQHandler) for EXTI4_IRQHandler
    startup_stm32l432xx.o(RESET) refers to stm32l4xx_it.o(i.EXTI9_5_IRQHandler) for EXTI9_5_IRQHandler
    startup_stm32l432xx.o(RESET) refers to stm32l4xx_it.o(i.I2C1_EV_IRQHandler) for I2C1_EV_IRQHandler
    startup_stm32l432xx.o(RESET) refers to stm32l4xx_it.o(i.I2C1_ER_IRQHandler) for I2C1_ER_IRQHandler
    startup_stm32l432xx.o(RESET) refers to stm32l4xx_it.o(i.USART1_IRQHandler) for USART1_IRQHandler
    startup_stm32l432xx.o(RESET) refers to stm32l4xx_it.o(i.USART2_IRQHandler) for USART2_IRQHandler
    startup_stm32l432xx.o(.text) refers to system_stm32l4xx.o(i.SystemInit) for SystemInit
    startup_stm32l432xx.o(.text) refers to entry.o(.ARM.Collect$$$$00000000) for __main
    main.o(i.HAL_GPIO_EXTI_Callback) refers to main.o(.data) for .data
    main.o(i.HAL_UART_RxCpltCallback) refers to stm32l4xx_hal_uart.o(i.HAL_UART_Receive_IT) for HAL_UART_Receive_IT
    main.o(i.HAL_UART_RxCpltCallback) refers to adafruit_gps.o(i._Z4readh) for read(unsigned char)
    main.o(i.HAL_UART_RxCpltCallback) refers to adafruit_gps.o(i._Z15newNMEAreceivedv) for newNMEAreceived()
    main.o(i.HAL_UART_RxCpltCallback) refers to adafruit_gps.o(i._Z8lastNMEAv) for lastNMEA()
    main.o(i.HAL_UART_RxCpltCallback) refers to adafruit_gps.o(i._Z5parsePc) for parse(char*)
    main.o(i.HAL_UART_RxCpltCallback) refers to printfa.o(i.__0printf) for __2printf
    main.o(i.HAL_UART_RxCpltCallback) refers to f2d.o(.text) for __aeabi_f2d
    main.o(i.HAL_UART_RxCpltCallback) refers to main.o(.data) for .data
    main.o(i.HAL_UART_RxCpltCallback) refers to main.o(.bss) for .bss
    main.o(i.HAL_UART_RxCpltCallback) refers to adafruit_gps.o(.data) for milliseconds
    main.o(i._Z10setPackagePhftt) refers to main.o(i._Z8findigitf) for findigit(float)
    main.o(i._Z10setPackagePhftt) refers to main.o(.data) for .data
    main.o(i._Z11quick_pow10i) refers to main.o(.data) for .data
    main.o(i._Z12MX_GPIO_Initv) refers to memseta.o(.text) for __aeabi_memclr4
    main.o(i._Z12MX_GPIO_Initv) refers to stm32l4xx_hal_gpio.o(i.HAL_GPIO_Init) for HAL_GPIO_Init
    main.o(i._Z12MX_GPIO_Initv) refers to stm32l4xx_hal_cortex.o(i.HAL_NVIC_SetPriority) for HAL_NVIC_SetPriority
    main.o(i._Z12MX_GPIO_Initv) refers to stm32l4xx_hal_cortex.o(i.HAL_NVIC_EnableIRQ) for HAL_NVIC_EnableIRQ
    main.o(i._Z12MX_I2C1_Initv) refers to stm32l4xx_hal_i2c.o(i.HAL_I2C_Init) for HAL_I2C_Init
    main.o(i._Z12MX_I2C1_Initv) refers to stm32l4xx_hal_i2c_ex.o(i.HAL_I2CEx_ConfigAnalogFilter) for HAL_I2CEx_ConfigAnalogFilter
    main.o(i._Z12MX_I2C1_Initv) refers to stm32l4xx_hal_i2c_ex.o(i.HAL_I2CEx_ConfigDigitalFilter) for HAL_I2CEx_ConfigDigitalFilter
    main.o(i._Z12MX_I2C1_Initv) refers to main.o(.bss) for .bss
    main.o(i._Z13resetButStatev) refers to main.o(.data) for .data
    main.o(i._Z15convertDMStoGPSf) refers to floorf.o(i.__hardfp_floorf) for __hardfp_floorf
    main.o(i._Z16string2hexStringPcS_) refers to printfa.o(i.__0sprintf) for __2sprintf
    main.o(i._Z18SystemClock_Configv) refers to memseta.o(.text) for __aeabi_memclr4
    main.o(i._Z18SystemClock_Configv) refers to stm32l4xx_hal_pwr.o(i.HAL_PWR_EnableBkUpAccess) for HAL_PWR_EnableBkUpAccess
    main.o(i._Z18SystemClock_Configv) refers to stm32l4xx_hal_rcc.o(i.HAL_RCC_OscConfig) for HAL_RCC_OscConfig
    main.o(i._Z18SystemClock_Configv) refers to stm32l4xx_hal_rcc.o(i.HAL_RCC_ClockConfig) for HAL_RCC_ClockConfig
    main.o(i._Z18SystemClock_Configv) refers to stm32l4xx_hal_rcc_ex.o(i.HAL_RCCEx_PeriphCLKConfig) for HAL_RCCEx_PeriphCLKConfig
[...]
    .text                                    0x080002c6   Section        0  strlen.o(.text)
    .text                                    0x080002d4   Section        0  atoi.o(.text)
    .text                                    0x080002ee   Section        0  dmul.o(.text)
    .text                                    0x080003d8   Section        0  dfixui.o(.text)
    .text                                    0x0800040a   Section        0  f2d.o(.text)
    .text                                    0x08000430   Section        0  d2f.o(.text)
    .text                                    0x08000468   Section        0  uidiv.o(.text)
    .text                                    0x08000494   Section        0  llshl.o(.text)
    .text                                    0x080004b2   Section        0  llushr.o(.text)
    .text                                    0x080004d4   Section        0  strtod.o(.text)
    _local_sscanf                            0x080004d5   Thumb Code    54  strtod.o(.text)
    .text                                    0x08000570   Section        0  strtol.o(.text)
    .text                                    0x080005e0   Section        0  iusefp.o(.text)
    .text                                    0x080005e0   Section        0  fepilogue.o(.text)
    .text                                    0x0800064e   Section        0  depilogue.o(.text)
    .text                                    0x08000708   Section        0  dadd.o(.text)
    .text                                    0x08000866   Section        0  ddiv.o(.text)
    .text                                    0x08000944   Section        0  drem.o(.text)
    .text                                    0x080009d0   Section        0  dfixul.o(.text)
    .text                                    0x08000a00   Section       48  cdrcmple.o(.text)
    .text                                    0x08000a30   Section       36  init.o(.text)
    .text                                    0x08000a54   Section        0  llsshr.o(.text)
    .text                                    0x08000a78   Section        0  scanf_fp.o(.text)
    _fp_value                                0x08000a79   Thumb Code   296  scanf_fp.o(.text)
    .text                                    0x08000dde   Section        0  _sgetc.o(.text)
    .text                                    0x08000e1e   Section        0  _strtoul.o(.text)
    .text                                    0x08000ec2   Section        0  _chval.o(.text)
    .text                                    0x08000ede   Section        0  dfltul.o(.text)
    i.BusFault_Handler                       0x08000ef6   Section        0  stm32l4xx_it.o(i.BusFault_Handler)
    i.DebugMon_Handler                       0x08000ef8   Section        0  stm32l4xx_it.o(i.DebugMon_Handler)
    i.EXTI4_IRQHandler                       0x08000efa   Section        0  stm32l4xx_it.o(i.EXTI4_IRQHandler)
    i.EXTI9_5_IRQHandler                     0x08000f00   Section        0  stm32l4xx_it.o(i.EXTI9_5_IRQHandler)
    i.HAL_DMA_Abort_IT                       0x08000f06   Section        0  stm32l4xx_hal_dma.o(i.HAL_DMA_Abort_IT)
    i.HAL_Delay                              0x08000f54   Section        0  stm32l4xx_hal.o(i.HAL_Delay)
    i.HAL_GPIO_EXTI_Callback                 0x08000f70   Section        0  main.o(i.HAL_GPIO_EXTI_Callback)
    i.HAL_GPIO_EXTI_IRQHandler               0x08000fa4   Section        0  stm32l4xx_hal_gpio.o(i.HAL_GPIO_EXTI_IRQHandler)
    i.HAL_GPIO_Init                          0x08000fbc   Section        0  stm32l4xx_hal_gpio.o(i.HAL_GPIO_Init)
    i.HAL_GetTick                            0x08001150   Section        0  stm32l4xx_hal.o(i.HAL_GetTick)
    i.HAL_I2CEx_ConfigAnalogFilter           0x0800115c   Section        0  stm32l4xx_hal_i2c_ex.o(i.HAL_I2CEx_ConfigAnalogFilter)
    i.HAL_I2CEx_ConfigDigitalFilter          0x080011b2   Section        0  stm32l4xx_hal_i2c_ex.o(i.HAL_I2CEx_ConfigDigitalFilter)
    i.HAL_I2C_AbortCpltCallback              0x08001204   Section        0  stm32l4xx_hal_i2c.o(i.HAL_I2C_AbortCpltCallback)
    i.HAL_I2C_AddrCallback                   0x08001206   Section        0  stm32l4xx_hal_i2c.o(i.HAL_I2C_AddrCallback)
    i.HAL_I2C_ER_IRQHandler                  0x08001208   Section        0  stm32l4xx_hal_i2c.o(i.HAL_I2C_ER_IRQHandler)
    i.HAL_I2C_EV_IRQHandler                  0x08001270   Section        0  stm32l4xx_hal_i2c.o(i.HAL_I2C_EV_IRQHandler)
    i.HAL_I2C_ErrorCallback                  0x08001280   Section        0  stm32l4xx_hal_i2c.o(i.HAL_I2C_ErrorCallback)
    i.HAL_I2C_Init                           0x08001284   Section        0  stm32l4xx_hal_i2c.o(i.HAL_I2C_Init)
    i.HAL_I2C_IsDeviceReady                  0x0800133c   Section        0  stm32l4xx_hal_i2c.o(i.HAL_I2C_IsDeviceReady)
    i.HAL_I2C_ListenCpltCallback             0x08001466   Section        0  stm32l4xx_hal_i2c.o(i.HAL_I2C_ListenCpltCallback)
    i.HAL_I2C_Master_Receive                 0x08001468   Section        0  stm32l4xx_hal_i2c.o(i.HAL_I2C_Master_Receive)
    i.HAL_I2C_Master_Transmit                0x08001594   Section        0  stm32l4xx_hal_i2c.o(i.HAL_I2C_Master_Transmit)
    i.HAL_I2C_MspInit                        0x080016c0   Section        0  stm32l4xx_hal_msp.o(i.HAL_I2C_MspInit)
    i.HAL_I2C_SlaveRxCpltCallback            0x08001744   Section        0  stm32l4xx_hal_i2c.o(i.HAL_I2C_SlaveRxCpltCallback)
    i.HAL_I2C_SlaveTxCpltCallback            0x08001746   Section        0  stm32l4xx_hal_i2c.o(i.HAL_I2C_SlaveTxCpltCallback)
    i.HAL_IncTick                            0x08001748   Section        0  stm32l4xx_hal.o(i.HAL_IncTick)
    i.HAL_Init                               0x08001758   Section        0  stm32l4xx_hal.o(i.HAL_Init)
    i.HAL_InitTick                           0x08001778   Section        0  stm32l4xx_hal.o(i.HAL_InitTick)
    i.HAL_MspInit                            0x080017a8   Section        0  stm32l4xx_hal_msp.o(i.HAL_MspInit)
    i.HAL_NVIC_EnableIRQ                     0x080017e4   Section        0  stm32l4xx_hal_cortex.o(i.HAL_NVIC_EnableIRQ)
    i.HAL_NVIC_SetPriority                   0x080017fc   Section        0  stm32l4xx_hal_cortex.o(i.HAL_NVIC_SetPriority)
    i.HAL_NVIC_SetPriorityGrouping           0x0800183c   Section        0  stm32l4xx_hal_cortex.o(i.HAL_NVIC_SetPriorityGrouping)
    i.HAL_PWREx_ControlVoltageScaling        0x08001860   Section        0  stm32l4xx_hal_pwr_ex.o(i.HAL_PWREx_ControlVoltageScaling)
    i.HAL_PWREx_GetVoltageRange              0x080018c8   Section        0  stm32l4xx_hal_pwr_ex.o(i.HAL_PWREx_GetVoltageRange)
    i.HAL_PWR_EnableBkUpAccess               0x080018d8   Section        0  stm32l4xx_hal_pwr.o(i.HAL_PWR_EnableBkUpAccess)
    i.HAL_RCCEx_EnableMSIPLLMode             0x080018e8   Section        0  stm32l4xx_hal_rcc_ex.o(i.HAL_RCCEx_EnableMSIPLLMode)
    i.HAL_RCCEx_PeriphCLKConfig              0x080018f8   Section        0  stm32l4xx_hal_rcc_ex.o(i.HAL_RCCEx_PeriphCLKConfig)
    i.HAL_RCC_ClockConfig                    0x08001b84   Section        0  stm32l4xx_hal_rcc.o(i.HAL_RCC_ClockConfig)
    i.HAL_RCC_GetPCLK1Freq                   0x08001c9c   Section        0  stm32l4xx_hal_rcc.o(i.HAL_RCC_GetPCLK1Freq)
    i.HAL_RCC_GetPCLK2Freq                   0x08001cc0   Section        0  stm32l4xx_hal_rcc.o(i.HAL_RCC_GetPCLK2Freq)
    i.HAL_RCC_GetSysClockFreq                0x08001ce4   Section        0  stm32l4xx_hal_rcc.o(i.HAL_RCC_GetSysClockFreq)
    i.HAL_RCC_OscConfig                      0x08001d88   Section        0  stm32l4xx_hal_rcc.o(i.HAL_RCC_OscConfig)
    i.HAL_SYSTICK_Config                     0x08002240   Section        0  stm32l4xx_hal_cortex.o(i.HAL_SYSTICK_Config)
    i.HAL_UARTEx_WakeupCallback              0x08002268   Section        0  stm32l4xx_hal_uart_ex.o(i.HAL_UARTEx_WakeupCallback)
    i.HAL_UART_ErrorCallback                 0x0800226a   Section        0  stm32l4xx_hal_uart.o(i.HAL_UART_ErrorCallback)
    i.HAL_UART_IRQHandler                    0x0800226c   Section        0  stm32l4xx_hal_uart.o(i.HAL_UART_IRQHandler)
    i.HAL_UART_Init                          0x080023b0   Section        0  stm32l4xx_hal_uart.o(i.HAL_UART_Init)
    i.HAL_UART_MspInit                       0x0800241c   Section        0  stm32l4xx_hal_msp.o(i.HAL_UART_MspInit)
    i.HAL_UART_Receive_IT                    0x080024e0   Section        0  stm32l4xx_hal_uart.o(i.HAL_UART_Receive_IT)
    i.HAL_UART_RxCpltCallback                0x0800258c   Section        0  main.o(i.HAL_UART_RxCpltCallback)
    i.HAL_UART_Transmit                      0x080027a0   Section        0  stm32l4xx_hal_uart.o(i.HAL_UART_Transmit)
    i.HAL_UART_Transmit_IT                   0x08002850   Section        0  stm32l4xx_hal_uart.o(i.HAL_UART_Transmit_IT)
    i.HAL_UART_TxCpltCallback                0x080028b8   Section        0  main.o(i.HAL_UART_TxCpltCallback)
    i.HardFault_Handler                      0x080028ba   Section        0  stm32l4xx_it.o(i.HardFault_Handler)
    i.I2C1_ER_IRQHandler                     0x080028bc   Section        0  stm32l4xx_it.o(i.I2C1_ER_IRQHandler)
    i.I2C1_EV_IRQHandler                     0x080028c8   Section        0  stm32l4xx_it.o(i.I2C1_EV_IRQHandler)
    i.I2C_DMAAbort                           0x080028d4   Section        0  stm32l4xx_hal_i2c.o(i.I2C_DMAAbort)
    I2C_DMAAbort                             0x080028d5   Thumb Code    40  stm32l4xx_hal_i2c.o(i.I2C_DMAAbort)
    i.I2C_Disable_IRQ                        0x080028fc   Section        0  stm32l4xx_hal_i2c.o(i.I2C_Disable_IRQ)
    I2C_Disable_IRQ                          0x080028fd   Thumb Code    84  stm32l4xx_hal_i2c.o(i.I2C_Disable_IRQ)
    i.I2C_Flush_TXDR                         0x08002950   Section        0  stm32l4xx_hal_i2c.o(i.I2C_Flush_TXDR)
    I2C_Flush_TXDR                           0x08002951   Thumb Code    34  stm32l4xx_hal_i2c.o(i.I2C_Flush_TXDR)
    i.I2C_ITAddrCplt                         0x08002972   Section        0  stm32l4xx_hal_i2c.o(i.I2C_ITAddrCplt)
    I2C_ITAddrCplt                           0x08002973   Thumb Code   136  stm32l4xx_hal_i2c.o(i.I2C_ITAddrCplt)
    i.I2C_ITError                            0x080029fc   Section        0  stm32l4xx_hal_i2c.o(i.I2C_ITError)
    I2C_ITError                              0x080029fd   Thumb Code   210  stm32l4xx_hal_i2c.o(i.I2C_ITError)
    i.I2C_ITListenCplt                       0x08002adc   Section        0  stm32l4xx_hal_i2c.o(i.I2C_ITListenCplt)
    I2C_ITListenCplt                         0x08002add   Thumb Code    92  stm32l4xx_hal_i2c.o(i.I2C_ITListenCplt)
    i.I2C_ITSlaveCplt                        0x08002b3c   Section        0  stm32l4xx_hal_i2c.o(i.I2C_ITSlaveCplt)
    I2C_ITSlaveCplt                          0x08002b3d   Thumb Code   226  stm32l4xx_hal_i2c.o(i.I2C_ITSlaveCplt)
    i.I2C_ITSlaveSequentialCplt              0x08002c28   Section        0  stm32l4xx_hal_i2c.o(i.I2C_ITSlaveSequentialCplt)
    I2C_ITSlaveSequentialCplt                0x08002c29   Thumb Code    84  stm32l4xx_hal_i2c.o(i.I2C_ITSlaveSequentialCplt)
    i.I2C_IsAcknowledgeFailed                0x08002c7c   Section        0  stm32l4xx_hal_i2c.o(i.I2C_IsAcknowledgeFailed)
    I2C_IsAcknowledgeFailed                  0x08002c7d   Thumb Code   128  stm32l4xx_hal_i2c.o(i.I2C_IsAcknowledgeFailed)
    i.I2C_Slave_ISR_IT                       0x08002d00   Section        0  stm32l4xx_hal_i2c.o(i.I2C_Slave_ISR_IT)
    I2C_Slave_ISR_IT                         0x08002d01   Thumb Code   282  stm32l4xx_hal_i2c.o(i.I2C_Slave_ISR_IT)
    i.I2C_TransferConfig                     0x08002e20   Section        0  stm32l4xx_hal_i2c.o(i.I2C_TransferConfig)
    I2C_TransferConfig                       0x08002e21   Thumb Code    40  stm32l4xx_hal_i2c.o(i.I2C_TransferConfig)
    i.I2C_WaitOnFlagUntilTimeout             0x08002e4c   Section        0  stm32l4xx_hal_i2c.o(i.I2C_WaitOnFlagUntilTimeout)
    I2C_WaitOnFlagUntilTimeout               0x08002e4d   Thumb Code    88  stm32l4xx_hal_i2c.o(i.I2C_WaitOnFlagUntilTimeout)
    i.I2C_WaitOnRXNEFlagUntilTimeout         0x08002ea4   Section        0  stm32l4xx_hal_i2c.o(i.I2C_WaitOnRXNEFlagUntilTimeout)
    I2C_WaitOnRXNEFlagUntilTimeout           0x08002ea5   Thumb Code   128  stm32l4xx_hal_i2c.o(i.I2C_WaitOnRXNEFlagUntilTimeout)
    i.I2C_WaitOnSTOPFlagUntilTimeout         0x08002f28   Section        0  stm32l4xx_hal_i2c.o(i.I2C_WaitOnSTOPFlagUntilTimeout)
    I2C_WaitOnSTOPFlagUntilTimeout           0x08002f29   Thumb Code    76  stm32l4xx_hal_i2c.o(i.I2C_WaitOnSTOPFlagUntilTimeout)
    i.I2C_WaitOnTXISFlagUntilTimeout         0x08002f74   Section        0  stm32l4xx_hal_i2c.o(i.I2C_WaitOnTXISFlagUntilTimeout)
    I2C_WaitOnTXISFlagUntilTimeout           0x08002f75   Thumb Code    80  stm32l4xx_hal_i2c.o(i.I2C_WaitOnTXISFlagUntilTimeout)
    i.ITM_SendChar                           0x08002fc4   Section        0  retarget_io.o(i.ITM_SendChar)
    i.MemManage_Handler                      0x08002fe8   Section        0  stm32l4xx_it.o(i.MemManage_Handler)
    i.NMI_Handler                            0x08002fea   Section        0  stm32l4xx_it.o(i.NMI_Handler)
    i.NVIC_SetPriority                       0x08002fec   Section        0  stm32l4xx_hal_cortex.o(i.NVIC_SetPriority)
    NVIC_SetPriority                         0x08002fed   Thumb Code    32  stm32l4xx_hal_cortex.o(i.NVIC_SetPriority)
    i.PendSV_Handler                         0x0800300c   Section        0  stm32l4xx_it.o(i.PendSV_Handler)
    i.RCCEx_PLLSAI1_Config                   0x08003010   Section        0  stm32l4xx_hal_rcc_ex.o(i.RCCEx_PLLSAI1_Config)
    RCCEx_PLLSAI1_Config                     0x08003011   Thumb Code   278  stm32l4xx_hal_rcc_ex.o(i.RCCEx_PLLSAI1_Config)
    i.RCC_IRQHandler                         0x0800313c   Section        0  stm32l4xx_it.o(i.RCC_IRQHandler)
    i.RCC_SetFlashLatencyFromMSIRange        0x08003140   Section        0  stm32l4xx_hal_rcc.o(i.RCC_SetFlashLatencyFromMSIRange)
    RCC_SetFlashLatencyFromMSIRange          0x08003141   Thumb Code   116  stm32l4xx_hal_rcc.o(i.RCC_SetFlashLatencyFromMSIRange)
    i.SVC_Handler                            0x080031bc   Section        0  stm32l4xx_it.o(i.SVC_Handler)
    i.SysTick_Handler                        0x080031be   Section        0  stm32l4xx_it.o(i.SysTick_Handler)
    i.SystemInit                             0x080031c4   Section        0  system_stm32l4xx.o(i.SystemInit)
    i.UART_AdvFeatureConfig                  0x08003208   Section        0  stm32l4xx_hal_uart.o(i.UART_AdvFeatureConfig)
    i.UART_CheckIdleState                    0x080032d0   Section        0  stm32l4xx_hal_uart.o(i.UART_CheckIdleState)
    i.UART_DMAAbortOnError                   0x0800332c   Section        0  stm32l4xx_hal_uart.o(i.UART_DMAAbortOnError)
    UART_DMAAbortOnError                     0x0800332d   Thumb Code    20  stm32l4xx_hal_uart.o(i.UART_DMAAbortOnError)
    i.UART_EndRxTransfer                     0x08003340   Section        0  stm32l4xx_hal_uart.o(i.UART_EndRxTransfer)
    UART_EndRxTransfer                       0x08003341   Thumb Code    32  stm32l4xx_hal_uart.o(i.UART_EndRxTransfer)
    i.UART_RxISR_16BIT                       0x08003360   Section        0  stm32l4xx_hal_uart.o(i.UART_RxISR_16BIT)
    UART_RxISR_16BIT                         0x08003361   Thumb Code    92  stm32l4xx_hal_uart.o(i.UART_RxISR_16BIT)
    i.UART_RxISR_8BIT                        0x080033bc   Section        0  stm32l4xx_hal_uart.o(i.UART_RxISR_8BIT)
    UART_RxISR_8BIT                          0x080033bd   Thumb Code    90  stm32l4xx_hal_uart.o(i.UART_RxISR_8BIT)
    i.UART_SetConfig                         0x08003418   Section        0  stm32l4xx_hal_uart.o(i.UART_SetConfig)
    i.UART_TxISR_16BIT                       0x0800364c   Section        0  stm32l4xx_hal_uart.o(i.UART_TxISR_16BIT)
    UART_TxISR_16BIT                         0x0800364d   Thumb Code    66  stm32l4xx_hal_uart.o(i.UART_TxISR_16BIT)
    i.UART_TxISR_8BIT                        0x0800368e   Section        0  stm32l4xx_hal_uart.o(i.UART_TxISR_8BIT)
    UART_TxISR_8BIT                          0x0800368f   Thumb Code    60  stm32l4xx_hal_uart.o(i.UART_TxISR_8BIT)
    i.UART_WaitOnFlagUntilTimeout            0x080036ca   Section        0  stm32l4xx_hal_uart.o(i.UART_WaitOnFlagUntilTimeout)
    i.USART1_IRQHandler                      0x08003730   Section        0  stm32l4xx_it.o(i.USART1_IRQHandler)
    i.USART2_IRQHandler                      0x0800373c   Section        0  stm32l4xx_it.o(i.USART2_IRQHandler)
    i.UsageFault_Handler                     0x08003748   Section        0  stm32l4xx_it.o(i.UsageFault_Handler)
    i._Z10setPackagePhftt                    0x0800374c   Section        0  main.o(i._Z10setPackagePhftt)
    i._Z11common_initv                       0x080037dc   Section        0  adafruit_gps.o(i._Z11common_initv)
    i._Z11sendCommand20__UART_HandleTypeDefPc 0x0800383c   Section        0  adafruit_gps.o(i._Z11sendCommand20__UART_HandleTypeDefPc)
    i._Z12Adafruit_GPS20__UART_HandleTypeDef 0x08003878   Section        0  adafruit_gps.o(i._Z12Adafruit_GPS20__UART_HandleTypeDef)
    i._Z12MX_GPIO_Initv                      0x0800387c   Section        0  main.o(i._Z12MX_GPIO_Initv)
    MX_GPIO_Init()                           0x0800387d   Thumb Code   120  main.o(i._Z12MX_GPIO_Initv)
    i._Z12MX_I2C1_Initv                      0x080038fc   Section        0  main.o(i._Z12MX_I2C1_Initv)
    MX_I2C1_Init()                           0x080038fd   Thumb Code    54  main.o(i._Z12MX_I2C1_Initv)
    i._Z15convertDMStoGPSf                   0x08003940   Section        0  main.o(i._Z15convertDMStoGPSf)
    i._Z15newNMEAreceivedv                   0x080039ac   Section        0  adafruit_gps.o(i._Z15newNMEAreceivedv)
    i._Z16maxim_find_peaksPiS_S_iiii         0x080039b8   Section        0  algorithm.o(i._Z16maxim_find_peaksPiS_S_iiii)
    i._Z17maxim_sort_ascendPii               0x080039ec   Section        0  algorithm.o(i._Z17maxim_sort_ascendPii)
    i._Z18SystemClock_Configv                0x08003a20   Section        0  main.o(i._Z18SystemClock_Configv)
    i._Z19MX_USART1_UART_Initv               0x08003ab4   Section        0  main.o(i._Z19MX_USART1_UART_Initv)
    MX_USART1_UART_Init()                    0x08003ab5   Thumb Code    36  main.o(i._Z19MX_USART1_UART_Initv)
    i._Z19MX_USART2_UART_Initv               0x08003ae0   Section        0  main.o(i._Z19MX_USART2_UART_Initv)
    MX_USART2_UART_Init()                    0x08003ae1   Thumb Code    36  main.o(i._Z19MX_USART2_UART_Initv)
    i._Z19maxim_max30102_init19__I2C_HandleTypeDef 0x08003b0c   Section        0  max30102.o(i._Z19maxim_max30102_init19__I2C_HandleTypeDef)
    i._Z20maxim_max30102_reset19__I2C_HandleTypeDef 0x08003f16   Section        0  max30102.o(i._Z20maxim_max30102_reset19__I2C_HandleTypeDef)
    i._Z22maxim_max30102_restart19__I2C_HandleTypeDef 0x08003f82   Section        0  max30102.o(i._Z22maxim_max30102_restart19__I2C_HandleTypeDef)
    i._Z23maxim_max30102_read_reg19__I2C_HandleTypeDefhPh 0x0800403c   Section        0  max30102.o(i._Z23maxim_max30102_read_reg19__I2C_HandleTypeDefhPh)
    i._Z24maxim_max30102_read_fifo19__I2C_HandleTypeDefPjS0_ 0x08004080   Section        0  max30102.o(i._Z24maxim_max30102_read_fifo19__I2C_HandleTypeDefPjS0_)
    i._Z24maxim_max30102_write_reg19__I2C_HandleTypeDefhh 0x080041c2   Section        0  max30102.o(i._Z24maxim_max30102_write_reg19__I2C_HandleTypeDefhh)
    i._Z24maxim_remove_close_peaksPiS_S_i    0x080041f0   Section        0  algorithm.o(i._Z24maxim_remove_close_peaksPiS_S_i)
    i._Z26maxim_sort_indices_descendPiS_i    0x0800425c   Section        0  algorithm.o(i._Z26maxim_sort_indices_descendPiS_i)
    i._Z28maxim_peaks_above_min_heightPiS_S_ii 0x08004296   Section        0  algorithm.o(i._Z28maxim_peaks_above_min_heightPiS_S_ii)
    i._Z38maxim_heart_rate_and_oxygen_saturationPjiS_PiPaS0_S1_ 0x08004300   Section        0  algorithm.o(i._Z38maxim_heart_rate_and_oxygen_saturationPjiS_PiPaS0_S1_)
    i._Z4readh                               0x08004730   Section        0  adafruit_gps.o(i._Z4readh)
    i._Z5parsePc                             0x08004788   Section        0  adafruit_gps.o(i._Z5parsePc)
    i._Z8findigitf                           0x08004b38   Section        0  main.o(i._Z8findigitf)
    i._Z8lastNMEAv                           0x08004b90   Section        0  adafruit_gps.o(i._Z8lastNMEAv)
    i._Z8parseHexc                           0x08004ba0   Section        0  adafruit_gps.o(i._Z8parseHexc)
    i._Z9calibratev                          0x08004bc0   Section        0  main.o(i._Z9calibratev)
    i._ZSt6strchrPci                         0x08004cfa   Section        0  adafruit_gps.o(i._ZSt6strchrPci)
    i.__0printf                              0x08004d00   Section        0  printfa.o(i.__0printf)
    i.__aeabi_errno_addr                     0x08004d20   Section        0  errno.o(i.__aeabi_errno_addr)
    i.__hardfp_atof                          0x08004d28   Section        0  atof.o(i.__hardfp_atof)
    i.__hardfp_floorf                        0x08004d60   Section        0  floorf.o(i.__hardfp_floorf)
    i.__hardfp_fmod                          0x08004dd0   Section        0  fmod.o(i.__hardfp_fmod)
    i.__mathlib_dbl_invalid                  0x08004ed8   Section        0  dunder.o(i.__mathlib_dbl_invalid)
    i.__read_errno                           0x08004ef8   Section        0  errno.o(i.__read_errno)
    i.__scatterload_copy                     0x08004f04   Section       14  handlers.o(i.__scatterload_copy)
    i.__scatterload_null                     0x08004f12   Section        2  handlers.o(i.__scatterload_null)
    i.__scatterload_zeroinit                 0x08004f14   Section       14  handlers.o(i.__scatterload_zeroinit)
    i.__set_errno                            0x08004f24   Section        0  errno.o(i.__set_errno)
    i._fp_digits                             0x08004f30   Section        0  printfa.o(i._fp_digits)
    _fp_digits                               0x08004f31   Thumb Code   366  printfa.o(i._fp_digits)
    i._is_digit                              0x080050ba   Section        0  scanf_fp.o(i._is_digit)
    i._printf_core                           0x080050c8   Section        0  printfa.o(i._printf_core)
    _printf_core                             0x080050c9   Thumb Code  1744  printfa.o(i._printf_core)
    i._printf_post_padding                   0x080057aa   Section        0  printfa.o(i._printf_post_padding)
    _printf_post_padding                     0x080057ab   Thumb Code    36  printfa.o(i._printf_post_padding)
    i._printf_pre_padding                    0x080057ce   Section        0  printfa.o(i._printf_pre_padding)
    _printf_pre_padding                      0x080057cf   Thumb Code    46  printfa.o(i._printf_pre_padding)
    i.fputc                                  0x080057fc   Section        0  retarget_io.o(i.fputc)
    i.main                                   0x0800581c   Section        0  main.o(i.main)
    .constdata                               0x08005fc4   Section       68  main.o(.constdata)
    .constdata                               0x08006008   Section       64  system_stm32l4xx.o(.constdata)
    .constdata                               0x08006048   Section        8  system_stm32l4xx.o(.constdata)
    .constdata                               0x08006050   Section      246  algorithm.o(.constdata)
    auw_hamm                                 0x08006050   Data          62  algorithm.o(.constdata)
    uch_spo2_table                           0x0800608e   Data         184  algorithm.o(.constdata)
    .constdata                               0x08006146   Section      129  ctype_o.o(.constdata)
    .constdata                               0x080061c8   Section        4  ctype_o.o(.constdata)
    table                                    0x080061c8   Data           4  ctype_o.o(.constdata)
    .data                                    0x20000000   Section      100  main.o(.data)
    pow10                                    0x2000003c   Data          40  main.o(.data)
    .data                                    0x20000064   Section        4  stm32l4xx_hal.o(.data)
    .data                                    0x20000068   Section        4  system_stm32l4xx.o(.data)
    .data                                    0x2000006c   Section       72  adafruit_gps.o(.data)
    .data                                    0x200000b4   Section        4  stdout.o(.data)
    .data                                    0x200000b8   Section        4  stderr.o(.data)
    .data                                    0x200000bc   Section        4  errno.o(.data)
    _errno                                   0x200000bc   Data           4  errno.o(.data)
    .bss                                     0x200000c0   Section     4344  main.o(.bss)
    .bss                                     0x200011b8   Section     5984  algorithm.o(.bss)
    an_dx                                    0x200011b8   Data        1984  algorithm.o(.bss)
    an_x                                     0x20001978   Data        2000  algorithm.o(.bss)
    an_y                                     0x20002148   Data        2000  algorithm.o(.bss)
    .bss                                     0x20002918   Section      240  adafruit_gps.o(.bss)
    STACK                                    0x20002a08   Section     1024  startup_stm32l432xx.o(STACK)

    Global Symbols

    Symbol Name                              Value     Ov Type        Size  Object(Section)

    BuildAttributes$$THM_ISAv4$E$P$D$K$B$S$7EM$VFPi3$EXTD16$VFPS$VFMA$PE$A:L22UL41UL21$X:L11$S22US41US21$IEEE1$IW$USESV6$~STKCKD$USESV7$~SHL$OTIME$ROPI$IEEEX$EBA8$MICROLIB$REQ8$PRES8$EABIv2 0x00000000   Number         0  anon$$obj.o ABSOLUTE
    __ARM_use_no_argv                        0x00000000   Number         0  main.o ABSOLUTE
    _printf_a                                0x00000000   Number         0  stubs.o ABSOLUTE
    _printf_c                                0x00000000   Number         0  stubs.o ABSOLUTE
    _printf_charcount                        0x00000000   Number         0  stubs.o ABSOLUTE
    _printf_d                                0x00000000   Number         0  stubs.o ABSOLUTE
    _printf_e                                0x00000000   Number         0  stubs.o ABSOLUTE
    _printf_f                                0x00000000   Number         0  stubs.o ABSOLUTE
    _printf_flags                            0x00000000   Number         0  stubs.o ABSOLUTE
    _printf_fp_dec                           0x00000000   Number         0  stubs.o ABSOLUTE
    _printf_fp_hex                           0x00000000   Number         0  stubs.o ABSOLUTE
    _printf_g                                0x00000000   Number         0  stubs.o ABSOLUTE
    _printf_i                                0x00000000   Number         0  stubs.o ABSOLUTE
    _printf_int_dec                          0x00000000   Number         0  stubs.o ABSOLUTE
    _printf_l                                0x00000000   Number         0  stubs.o ABSOLUTE
    _printf_lc                               0x00000000   Number         0  stubs.o ABSOLUTE
    _printf_ll                               0x00000000   Number         0  stubs.o ABSOLUTE
    _printf_lld                              0x00000000   Number         0  stubs.o ABSOLUTE
    _printf_lli                              0x00000000   Number         0  stubs.o ABSOLUTE
    _printf_llo                              0x00000000   Number         0  stubs.o ABSOLUTE
    _printf_llu                              0x00000000   Number         0  stubs.o ABSOLUTE
    _printf_llx                              0x00000000   Number         0  stubs.o ABSOLUTE
    _printf_longlong_dec                     0x00000000   Number         0  stubs.o ABSOLUTE
    _printf_longlong_hex                     0x00000000   Number         0  stubs.o ABSOLUTE
    _printf_longlong_oct                     0x00000000   Number         0  stubs.o ABSOLUTE
    _printf_ls                               0x00000000   Number         0  stubs.o ABSOLUTE
    _printf_mbtowc                           0x00000000   Number         0  stubs.o ABSOLUTE
    _printf_n                                0x00000000   Number         0  stubs.o ABSOLUTE
    _printf_o                                0x00000000   Number         0  stubs.o ABSOLUTE
    _printf_p                                0x00000000   Number         0  stubs.o ABSOLUTE
    _printf_percent                          0x00000000   Number         0  stubs.o ABSOLUTE
    _printf_pre_padding                      0x00000000   Number         0  stubs.o ABSOLUTE
    _printf_return_value                     0x00000000   Number         0  stubs.o ABSOLUTE
    _printf_s                                0x00000000   Number         0  stubs.o ABSOLUTE
    _printf_sizespec                         0x00000000   Number         0  stubs.o ABSOLUTE
    _printf_str                              0x00000000   Number         0  stubs.o ABSOLUTE
    _printf_truncate_signed                  0x00000000   Number         0  stubs.o ABSOLUTE
    _printf_truncate_unsigned                0x00000000   Number         0  stubs.o ABSOLUTE
    _printf_u                                0x00000000   Number         0  stubs.o ABSOLUTE
    _printf_wc                               0x00000000   Number         0  stubs.o ABSOLUTE
    _printf_wctomb                           0x00000000   Number         0  stubs.o ABSOLUTE
    _printf_widthprec                        0x00000000   Number         0  stubs.o ABSOLUTE
    _printf_x                                0x00000000   Number         0  stubs.o ABSOLUTE
    __cpp_initialize__aeabi_                  - Undefined Weak Reference
    __cxa_finalize                            - Undefined Weak Reference
    __decompress                              - Undefined Weak Reference
    _clock_init                               - Undefined Weak Reference
    _microlib_exit                            - Undefined Weak Reference
    __Vectors_Size                           0x0000018c   Number         0  startup_stm32l432xx.o ABSOLUTE
    __Vectors                                0x08000000   Data           4  startup_stm32l432xx.o(RESET)
    __Vectors_End                            0x0800018c   Data           0  startup_stm32l432xx.o(RESET)
    __main                                   0x0800018d   Thumb Code     0  entry.o(.ARM.Collect$$$$00000000)
    _main_stk                                0x0800018d   Thumb Code     0  entry2.o(.ARM.Collect$$$$00000001)
    _main_scatterload                        0x08000191   Thumb Code     0  entry5.o(.ARM.Collect$$$$00000004)
    __main_after_scatterload                 0x08000195   Thumb Code     0  entry5.o(.ARM.Collect$$$$00000004)
    _main_clock                              0x08000195   Thumb Code     0  entry7b.o(.ARM.Collect$$$$00000008)
    _main_cpp_init                           0x08000195   Thumb Code     0  entry8b.o(.ARM.Collect$$$$0000000A)
    _main_init                               0x08000195   Thumb Code     0  entry9a.o(.ARM.Collect$$$$0000000B)
    __rt_final_cpp                           0x0800019d   Thumb Code     0  entry10a.o(.ARM.Collect$$$$0000000D)
    __rt_final_exit                          0x0800019d   Thumb Code     0  entry11a.o(.ARM.Collect$$$$0000000F)
    Reset_Handler                            0x080001a1   Thumb Code     8  startup_stm32l432xx.o(.text)
    ADC1_IRQHandler                          0x080001bb   Thumb Code     0  startup_stm32l432xx.o(.text)
    CAN1_RX0_IRQHandler                      0x080001bb   Thumb Code     0  startup_stm32l432xx.o(.text)
    CAN1_RX1_IRQHandler                      0x080001bb   Thumb Code     0  startup_stm32l432xx.o(.text)
    CAN1_SCE_IRQHandler                      0x080001bb   Thumb Code     0  startup_stm32l432xx.o(.text)
    CAN1_TX_IRQHandler                       0x080001bb   Thumb Code     0  startup_stm32l432xx.o(.text)
    COMP_IRQHandler                          0x080001bb   Thumb Code     0  startup_stm32l432xx.o(.text)
    CRS_IRQHandler                           0x080001bb   Thumb Code     0  startup_stm32l432xx.o(.text)
    DMA1_Channel1_IRQHandler                 0x080001bb   Thumb Code     0  startup_stm32l432xx.o(.text)
    DMA1_Channel2_IRQHandler                 0x080001bb   Thumb Code     0  startup_stm32l432xx.o(.text)
    DMA1_Channel3_IRQHandler                 0x080001bb   Thumb Code     0  startup_stm32l432xx.o(.text)
    DMA1_Channel4_IRQHandler                 0x080001bb   Thumb Code     0  startup_stm32l432xx.o(.text)
    DMA1_Channel5_IRQHandler                 0x080001bb   Thumb Code     0  startup_stm32l432xx.o(.text)
    DMA1_Channel6_IRQHandler                 0x080001bb   Thumb Code     0  startup_stm32l432xx.o(.text)
    DMA1_Channel7_IRQHandler                 0x080001bb   Thumb Code     0  startup_stm32l432xx.o(.text)
    DMA2_Channel1_IRQHandler                 0x080001bb   Thumb Code     0  startup_stm32l432xx.o(.text)
    DMA2_Channel2_IRQHandler                 0x080001bb   Thumb Code     0  startup_stm32l432xx.o(.text)
    DMA2_Channel3_IRQHandler                 0x080001bb   Thumb Code     0  startup_stm32l432xx.o(.text)
    DMA2_Channel4_IRQHandler                 0x080001bb   Thumb Code     0  startup_stm32l432xx.o(.text)
    DMA2_Channel5_IRQHandler                 0x080001bb   Thumb Code     0  startup_stm32l432xx.o(.text)
    DMA2_Channel6_IRQHandler                 0x080001bb   Thumb Code     0  startup_stm32l432xx.o(.text)
    DMA2_Channel7_IRQHandler                 0x080001bb   Thumb Code     0  startup_stm32l432xx.o(.text)
    EXTI0_IRQHandler                         0x080001bb   Thumb Code     0  startup_stm32l432xx.o(.text)
    EXTI15_10_IRQHandler                     0x080001bb   Thumb Code     0  startup_stm32l432xx.o(.text)
    EXTI1_IRQHandler                         0x080001bb   Thumb Code     0  startup_stm32l432xx.o(.text)
    EXTI2_IRQHandler                         0x080001bb   Thumb Code     0  startup_stm32l432xx.o(.text)
    EXTI3_IRQHandler                         0x080001bb   Thumb Code     0  startup_stm32l432xx.o(.text)
    FLASH_IRQHandler                         0x080001bb   Thumb Code     0  startup_stm32l432xx.o(.text)
    FPU_IRQHandler                           0x080001bb   Thumb Code     0  startup_stm32l432xx.o(.text)
    I2C3_ER_IRQHandler                       0x080001bb   Thumb Code     0  startup_stm32l432xx.o(.text)
    I2C3_EV_IRQHandler                       0x080001bb   Thumb Code     0  startup_stm32l432xx.o(.text)
    LPTIM1_IRQHandler                        0x080001bb   Thumb Code     0  startup_stm32l432xx.o(.text)
    LPTIM2_IRQHandler                        0x080001bb   Thumb Code     0  startup_stm32l432xx.o(.text)
    LPUART1_IRQHandler                       0x080001bb   Thumb Code     0  startup_stm32l432xx.o(.text)
    PVD_PVM_IRQHandler                       0x080001bb   Thumb Code     0  startup_stm32l432xx.o(.text)
    QUADSPI_IRQHandler                       0x080001bb   Thumb Code     0  startup_stm32l432xx.o(.text)
    RNG_IRQHandler                           0x080001bb   Thumb Code     0  startup_stm32l432xx.o(.text)
    RTC_Alarm_IRQHandler                     0x080001bb   Thumb Code     0  startup_stm32l432xx.o(.text)
    RTC_WKUP_IRQHandler                      0x080001bb   Thumb Code     0  startup_stm32l432xx.o(.text)
    SAI1_IRQHandler                          0x080001bb   Thumb Code     0  startup_stm32l432xx.o(.text)
    SPI1_IRQHandler                          0x080001bb   Thumb Code     0  startup_stm32l432xx.o(.text)
    SPI3_IRQHandler                          0x080001bb   Thumb Code     0  startup_stm32l432xx.o(.text)
    SWPMI1_IRQHandler                        0x080001bb   Thumb Code     0  startup_stm32l432xx.o(.text)
    TAMP_STAMP_IRQHandler                    0x080001bb   Thumb Code     0  startup_stm32l432xx.o(.text)
    TIM1_BRK_TIM15_IRQHandler                0x080001bb   Thumb Code     0  startup_stm32l432xx.o(.text)
    TIM1_CC_IRQHandler                       0x080001bb   Thumb Code     0  startup_stm32l432xx.o(.text)
    TIM1_TRG_COM_IRQHandler                  0x080001bb   Thumb Code     0  startup_stm32l432xx.o(.text)
    TIM1_UP_TIM16_IRQHandler                 0x080001bb   Thumb Code     0  startup_stm32l432xx.o(.text)
    TIM2_IRQHandler                          0x080001bb   Thumb Code     0  startup_stm32l432xx.o(.text)
    TIM6_DAC_IRQHandler                      0x080001bb   Thumb Code     0  startup_stm32l432xx.o(.text)
    TIM7_IRQHandler                          0x080001bb   Thumb Code     0  startup_stm32l432xx.o(.text)
    TSC_IRQHandler                           0x080001bb   Thumb Code     0  startup_stm32l432xx.o(.text)
    USB_IRQHandler                           0x080001bb   Thumb Code     0  startup_stm32l432xx.o(.text)
    WWDG_IRQHandler                          0x080001bb   Thumb Code     0  startup_stm32l432xx.o(.text)
    __aeabi_uldivmod                         0x080001c5   Thumb Code    98  uldiv.o(.text)
    __rt_ctype_table                         0x0800022d   Thumb Code     4  ctype_o.o(.text)
    isspace                                  0x08000235   Thumb Code    18  isspace_o.o(.text)
    __aeabi_memcpy                           0x08000247   Thumb Code    36  memcpya.o(.text)
    __aeabi_memcpy4                          0x08000247   Thumb Code     0  memcpya.o(.text)
    __aeabi_memcpy8                          0x08000247   Thumb Code     0  memcpya.o(.text)
    __aeabi_memset                           0x0800026b   Thumb Code    14  memseta.o(.text)
    __aeabi_memset4                          0x0800026b   Thumb Code     0  memseta.o(.text)
    __aeabi_memset8                          0x0800026b   Thumb Code     0  memseta.o(.text)
    __aeabi_memclr                           0x08000279   Thumb Code     4  memseta.o(.text)
    __aeabi_memclr4                          0x08000279   Thumb Code     0  memseta.o(.text)
    __aeabi_memclr8                          0x08000279   Thumb Code     0  memseta.o(.text)
    _memset$wrapper                          0x0800027d   Thumb Code    18  memseta.o(.text)
    strstr                                   0x0800028f   Thumb Code    36  strstr.o(.text)
    strchr                                   0x080002b3   Thumb Code    20  strchr.o(.text)
    strlen                                   0x080002c7   Thumb Code    14  strlen.o(.text)
    atoi                                     0x080002d5   Thumb Code    26  atoi.o(.text)
    __aeabi_dmul                             0x080002ef   Thumb Code   228  dmul.o(.text)
    __aeabi_d2uiz                            0x080003d9   Thumb Code    50  dfixui.o(.text)
    __aeabi_f2d                              0x0800040b   Thumb Code    38  f2d.o(.text)
    __aeabi_d2f                              0x08000431   Thumb Code    56  d2f.o(.text)
    __aeabi_uidiv                            0x08000469   Thumb Code     0  uidiv.o(.text)
    __aeabi_uidivmod                         0x08000469   Thumb Code    44  uidiv.o(.text)
    __aeabi_llsl                             0x08000495   Thumb Code    30  llshl.o(.text)
    _ll_shift_l                              0x08000495   Thumb Code     0  llshl.o(.text)
    __aeabi_llsr                             0x080004b3   Thumb Code    32  llushr.o(.text)
    _ll_ushift_r                             0x080004b3   Thumb Code     0  llushr.o(.text)
    __strtod_int                             0x0800050b   Thumb Code    90  strtod.o(.text)
    strtol                                   0x08000571   Thumb Code   112  strtol.o(.text)
    __I$use$fp                               0x080005e1   Thumb Code     0  iusefp.o(.text)
    _float_round                             0x080005e1   Thumb Code    18  fepilogue.o(.text)
    _float_epilogue                          0x080005f3   Thumb Code    92  fepilogue.o(.text)
    _double_round                            0x0800064f   Thumb Code    30  depilogue.o(.text)
    _double_epilogue                         0x0800066d   Thumb Code   156  depilogue.o(.text)
    __aeabi_dadd                             0x08000709   Thumb Code   322  dadd.o(.text)
    __aeabi_dsub                             0x0800084b   Thumb Code     6  dadd.o(.text)
    __aeabi_drsub                            0x08000851   Thumb Code     6  dadd.o(.text)
    __aeabi_ddiv                             0x08000867   Thumb Code   222  ddiv.o(.text)
    _drem                                    0x08000945   Thumb Code   134  drem.o(.text)
    __aeabi_d2ulz                            0x080009d1   Thumb Code    48  dfixul.o(.text)
    __aeabi_cdrcmple                         0x08000a01   Thumb Code    48  cdrcmple.o(.text)
    __scatterload                            0x08000a31   Thumb Code    28  init.o(.text)
    __scatterload_rt2                        0x08000a31   Thumb Code     0  init.o(.text)
    __aeabi_lasr                             0x08000a55   Thumb Code    36  llsshr.o(.text)
    _ll_sshift_r                             0x08000a55   Thumb Code     0  llsshr.o(.text)
    _scanf_real                              0x08000ba1   Thumb Code     0  scanf_fp.o(.text)
    _scanf_really_real                       0x08000ba1   Thumb Code   556  scanf_fp.o(.text)
    _sgetc                                   0x08000ddf   Thumb Code    30  _sgetc.o(.text)
    _sbackspace                              0x08000dfd   Thumb Code    34  _sgetc.o(.text)
    _strtoul                                 0x08000e1f   Thumb Code   158  _strtoul.o(.text)
    _chval                                   0x08000ec3   Thumb Code    28  _chval.o(.text)
    __aeabi_ul2d                             0x08000edf   Thumb Code    24  dfltul.o(.text)
    BusFault_Handler                         0x08000ef7   Thumb Code     2  stm32l4xx_it.o(i.BusFault_Handler)
    DebugMon_Handler                         0x08000ef9   Thumb Code     2  stm32l4xx_it.o(i.DebugMon_Handler)
    EXTI4_IRQHandler                         0x08000efb   Thumb Code     6  stm32l4xx_it.o(i.EXTI4_IRQHandler)
    EXTI9_5_IRQHandler                       0x08000f01   Thumb Code     6  stm32l4xx_it.o(i.EXTI9_5_IRQHandler)
    HAL_DMA_Abort_IT                         0x08000f07   Thumb Code    78  stm32l4xx_hal_dma.o(i.HAL_DMA_Abort_IT)
    HAL_Delay                                0x08000f55   Thumb Code    28  stm32l4xx_hal.o(i.HAL_Delay)
    HAL_GPIO_EXTI_Callback                   0x08000f71   Thumb Code    46  main.o(i.HAL_GPIO_EXTI_Callback)
    HAL_GPIO_EXTI_IRQHandler                 0x08000fa5   Thumb Code    18  stm32l4xx_hal_gpio.o(i.HAL_GPIO_EXTI_IRQHandler)
    HAL_GPIO_Init                            0x08000fbd   Thumb Code   376  stm32l4xx_hal_gpio.o(i.HAL_GPIO_Init)
    HAL_GetTick                              0x08001151   Thumb Code     6  stm32l4xx_hal.o(i.HAL_GetTick)
    HAL_I2CEx_ConfigAnalogFilter             0x0800115d   Thumb Code    86  stm32l4xx_hal_i2c_ex.o(i.HAL_I2CEx_ConfigAnalogFilter)
    HAL_I2CEx_ConfigDigitalFilter            0x080011b3   Thumb Code    82  stm32l4xx_hal_i2c_ex.o(i.HAL_I2CEx_ConfigDigitalFilter)
    HAL_I2C_AbortCpltCallback                0x08001205   Thumb Code     2  stm32l4xx_hal_i2c.o(i.HAL_I2C_AbortCpltCallback)
    HAL_I2C_AddrCallback                     0x08001207   Thumb Code     2  stm32l4xx_hal_i2c.o(i.HAL_I2C_AddrCallback)
    HAL_I2C_ER_IRQHandler                    0x08001209   Thumb Code   104  stm32l4xx_hal_i2c.o(i.HAL_I2C_ER_IRQHandler)
    HAL_I2C_EV_IRQHandler                    0x08001271   Thumb Code    16  stm32l4xx_hal_i2c.o(i.HAL_I2C_EV_IRQHandler)
    HAL_I2C_ErrorCallback                    0x08001281   Thumb Code     2  stm32l4xx_hal_i2c.o(i.HAL_I2C_ErrorCallback)
    HAL_I2C_Init                             0x08001285   Thumb Code   178  stm32l4xx_hal_i2c.o(i.HAL_I2C_Init)
    HAL_I2C_IsDeviceReady                    0x0800133d   Thumb Code   282  stm32l4xx_hal_i2c.o(i.HAL_I2C_IsDeviceReady)
    HAL_I2C_ListenCpltCallback               0x08001467   Thumb Code     2  stm32l4xx_hal_i2c.o(i.HAL_I2C_ListenCpltCallback)
    HAL_I2C_Master_Receive                   0x08001469   Thumb Code   282  stm32l4xx_hal_i2c.o(i.HAL_I2C_Master_Receive)
    HAL_I2C_Master_Transmit                  0x08001595   Thumb Code   282  stm32l4xx_hal_i2c.o(i.HAL_I2C_Master_Transmit)
    HAL_I2C_MspInit                          0x080016c1   Thumb Code   124  stm32l4xx_hal_msp.o(i.HAL_I2C_MspInit)
    HAL_I2C_SlaveRxCpltCallback              0x08001745   Thumb Code     2  stm32l4xx_hal_i2c.o(i.HAL_I2C_SlaveRxCpltCallback)
    HAL_I2C_SlaveTxCpltCallback              0x08001747   Thumb Code     2  stm32l4xx_hal_i2c.o(i.HAL_I2C_SlaveTxCpltCallback)
    HAL_IncTick                              0x08001749   Thumb Code    10  stm32l4xx_hal.o(i.HAL_IncTick)
    HAL_Init                                 0x08001759   Thumb Code    30  stm32l4xx_hal.o(i.HAL_Init)
    HAL_InitTick                             0x08001779   Thumb Code    42  stm32l4xx_hal.o(i.HAL_InitTick)
    HAL_MspInit                              0x080017a9   Thumb Code    56  stm32l4xx_hal_msp.o(i.HAL_MspInit)
    HAL_NVIC_EnableIRQ                       0x080017e5   Thumb Code    22  stm32l4xx_hal_cortex.o(i.HAL_NVIC_EnableIRQ)
    HAL_NVIC_SetPriority                     0x080017fd   Thumb Code    60  stm32l4xx_hal_cortex.o(i.HAL_NVIC_SetPriority)
    HAL_NVIC_SetPriorityGrouping             0x0800183d   Thumb Code    26  stm32l4xx_hal_cortex.o(i.HAL_NVIC_SetPriorityGrouping)
    HAL_PWREx_ControlVoltageScaling          0x08001861   Thumb Code    90  stm32l4xx_hal_pwr_ex.o(i.HAL_PWREx_ControlVoltageScaling)
    HAL_PWREx_GetVoltageRange                0x080018c9   Thumb Code    10  stm32l4xx_hal_pwr_ex.o(i.HAL_PWREx_GetVoltageRange)
    HAL_PWR_EnableBkUpAccess                 0x080018d9   Thumb Code    12  stm32l4xx_hal_pwr.o(i.HAL_PWR_EnableBkUpAccess)
    HAL_RCCEx_EnableMSIPLLMode               0x080018e9   Thumb Code    12  stm32l4xx_hal_rcc_ex.o(i.HAL_RCCEx_EnableMSIPLLMode)
    HAL_RCCEx_PeriphCLKConfig                0x080018f9   Thumb Code   634  stm32l4xx_hal_rcc_ex.o(i.HAL_RCCEx_PeriphCLKConfig)
    HAL_RCC_ClockConfig                      0x08001b85   Thumb Code   264  stm32l4xx_hal_rcc.o(i.HAL_RCC_ClockConfig)
    HAL_RCC_GetPCLK1Freq                     0x08001c9d   Thumb Code    24  stm32l4xx_hal_rcc.o(i.HAL_RCC_GetPCLK1Freq)
    HAL_RCC_GetPCLK2Freq                     0x08001cc1   Thumb Code    24  stm32l4xx_hal_rcc.o(i.HAL_RCC_GetPCLK2Freq)
    HAL_RCC_GetSysClockFreq                  0x08001ce5   Thumb Code   152  stm32l4xx_hal_rcc.o(i.HAL_RCC_GetSysClockFreq)
    HAL_RCC_OscConfig                        0x08001d89   Thumb Code  1202  stm32l4xx_hal_rcc.o(i.HAL_RCC_OscConfig)
    HAL_SYSTICK_Config                       0x08002241   Thumb Code    40  stm32l4xx_hal_cortex.o(i.HAL_SYSTICK_Config)
    HAL_UARTEx_WakeupCallback                0x08002269   Thumb Code     2  stm32l4xx_hal_uart_ex.o(i.HAL_UARTEx_WakeupCallback)
    HAL_UART_ErrorCallback                   0x0800226b   Thumb Code     2  stm32l4xx_hal_uart.o(i.HAL_UART_ErrorCallback)
    HAL_UART_IRQHandler                      0x0800226d   Thumb Code   320  stm32l4xx_hal_uart.o(i.HAL_UART_IRQHandler)
    HAL_UART_Init                            0x080023b1   Thumb Code   106  stm32l4xx_hal_uart.o(i.HAL_UART_Init)
    HAL_UART_MspInit                         0x0800241d   Thumb Code   178  stm32l4xx_hal_msp.o(i.HAL_UART_MspInit)
    HAL_UART_Receive_IT                      0x080024e1   Thumb Code   164  stm32l4xx_hal_uart.o(i.HAL_UART_Receive_IT)
    HAL_UART_RxCpltCallback                  0x0800258d   Thumb Code   280  main.o(i.HAL_UART_RxCpltCallback)
    HAL_UART_Transmit                        0x080027a1   Thumb Code   176  stm32l4xx_hal_uart.o(i.HAL_UART_Transmit)
    HAL_UART_Transmit_IT                     0x08002851   Thumb Code    96  stm32l4xx_hal_uart.o(i.HAL_UART_Transmit_IT)
    HAL_UART_TxCpltCallback                  0x080028b9   Thumb Code     2  main.o(i.HAL_UART_TxCpltCallback)
    HardFault_Handler                        0x080028bb   Thumb Code     2  stm32l4xx_it.o(i.HardFault_Handler)
    I2C1_ER_IRQHandler                       0x080028bd   Thumb Code     6  stm32l4xx_it.o(i.I2C1_ER_IRQHandler)
    I2C1_EV_IRQHandler                       0x080028c9   Thumb Code     6  stm32l4xx_it.o(i.I2C1_EV_IRQHandler)
    ITM_SendChar                             0x08002fc5   Thumb Code    32  retarget_io.o(i.ITM_SendChar)
    MemManage_Handler                        0x08002fe9   Thumb Code     2  stm32l4xx_it.o(i.MemManage_Handler)
    NMI_Handler                              0x08002feb   Thumb Code     2  stm32l4xx_it.o(i.NMI_Handler)
    PendSV_Handler                           0x0800300d   Thumb Code     2  stm32l4xx_it.o(i.PendSV_Handler)
    RCC_IRQHandler                           0x0800313d   Thumb Code     2  stm32l4xx_it.o(i.RCC_IRQHandler)
    SVC_Handler                              0x080031bd   Thumb Code     2  stm32l4xx_it.o(i.SVC_Handler)
    SysTick_Handler                          0x080031bf   Thumb Code     4  stm32l4xx_it.o(i.SysTick_Handler)
    SystemInit                               0x080031c5   Thumb Code    56  system_stm32l4xx.o(i.SystemInit)
    UART_AdvFeatureConfig                    0x08003209   Thumb Code   200  stm32l4xx_hal_uart.o(i.UART_AdvFeatureConfig)
    UART_CheckIdleState                      0x080032d1   Thumb Code    92  stm32l4xx_hal_uart.o(i.UART_CheckIdleState)
    UART_SetConfig                           0x08003419   Thumb Code   526  stm32l4xx_hal_uart.o(i.UART_SetConfig)
    UART_WaitOnFlagUntilTimeout              0x080036cb   Thumb Code   100  stm32l4xx_hal_uart.o(i.UART_WaitOnFlagUntilTimeout)
    USART1_IRQHandler                        0x08003731   Thumb Code     6  stm32l4xx_it.o(i.USART1_IRQHandler)
    USART2_IRQHandler                        0x0800373d   Thumb Code     6  stm32l4xx_it.o(i.USART2_IRQHandler)
    UsageFault_Handler                       0x08003749   Thumb Code     2  stm32l4xx_it.o(i.UsageFault_Handler)
    setPackage(unsigned char*, float, unsigned short, unsigned short) 0x0800374d   Thumb Code   138  main.o(i._Z10setPackagePhftt)
    common_init()                            0x080037dd   Thumb Code    82  adafruit_gps.o(i._Z11common_initv)
    sendCommand(__UART_HandleTypeDef, char*) 0x0800383d   Thumb Code    52  adafruit_gps.o(i._Z11sendCommand20__UART_HandleTypeDefPc)
    Adafruit_GPS(__UART_HandleTypeDef)       0x08003879   Thumb Code     4  adafruit_gps.o(i._Z12Adafruit_GPS20__UART_HandleTypeDef)
    convertDMStoGPS(float)                   0x08003941   Thumb Code    92  main.o(i._Z15convertDMStoGPSf)
    newNMEAreceived()                        0x080039ad   Thumb Code     6  adafruit_gps.o(i._Z15newNMEAreceivedv)
    maxim_find_peaks(int*, int*, int*, int, int, int, int) 0x080039b9   Thumb Code    50  algorithm.o(i._Z16maxim_find_peaksPiS_S_iiii)
    maxim_sort_ascend(int*, int)             0x080039ed   Thumb Code    50  algorithm.o(i._Z17maxim_sort_ascendPii)
    SystemClock_Config()                     0x08003a21   Thumb Code   142  main.o(i._Z18SystemClock_Configv)
    maxim_max30102_init(__I2C_HandleTypeDef) 0x08003b0d   Thumb Code  1034  max30102.o(i._Z19maxim_max30102_init19__I2C_HandleTypeDef)
    maxim_max30102_reset(__I2C_HandleTypeDef) 0x08003f17   Thumb Code   108  max30102.o(i._Z20maxim_max30102_reset19__I2C_HandleTypeDef)
    maxim_max30102_restart(__I2C_HandleTypeDef) 0x08003f83   Thumb Code   186  max30102.o(i._Z22maxim_max30102_restart19__I2C_HandleTypeDef)
    maxim_max30102_read_reg(__I2C_HandleTypeDef, unsigned char, unsigned char*) 0x0800403d   Thumb Code    68  max30102.o(i._Z23maxim_max30102_read_reg19__I2C_HandleTypeDefhPh)
    maxim_max30102_read_fifo(__I2C_HandleTypeDef, unsigned*, unsigned*) 0x08004081   Thumb Code   322  max30102.o(i._Z24maxim_max30102_read_fifo19__I2C_HandleTypeDefPjS0_)
    maxim_max30102_write_reg(__I2C_HandleTypeDef, unsigned char, unsigned char) 0x080041c3   Thumb Code    46  max30102.o(i._Z24maxim_max30102_write_reg19__I2C_HandleTypeDefhh)
    maxim_remove_close_peaks(int*, int*, int*, int) 0x080041f1   Thumb Code   108  algorithm.o(i._Z24maxim_remove_close_peaksPiS_S_i)
    maxim_sort_indices_descend(int*, int*, int) 0x0800425d   Thumb Code    58  algorithm.o(i._Z26maxim_sort_indices_descendPiS_i)
    maxim_peaks_above_min_height(int*, int*, int*, int, int) 0x08004297   Thumb Code   106  algorithm.o(i._Z28maxim_peaks_above_min_heightPiS_S_ii)
    maxim_heart_rate_and_oxygen_saturation(unsigned*, int, unsigned*, int*, signed char*, int*, signed char*) 0x08004301   Thumb Code  1064  algorithm.o(i._Z38maxim_heart_rate_and_oxygen_saturationPjiS_PiPaS0_S1_)
    read(unsigned char)                      0x08004731   Thumb Code    80  adafruit_gps.o(i._Z4readh)
    parse(char*)                             0x08004789   Thumb Code   898  adafruit_gps.o(i._Z5parsePc)
    findigit(float)                          0x08004b39   Thumb Code    82  main.o(i._Z8findigitf)
    lastNMEA()                               0x08004b91   Thumb Code    10  adafruit_gps.o(i._Z8lastNMEAv)
    parseHex(char)                           0x08004ba1   Thumb Code    30  adafruit_gps.o(i._Z8parseHexc)
    calibrate()                              0x08004bc1   Thumb Code   296  main.o(i._Z9calibratev)
    std::strchr(char*, int)                  0x08004cfb   Thumb Code     4  adafruit_gps.o(i._ZSt6strchrPci)
    __0printf                                0x08004d01   Thumb Code    22  printfa.o(i.__0printf)
    __1printf                                0x08004d01   Thumb Code     0  printfa.o(i.__0printf)
    __2printf                                0x08004d01   Thumb Code     0  printfa.o(i.__0printf)
    __c89printf                              0x08004d01   Thumb Code     0  printfa.o(i.__0printf)
    printf                                   0x08004d01   Thumb Code     0  printfa.o(i.__0printf)
    __aeabi_errno_addr                       0x08004d21   Thumb Code     4  errno.o(i.__aeabi_errno_addr)
    __rt_errno_addr                          0x08004d21   Thumb Code     0  errno.o(i.__aeabi_errno_addr)
    __hardfp_atof                            0x08004d29   Thumb Code    44  atof.o(i.__hardfp_atof)
    __hardfp_floorf                          0x08004d61   Thumb Code    98  floorf.o(i.__hardfp_floorf)
    __hardfp_fmod                            0x08004dd1   Thumb Code   254  fmod.o(i.__hardfp_fmod)
    __mathlib_dbl_invalid                    0x08004ed9   Thumb Code    24  dunder.o(i.__mathlib_dbl_invalid)
    __read_errno                             0x08004ef9   Thumb Code     6  errno.o(i.__read_errno)
    __scatterload_copy                       0x08004f05   Thumb Code    14  handlers.o(i.__scatterload_copy)
    __scatterload_null                       0x08004f13   Thumb Code     2  handlers.o(i.__scatterload_null)
    __scatterload_zeroinit                   0x08004f15   Thumb Code    14  handlers.o(i.__scatterload_zeroinit)
    __set_errno                              0x08004f25   Thumb Code     6  errno.o(i.__set_errno)
    _is_digit                                0x080050bb   Thumb Code    14  scanf_fp.o(i._is_digit)
    fputc                                    0x080057fd   Thumb Code    22  retarget_io.o(i.fputc)
    main                                     0x0800581d   Thumb Code  1930  main.o(i.main)
    AHBPrescTable                            0x08006008   Data          16  system_stm32l4xx.o(.constdata)
    MSIRangeTable                            0x08006018   Data          48  system_stm32l4xx.o(.constdata)
    APBPrescTable                            0x08006048   Data           8  system_stm32l4xx.o(.constdata)
    __ctype_table                            0x08006146   Data         129  ctype_o.o(.constdata)
    Region$$Table$$Base                      0x080061cc   Number         0  anon$$obj.o(Region$$Table)
    Region$$Table$$Limit                     0x080061ec   Number         0  anon$$obj.o(Region$$Table)
    ch_spo2_valid                            0x20000000   Data           1  main.o(.data)
    ch_hr_valid                              0x20000001   Data           1  main.o(.data)
    temporary                                0x20000002   Data           1  main.o(.data)
    medID                                    0x20000004   Data           4  main.o(.data)
    butState                                 0x20000008   Data           4  main.o(.data)
    n_ir_buffer_length                       0x2000000c   Data           4  main.o(.data)
    n_sp02                                   0x20000010   Data           4  main.o(.data)
    n_heart_rate                             0x20000014   Data           4  main.o(.data)
    lati                                     0x20000018   Data           4  main.o(.data)
    logi                                     0x2000001c   Data           4  main.o(.data)
    alti                                     0x20000020   Data           4  main.o(.data)
    un_min                                   0x20000024   Data           4  main.o(.data)
    un_max                                   0x20000028   Data           4  main.o(.data)
    un_prev_data                             0x2000002c   Data           4  main.o(.data)
    i                                        0x20000030   Data           4  main.o(.data)
    n_brightness                             0x20000034   Data           4  main.o(.data)
    f_temp                                   0x20000038   Data           4  main.o(.data)
    uwTick                                   0x20000064   Data           4  stm32l4xx_hal.o(.data)
    SystemCoreClock                          0x20000068   Data           4  system_stm32l4xx.o(.data)
    recvdflag                                0x2000006c   Data           1  adafruit_gps.o(.data)
    inStandbyMode                            0x2000006d   Data           1  adafruit_gps.o(.data)
    hour                                     0x2000006e   Data           1  adafruit_gps.o(.data)
    minute                                   0x2000006f   Data           1  adafruit_gps.o(.data)
    seconds                                  0x20000070   Data           1  adafruit_gps.o(.data)
    year                                     0x20000071   Data           1  adafruit_gps.o(.data)
    month                                    0x20000072   Data           1  adafruit_gps.o(.data)
    day                                      0x20000073   Data           1  adafruit_gps.o(.data)
    lat                                      0x20000074   Data           1  adafruit_gps.o(.data)
    lon                                      0x20000075   Data           1  adafruit_gps.o(.data)
    mag                                      0x20000076   Data           1  adafruit_gps.o(.data)
    fix                                      0x20000077   Data           1  adafruit_gps.o(.data)
    fixquality                               0x20000078   Data           1  adafruit_gps.o(.data)
    satellites                               0x20000079   Data           1  adafruit_gps.o(.data)
    LOCUS_type                               0x2000007a   Data           1  adafruit_gps.o(.data)
    LOCUS_mode                               0x2000007b   Data           1  adafruit_gps.o(.data)
    LOCUS_config                             0x2000007c   Data           1  adafruit_gps.o(.data)
    LOCUS_interval                           0x2000007d   Data           1  adafruit_gps.o(.data)
    LOCUS_distance                           0x2000007e   Data           1  adafruit_gps.o(.data)
    LOCUS_speed                              0x2000007f   Data           1  adafruit_gps.o(.data)
    LOCUS_status                             0x20000080   Data           1  adafruit_gps.o(.data)
    LOCUS_percent                            0x20000081   Data           1  adafruit_gps.o(.data)
    paused                                   0x20000082   Data           1  adafruit_gps.o(.data)
    lineidx                                  0x20000084   Data           2  adafruit_gps.o(.data)
    milliseconds                             0x20000086   Data           2  adafruit_gps.o(.data)
    LOCUS_serial                             0x20000088   Data           2  adafruit_gps.o(.data)
    LOCUS_records                            0x2000008a   Data           2  adafruit_gps.o(.data)
    currentline                              0x2000008c   Data           4  adafruit_gps.o(.data)
    lastline                                 0x20000090   Data           4  adafruit_gps.o(.data)
    latitude                                 0x20000094   Data           4  adafruit_gps.o(.data)
    longitude                                0x20000098   Data           4  adafruit_gps.o(.data)
    geoidheight                              0x2000009c   Data           4  adafruit_gps.o(.data)
    altitude                                 0x200000a0   Data           4  adafruit_gps.o(.data)
    speed                                    0x200000a4   Data           4  adafruit_gps.o(.data)
    angle                                    0x200000a8   Data           4  adafruit_gps.o(.data)
    magvariation                             0x200000ac   Data           4  adafruit_gps.o(.data)
    HDOP                                     0x200000b0   Data           4  adafruit_gps.o(.data)
    __stdout                                 0x200000b4   Data           4  stdout.o(.data)
    __stderr                                 0x200000b8   Data           4  stderr.o(.data)
    aun_ir_buffer                            0x200000c0   Data        2000  main.o(.bss)
    aun_red_buffer                           0x20000890   Data        2000  main.o(.bss)
    temporary_xbee                           0x20001060   Data          26  main.o(.bss)
    hi2c1                                    0x2000107c   Data          76  main.o(.bss)
    huart1                                   0x200010c8   Data         120  main.o(.bss)
    huart2                                   0x20001140   Data         120  main.o(.bss)
    line1                                    0x20002918   Data         120  adafruit_gps.o(.bss)
    line2                                    0x20002990   Data         120  adafruit_gps.o(.bss)
    __initial_sp                             0x20002e08   Data           0  startup_stm32l432xx.o(STACK)



==============================================================================

Memory Map of the image

  Image Entry point : 0x0800018d

  Load Region LR_IROM1 (Base: 0x08000000, Size: 0x000062ac, Max: 0x00040000, ABSOLUTE)

    Execution Region ER_IROM1 (Exec base: 0x08000000, Load base: 0x08000000, Size: 0x000061ec, Max: 0x00040000, ABSOLUTE)

    Exec Addr    Load Addr    Size         Type   Attr      Idx    E Section Name        Object

    0x08000000   0x08000000   0x0000018c   Data   RO            3    RESET               startup_stm32l432xx.o
    0x0800018c   0x0800018c   0x00000000   Code   RO         3276  * .ARM.Collect$$$$00000000  mc_w.l(entry.o)
    0x0800018c   0x0800018c   0x00000004   Code   RO         3615    .ARM.Collect$$$$00000001  mc_w.l(entry2.o)
    0x08000190   0x08000190   0x00000004   Code   RO         3618    .ARM.Collect$$$$00000004  mc_w.l(entry5.o)
    0x08000194   0x08000194   0x00000000   Code   RO         3620    .ARM.Collect$$$$00000008  mc_w.l(entry7b.o)
    0x08000194   0x08000194   0x00000000   Code   RO         3622    .ARM.Collect$$$$0000000A  mc_w.l(entry8b.o)
    0x08000194   0x08000194   0x00000008   Code   RO         3623    .ARM.Collect$$$$0000000B  mc_w.l(entry9a.o)
    0x0800019c   0x0800019c   0x00000000   Code   RO         3625    .ARM.Collect$$$$0000000D  mc_w.l(entry10a.o)
    0x0800019c   0x0800019c   0x00000000   Code   RO         3627    .ARM.Collect$$$$0000000F  mc_w.l(entry11a.o)
    0x0800019c   0x0800019c   0x00000004   Code   RO         3616    .ARM.Collect$$$$00002712  mc_w.l(entry2.o)
    0x080001a0   0x080001a0   0x00000024   Code   RO            4    .text               startup_stm32l432xx.o
    0x080001c4   0x080001c4   0x00000068   Code   RO         3286    .text               mc_w.l(uldiv.o)
    0x0800022c   0x0800022c   0x00000008   Code   RO         3288    .text               mc_w.l(ctype_o.o)
    0x08000234   0x08000234   0x00000012   Code   RO         3310    .text               mc_w.l(isspace_o.o)
    0x08000246   0x08000246   0x00000024   Code   RO         3316    .text               mc_w.l(memcpya.o)
    0x0800026a   0x0800026a   0x00000024   Code   RO         3318    .text               mc_w.l(memseta.o)
    0x0800028e   0x0800028e   0x00000024   Code   RO         3320    .text               mc_w.l(strstr.o)
    0x080002b2   0x080002b2   0x00000014   Code   RO         3324    .text               mc_w.l(strchr.o)
    0x080002c6   0x080002c6   0x0000000e   Code   RO         3326    .text               mc_w.l(strlen.o)
    0x080002d4   0x080002d4   0x0000001a   Code   RO         3591    .text               mc_w.l(atoi.o)
    0x080002ee   0x080002ee   0x000000ea   Code   RO         3593    .text               mf_w.l(dmul.o)
    0x080003d8   0x080003d8   0x00000032   Code   RO         3595    .text               mf_w.l(dfixui.o)
    0x0800040a   0x0800040a   0x00000026   Code   RO         3597    .text               mf_w.l(f2d.o)
    0x08000430   0x08000430   0x00000038   Code   RO         3599    .text               mf_w.l(d2f.o)
    0x08000468   0x08000468   0x0000002c   Code   RO         3629    .text               mc_w.l(uidiv.o)
    0x08000494   0x08000494   0x0000001e   Code   RO         3631    .text               mc_w.l(llshl.o)
    0x080004b2   0x080004b2   0x00000020   Code   RO         3633    .text               mc_w.l(llushr.o)
    0x080004d2   0x080004d2   0x00000002   PAD
    0x080004d4   0x080004d4   0x0000009c   Code   RO         3642    .text               mc_w.l(strtod.o)
    0x08000570   0x08000570   0x00000070   Code   RO         3644    .text               mc_w.l(strtol.o)
    0x080005e0   0x080005e0   0x00000000   Code   RO         3646    .text               mc_w.l(iusefp.o)
    0x080005e0   0x080005e0   0x0000006e   Code   RO         3647    .text               mf_w.l(fepilogue.o)
    0x0800064e   0x0800064e   0x000000ba   Code   RO         3649    .text               mf_w.l(depilogue.o)
    0x08000708   0x08000708   0x0000015e   Code   RO         3651    .text               mf_w.l(dadd.o)
    0x08000866   0x08000866   0x000000de   Code   RO         3653    .text               mf_w.l(ddiv.o)
    0x08000944   0x08000944   0x0000008c   Code   RO         3655    .text               mf_w.l(drem.o)
    0x080009d0   0x080009d0   0x00000030   Code   RO         3657    .text               mf_w.l(dfixul.o)
    0x08000a00   0x08000a00   0x00000030   Code   RO         3659    .text               mf_w.l(cdrcmple.o)
    0x08000a30   0x08000a30   0x00000024   Code   RO         3661    .text               mc_w.l(init.o)
    0x08000a54   0x08000a54   0x00000024   Code   RO         3663    .text               mc_w.l(llsshr.o)
    0x08000a78   0x08000a78   0x00000366   Code   RO         3667    .text               mc_w.l(scanf_fp.o)
    0x08000dde   0x08000dde   0x00000040   Code   RO         3671    .text               mc_w.l(_sgetc.o)
    0x08000e1e   0x08000e1e   0x000000a4   Code   RO         3673    .text               mc_w.l(_strtoul.o)
    0x08000ec2   0x08000ec2   0x0000001c   Code   RO         3678    .text               mc_w.l(_chval.o)
    0x08000ede   0x08000ede   0x00000018   Code   RO         3680    .text               mf_w.l(dfltul.o)
    0x08000ef6   0x08000ef6   0x00000002   Code   RO          276    i.BusFault_Handler  stm32l4xx_it.o
    0x08000ef8   0x08000ef8   0x00000002   Code   RO          277    i.DebugMon_Handler  stm32l4xx_it.o
    0x08000efa   0x08000efa   0x00000006   Code   RO          278    i.EXTI4_IRQHandler  stm32l4xx_it.o
    0x08000f00   0x08000f00   0x00000006   Code   RO          279    i.EXTI9_5_IRQHandler  stm32l4xx_it.o
    0x08000f06   0x08000f06   0x0000004e   Code   RO         2247    i.HAL_DMA_Abort_IT  stm32l4xx_hal_dma.o
    0x08000f54   0x08000f54   0x0000001c   Code   RO         1518    i.HAL_Delay         stm32l4xx_hal.o
    0x08000f70   0x08000f70   0x00000034   Code   RO           14    i.HAL_GPIO_EXTI_Callback  main.o
    0x08000fa4   0x08000fa4   0x00000018   Code   RO         2181    i.HAL_GPIO_EXTI_IRQHandler  stm32l4xx_hal_gpio.o
    0x08000fbc   0x08000fbc   0x00000192   Code   RO         2182    i.HAL_GPIO_Init     stm32l4xx_hal_gpio.o
    0x0800114e   0x0800114e   0x00000002   PAD
    0x08001150   0x08001150   0x0000000c   Code   RO         1522    i.HAL_GetTick       stm32l4xx_hal.o
    0x0800115c   0x0800115c   0x00000056   Code   RO          999    i.HAL_I2CEx_ConfigAnalogFilter  stm32l4xx_hal_i2c_ex.o
    0x080011b2   0x080011b2   0x00000052   Code   RO         1000    i.HAL_I2CEx_ConfigDigitalFilter  stm32l4xx_hal_i2c_ex.o
    0x08001204   0x08001204   0x00000002   Code   RO          542    i.HAL_I2C_AbortCpltCallback  stm32l4xx_hal_i2c.o
    0x08001206   0x08001206   0x00000002   Code   RO          543    i.HAL_I2C_AddrCallback  stm32l4xx_hal_i2c.o
    0x08001208   0x08001208   0x00000068   Code   RO          546    i.HAL_I2C_ER_IRQHandler  stm32l4xx_hal_i2c.o
    0x08001270   0x08001270   0x00000010   Code   RO          547    i.HAL_I2C_EV_IRQHandler  stm32l4xx_hal_i2c.o
    0x08001280   0x08001280   0x00000002   Code   RO          549    i.HAL_I2C_ErrorCallback  stm32l4xx_hal_i2c.o
    0x08001282   0x08001282   0x00000002   PAD
    0x08001284   0x08001284   0x000000b8   Code   RO          553    i.HAL_I2C_Init      stm32l4xx_hal_i2c.o
    0x0800133c   0x0800133c   0x0000012a   Code   RO          554    i.HAL_I2C_IsDeviceReady  stm32l4xx_hal_i2c.o
    0x08001466   0x08001466   0x00000002   Code   RO          555    i.HAL_I2C_ListenCpltCallback  stm32l4xx_hal_i2c.o
    0x08001468   0x08001468   0x0000012a   Code   RO          559    i.HAL_I2C_Master_Receive  stm32l4xx_hal_i2c.o
    0x08001592   0x08001592   0x00000002   PAD
    0x08001594   0x08001594   0x0000012a   Code   RO          566    i.HAL_I2C_Master_Transmit  stm32l4xx_hal_i2c.o
    0x080016be   0x080016be   0x00000002   PAD
    0x080016c0   0x080016c0   0x00000084   Code   RO          495    i.HAL_I2C_MspInit   stm32l4xx_hal_msp.o
    0x08001744   0x08001744   0x00000002   Code   RO          579    i.HAL_I2C_SlaveRxCpltCallback  stm32l4xx_hal_i2c.o
    0x08001746   0x08001746   0x00000002   Code   RO          580    i.HAL_I2C_SlaveTxCpltCallback  stm32l4xx_hal_i2c.o
    0x08001748   0x08001748   0x00000010   Code   RO         1526    i.HAL_IncTick       stm32l4xx_hal.o
    0x08001758   0x08001758   0x0000001e   Code   RO         1527    i.HAL_Init          stm32l4xx_hal.o
    0x08001776   0x08001776   0x00000002   PAD
    0x08001778   0x08001778   0x00000030   Code   RO         1528    i.HAL_InitTick      stm32l4xx_hal.o
    0x080017a8   0x080017a8   0x0000003c   Code   RO          496    i.HAL_MspInit       stm32l4xx_hal_msp.o
    0x080017e4   0x080017e4   0x00000016   Code   RO         2675    i.HAL_NVIC_EnableIRQ  stm32l4xx_hal_cortex.o
    0x080017fa   0x080017fa   0x00000002   PAD
    0x080017fc   0x080017fc   0x00000040   Code   RO         2681    i.HAL_NVIC_SetPriority  stm32l4xx_hal_cortex.o
    0x0800183c   0x0800183c   0x00000024   Code   RO         2682    i.HAL_NVIC_SetPriorityGrouping  stm32l4xx_hal_cortex.o
    0x08001860   0x08001860   0x00000068   Code   RO         2473    i.HAL_PWREx_ControlVoltageScaling  stm32l4xx_hal_pwr_ex.o
    0x080018c8   0x080018c8   0x00000010   Code   RO         2498    i.HAL_PWREx_GetVoltageRange  stm32l4xx_hal_pwr_ex.o
    0x080018d8   0x080018d8   0x00000010   Code   RO         2365    i.HAL_PWR_EnableBkUpAccess  stm32l4xx_hal_pwr.o
    0x080018e8   0x080018e8   0x00000010   Code   RO         1814    i.HAL_RCCEx_EnableMSIPLLMode  stm32l4xx_hal_rcc_ex.o
    0x080018f8   0x080018f8   0x0000028a   Code   RO         1820    i.HAL_RCCEx_PeriphCLKConfig  stm32l4xx_hal_rcc_ex.o
    0x08001b82   0x08001b82   0x00000002   PAD
    0x08001b84   0x08001b84   0x00000118   Code   RO         1698    i.HAL_RCC_ClockConfig  stm32l4xx_hal_rcc.o
    0x08001c9c   0x08001c9c   0x00000024   Code   RO         1704    i.HAL_RCC_GetPCLK1Freq  stm32l4xx_hal_rcc.o
    0x08001cc0   0x08001cc0   0x00000024   Code   RO         1705    i.HAL_RCC_GetPCLK2Freq  stm32l4xx_hal_rcc.o
    0x08001ce4   0x08001ce4   0x000000a4   Code   RO         1706    i.HAL_RCC_GetSysClockFreq  stm32l4xx_hal_rcc.o
    0x08001d88   0x08001d88   0x000004b8   Code   RO         1709    i.HAL_RCC_OscConfig  stm32l4xx_hal_rcc.o
    0x08002240   0x08002240   0x00000028   Code   RO         2686    i.HAL_SYSTICK_Config  stm32l4xx_hal_cortex.o
    0x08002268   0x08002268   0x00000002   Code   RO         1452    i.HAL_UARTEx_WakeupCallback  stm32l4xx_hal_uart_ex.o
    0x0800226a   0x0800226a   0x00000002   Code   RO         1111    i.HAL_UART_ErrorCallback  stm32l4xx_hal_uart.o
    0x0800226c   0x0800226c   0x00000144   Code   RO         1114    i.HAL_UART_IRQHandler  stm32l4xx_hal_uart.o
    0x080023b0   0x080023b0   0x0000006a   Code   RO         1115    i.HAL_UART_Init     stm32l4xx_hal_uart.o
    0x0800241a   0x0800241a   0x00000002   PAD
    0x0800241c   0x0800241c   0x000000c4   Code   RO          498    i.HAL_UART_MspInit  stm32l4xx_hal_msp.o
    0x080024e0   0x080024e0   0x000000ac   Code   RO         1120    i.HAL_UART_Receive_IT  stm32l4xx_hal_uart.o
    0x0800258c   0x0800258c   0x00000214   Code   RO           15    i.HAL_UART_RxCpltCallback  main.o
    0x080027a0   0x080027a0   0x000000b0   Code   RO         1123    i.HAL_UART_Transmit  stm32l4xx_hal_uart.o
    0x08002850   0x08002850   0x00000068   Code   RO         1125    i.HAL_UART_Transmit_IT  stm32l4xx_hal_uart.o
    0x080028b8   0x080028b8   0x00000002   Code   RO           16    i.HAL_UART_TxCpltCallback  main.o
    0x080028ba   0x080028ba   0x00000002   Code   RO          280    i.HardFault_Handler  stm32l4xx_it.o
    0x080028bc   0x080028bc   0x0000000c   Code   RO          281    i.I2C1_ER_IRQHandler  stm32l4xx_it.o
    0x080028c8   0x080028c8   0x0000000c   Code   RO          282    i.I2C1_EV_IRQHandler  stm32l4xx_it.o
    0x080028d4   0x080028d4   0x00000028   Code   RO          592    i.I2C_DMAAbort      stm32l4xx_hal_i2c.o
    0x080028fc   0x080028fc   0x00000054   Code   RO          598    i.I2C_Disable_IRQ   stm32l4xx_hal_i2c.o
    0x08002950   0x08002950   0x00000022   Code   RO          600    i.I2C_Flush_TXDR    stm32l4xx_hal_i2c.o
    0x08002972   0x08002972   0x00000088   Code   RO          601    i.I2C_ITAddrCplt    stm32l4xx_hal_i2c.o
    0x080029fa   0x080029fa   0x00000002   PAD
    0x080029fc   0x080029fc   0x000000e0   Code   RO          602    i.I2C_ITError       stm32l4xx_hal_i2c.o
    0x08002adc   0x08002adc   0x00000060   Code   RO          603    i.I2C_ITListenCplt  stm32l4xx_hal_i2c.o
    0x08002b3c   0x08002b3c   0x000000ec   Code   RO          606    i.I2C_ITSlaveCplt   stm32l4xx_hal_i2c.o
    0x08002c28   0x08002c28   0x00000054   Code   RO          607    i.I2C_ITSlaveSequentialCplt  stm32l4xx_hal_i2c.o
    0x08002c7c   0x08002c7c   0x00000084   Code   RO          608    i.I2C_IsAcknowledgeFailed  stm32l4xx_hal_i2c.o
    0x08002d00   0x08002d00   0x00000120   Code   RO          614    i.I2C_Slave_ISR_IT  stm32l4xx_hal_i2c.o
    0x08002e20   0x08002e20   0x0000002c   Code   RO          615    i.I2C_TransferConfig  stm32l4xx_hal_i2c.o
    0x08002e4c   0x08002e4c   0x00000058   Code   RO          616    i.I2C_WaitOnFlagUntilTimeout  stm32l4xx_hal_i2c.o
    0x08002ea4   0x08002ea4   0x00000084   Code   RO          617    i.I2C_WaitOnRXNEFlagUntilTimeout  stm32l4xx_hal_i2c.o
    0x08002f28   0x08002f28   0x0000004c   Code   RO          618    i.I2C_WaitOnSTOPFlagUntilTimeout  stm32l4xx_hal_i2c.o
    0x08002f74   0x08002f74   0x00000050   Code   RO          619    i.I2C_WaitOnTXISFlagUntilTimeout  stm32l4xx_hal_i2c.o
    0x08002fc4   0x08002fc4   0x00000024   Code   RO         3183    i.ITM_SendChar      retarget_io.o
    0x08002fe8   0x08002fe8   0x00000002   Code   RO          283    i.MemManage_Handler  stm32l4xx_it.o
    0x08002fea   0x08002fea   0x00000002   Code   RO          284    i.NMI_Handler       stm32l4xx_it.o
    0x08002fec   0x08002fec   0x00000020   Code   RO         2688    i.NVIC_SetPriority  stm32l4xx_hal_cortex.o
    0x0800300c   0x0800300c   0x00000002   Code   RO          285    i.PendSV_Handler    stm32l4xx_it.o
    0x0800300e   0x0800300e   0x00000002   PAD
    0x08003010   0x08003010   0x0000012c   Code   RO         1824    i.RCCEx_PLLSAI1_Config  stm32l4xx_hal_rcc_ex.o
    0x0800313c   0x0800313c   0x00000002   Code   RO          286    i.RCC_IRQHandler    stm32l4xx_it.o
    0x0800313e   0x0800313e   0x00000002   PAD
    0x08003140   0x08003140   0x0000007c   Code   RO         1710    i.RCC_SetFlashLatencyFromMSIRange  stm32l4xx_hal_rcc.o
    0x080031bc   0x080031bc   0x00000002   Code   RO          287    i.SVC_Handler       stm32l4xx_it.o
    0x080031be   0x080031be   0x00000004   Code   RO          288    i.SysTick_Handler   stm32l4xx_it.o
    0x080031c2   0x080031c2   0x00000002   PAD
    0x080031c4   0x080031c4   0x00000044   Code   RO         2878    i.SystemInit        system_stm32l4xx.o
    0x08003208   0x08003208   0x000000c8   Code   RO         1128    i.UART_AdvFeatureConfig  stm32l4xx_hal_uart.o
    0x080032d0   0x080032d0   0x0000005c   Code   RO         1129    i.UART_CheckIdleState  stm32l4xx_hal_uart.o
    0x0800332c   0x0800332c   0x00000014   Code   RO         1130    i.UART_DMAAbortOnError  stm32l4xx_hal_uart.o
    0x08003340   0x08003340   0x00000020   Code   RO         1140    i.UART_EndRxTransfer  stm32l4xx_hal_uart.o
    0x08003360   0x08003360   0x0000005c   Code   RO         1142    i.UART_RxISR_16BIT  stm32l4xx_hal_uart.o
    0x080033bc   0x080033bc   0x0000005a   Code   RO         1143    i.UART_RxISR_8BIT   stm32l4xx_hal_uart.o
    0x08003416   0x08003416   0x00000002   PAD
    0x08003418   0x08003418   0x00000234   Code   RO         1144    i.UART_SetConfig    stm32l4xx_hal_uart.o
    0x0800364c   0x0800364c   0x00000042   Code   RO         1145    i.UART_TxISR_16BIT  stm32l4xx_hal_uart.o
    0x0800368e   0x0800368e   0x0000003c   Code   RO         1146    i.UART_TxISR_8BIT   stm32l4xx_hal_uart.o
    0x080036ca   0x080036ca   0x00000064   Code   RO         1147    i.UART_WaitOnFlagUntilTimeout  stm32l4xx_hal_uart.o
    0x0800372e   0x0800372e   0x00000002   PAD
    0x08003730   0x08003730   0x0000000c   Code   RO          289    i.USART1_IRQHandler  stm32l4xx_it.o
    0x0800373c   0x0800373c   0x0000000c   Code   RO          290    i.USART2_IRQHandler  stm32l4xx_it.o
    0x08003748   0x08003748   0x00000002   Code   RO          291    i.UsageFault_Handler  stm32l4xx_it.o
    0x0800374a   0x0800374a   0x00000002   PAD
    0x0800374c   0x0800374c   0x00000090   Code   RO           17    i._Z10setPackagePhftt  main.o
    0x080037dc   0x080037dc   0x00000060   Code   RO         3041    i._Z11common_initv  adafruit_gps.o
    0x0800383c   0x0800383c   0x0000003c   Code   RO         3042    i._Z11sendCommand20__UART_HandleTypeDefPc  adafruit_gps.o
    0x08003878   0x08003878   0x00000004   Code   RO         3043    i._Z12Adafruit_GPS20__UART_HandleTypeDef  adafruit_gps.o
    0x0800387c   0x0800387c   0x00000080   Code   RO           19    i._Z12MX_GPIO_Initv  main.o
    0x080038fc   0x080038fc   0x00000044   Code   RO           20    i._Z12MX_I2C1_Initv  main.o
    0x08003940   0x08003940   0x0000006c   Code   RO           22    i._Z15convertDMStoGPSf  main.o
    0x080039ac   0x080039ac   0x0000000c   Code   RO         3044    i._Z15newNMEAreceivedv  adafruit_gps.o
    0x080039b8   0x080039b8   0x00000032   Code   RO         2915    i._Z16maxim_find_peaksPiS_S_iiii  algorithm.o
    0x080039ea   0x080039ea   0x00000002   PAD
    0x080039ec   0x080039ec   0x00000032   Code   RO         2916    i._Z17maxim_sort_ascendPii  algorithm.o
    0x08003a1e   0x08003a1e   0x00000002   PAD
    0x08003a20   0x08003a20   0x00000094   Code   RO           24    i._Z18SystemClock_Configv  main.o
    0x08003ab4   0x08003ab4   0x0000002c   Code   RO           25    i._Z19MX_USART1_UART_Initv  main.o
    0x08003ae0   0x08003ae0   0x0000002c   Code   RO           26    i._Z19MX_USART2_UART_Initv  main.o
    0x08003b0c   0x08003b0c   0x0000040a   Code   RO         2981    i._Z19maxim_max30102_init19__I2C_HandleTypeDef  max30102.o
    0x08003f16   0x08003f16   0x0000006c   Code   RO         2982    i._Z20maxim_max30102_reset19__I2C_HandleTypeDef  max30102.o
    0x08003f82   0x08003f82   0x000000ba   Code   RO         2983    i._Z22maxim_max30102_restart19__I2C_HandleTypeDef  max30102.o
    0x0800403c   0x0800403c   0x00000044   Code   RO         2984    i._Z23maxim_max30102_read_reg19__I2C_HandleTypeDefhPh  max30102.o
    0x08004080   0x08004080   0x00000142   Code   RO         2985    i._Z24maxim_max30102_read_fifo19__I2C_HandleTypeDefPjS0_  max30102.o
    0x080041c2   0x080041c2   0x0000002e   Code   RO         2986    i._Z24maxim_max30102_write_reg19__I2C_HandleTypeDefhh  max30102.o
    0x080041f0   0x080041f0   0x0000006c   Code   RO         2917    i._Z24maxim_remove_close_peaksPiS_S_i  algorithm.o
    0x0800425c   0x0800425c   0x0000003a   Code   RO         2918    i._Z26maxim_sort_indices_descendPiS_i  algorithm.o
    0x08004296   0x08004296   0x0000006a   Code   RO         2919    i._Z28maxim_peaks_above_min_heightPiS_S_ii  algorithm.o
    0x08004300   0x08004300   0x0000042e   Code   RO         2920    i._Z38maxim_heart_rate_and_oxygen_saturationPjiS_PiPaS0_S1_  algorithm.o
    0x0800472e   0x0800472e   0x00000002   PAD
    0x08004730   0x08004730   0x00000058   Code   RO         3048    i._Z4readh          adafruit_gps.o
    0x08004788   0x08004788   0x000003ae   Code   RO         3049    i._Z5parsePc        adafruit_gps.o
    0x08004b36   0x08004b36   0x00000002   PAD
    0x08004b38   0x08004b38   0x00000058   Code   RO           27    i._Z8findigitf      main.o
    0x08004b90   0x08004b90   0x00000010   Code   RO         3053    i._Z8lastNMEAv      adafruit_gps.o
    0x08004ba0   0x08004ba0   0x0000001e   Code   RO         3054    i._Z8parseHexc      adafruit_gps.o
    0x08004bbe   0x08004bbe   0x00000002   PAD
    0x08004bc0   0x08004bc0   0x0000013a   Code   RO           28    i._Z9calibratev     main.o
    0x08004cfa   0x08004cfa   0x00000004   Code   RO         3153    i._ZSt6strchrPci    adafruit_gps.o
    0x08004cfe   0x08004cfe   0x00000002   PAD
    0x08004d00   0x08004d00   0x00000020   Code   RO         3563    i.__0printf         mc_w.l(printfa.o)
    0x08004d20   0x08004d20   0x00000008   Code   RO         3635    i.__aeabi_errno_addr  mc_w.l(errno.o)
    0x08004d28   0x08004d28   0x00000038   Code   RO         3252    i.__hardfp_atof     m_wm.l(atof.o)
    0x08004d60   0x08004d60   0x00000070   Code   RO         3258    i.__hardfp_floorf   m_wm.l(floorf.o)
    0x08004dd0   0x08004dd0   0x00000104   Code   RO         3264    i.__hardfp_fmod     m_wm.l(fmod.o)
    0x08004ed4   0x08004ed4   0x00000004   PAD
    0x08004ed8   0x08004ed8   0x00000020   Code   RO         3604    i.__mathlib_dbl_invalid  m_wm.l(dunder.o)
    0x08004ef8   0x08004ef8   0x0000000c   Code   RO         3636    i.__read_errno      mc_w.l(errno.o)
    0x08004f04   0x08004f04   0x0000000e   Code   RO         3684    i.__scatterload_copy  mc_w.l(handlers.o)
    0x08004f12   0x08004f12   0x00000002   Code   RO         3685    i.__scatterload_null  mc_w.l(handlers.o)
    0x08004f14   0x08004f14   0x0000000e   Code   RO         3686    i.__scatterload_zeroinit  mc_w.l(handlers.o)
    0x08004f22   0x08004f22   0x00000002   PAD
    0x08004f24   0x08004f24   0x0000000c   Code   RO         3637    i.__set_errno       mc_w.l(errno.o)
    0x08004f30   0x08004f30   0x0000018a   Code   RO         3570    i._fp_digits        mc_w.l(printfa.o)
    0x080050ba   0x080050ba   0x0000000e   Code   RO         3669    i._is_digit         mc_w.l(scanf_fp.o)
    0x080050c8   0x080050c8   0x000006e2   Code   RO         3571    i._printf_core      mc_w.l(printfa.o)
    0x080057aa   0x080057aa   0x00000024   Code   RO         3572    i._printf_post_padding  mc_w.l(printfa.o)
    0x080057ce   0x080057ce   0x0000002e   Code   RO         3573    i._printf_pre_padding  mc_w.l(printfa.o)
    0x080057fc   0x080057fc   0x00000020   Code   RO         3188    i.fputc             retarget_io.o
    0x0800581c   0x0800581c   0x000007a8   Code   RO           29    i.main              main.o
    0x08005fc4   0x08005fc4   0x00000044   Data   RO           49    .constdata          main.o
    0x08006008   0x08006008   0x00000040   Data   RO         2879    .constdata          system_stm32l4xx.o
    0x08006048   0x08006048   0x00000008   Data   RO         2880    .constdata          system_stm32l4xx.o
    0x08006050   0x08006050   0x000000f6   Data   RO         2928    .constdata          algorithm.o
    0x08006146   0x08006146   0x00000081   Data   RO         3289    .constdata          mc_w.l(ctype_o.o)
    0x080061c7   0x080061c7   0x00000001   PAD
    0x080061c8   0x080061c8   0x00000004   Data   RO         3290    .constdata          mc_w.l(ctype_o.o)
    0x080061cc   0x080061cc   0x00000020   Data   RO         3682    Region$$Table       anon$$obj.o


    Execution Region RW_IRAM1 (Exec base: 0x20000000, Load base: 0x080061ec, Size: 0x00002e08, Max: 0x00010000, ABSOLUTE)

    Exec Addr    Load Addr    Size         Type   Attr      Idx    E Section Name        Object

    0x20000000   0x080061ec   0x00000064   Data   RW           50    .data               main.o
    0x20000064   0x08006250   0x00000004   Data   RW         1538    .data               stm32l4xx_hal.o
    0x20000068   0x08006254   0x00000004   Data   RW         2881    .data               system_stm32l4xx.o
    0x2000006c   0x08006258   0x00000048   Data   RW         3070    .data               adafruit_gps.o
    0x200000b4   0x080062a0   0x00000004   Data   RW         3284    .data               mc_w.l(stdout.o)
    0x200000b8   0x080062a4   0x00000004   Data   RW         3285    .data               mc_w.l(stderr.o)
    0x200000bc   0x080062a8   0x00000004   Data   RW         3638    .data               mc_w.l(errno.o)
    0x200000c0        -       0x000010f8   Zero   RW           47    .bss                main.o
    0x200011b8        -       0x00001760   Zero   RW         2927    .bss                algorithm.o
    0x20002918        -       0x000000f0   Zero   RW         3069    .bss                adafruit_gps.o
    0x20002a08        -       0x00000400   Zero   RW            1    STACK               startup_stm32l432xx.o


==============================================================================

Image component sizes


      Code (inc. data)   RO Data    RW Data    ZI Data      Debug   Object Name

      1252         80          0         72        240       8883   adafruit_gps.o
      1442         36        246          0       5984       8515   algorithm.o
      3632        568         68        100       4344     633343   main.o
      1764          0          0          0          0       5018   max30102.o
        68         14          0          0          0       3447   retarget_io.o
        36          8        396          0       1024        852   startup_stm32l432xx.o
       134         18          0          4          0       4267   stm32l4xx_hal.o
       194         14          0          0          0      30511   stm32l4xx_hal_cortex.o
        78          0          0          0          0       1115   stm32l4xx_hal_dma.o
       426         26          0          0          0       2423   stm32l4xx_hal_gpio.o
      2984         82          0          0          0      23670   stm32l4xx_hal_i2c.o
       168          0          0          0          0       1971   stm32l4xx_hal_i2c_ex.o
       388         30          0          0          0       2503   stm32l4xx_hal_msp.o
        16          4          0          0          0        563   stm32l4xx_hal_pwr.o
       120         20          0          0          0       1402   stm32l4xx_hal_pwr_ex.o
      1848         86          0          0          0       7116   stm32l4xx_hal_rcc.o
       966         36          0          0          0       3681   stm32l4xx_hal_rcc_ex.o
      2200         78          0          0          0      14025   stm32l4xx_hal_uart.o
         2          0          0          0          0       1040   stm32l4xx_hal_uart_ex.o
        82         24          0          0          0     633825   stm32l4xx_it.o
        68         12         72          4          0       1265   system_stm32l4xx.o

    ----------------------------------------------------------------------
     17910       1136        814        180      11592    1389435   Object Totals
         0          0         32          0          0          0   (incl. Generated)
        42          0          0          0          0          0   (incl. Padding)

    ----------------------------------------------------------------------

      Code (inc. data)   RO Data    RW Data    ZI Data      Debug   Library Member Name

        56         12          0          0          0        132   atof.o
        32          8          0          0          0        124   dunder.o
       112         14          0          0          0        116   floorf.o
       260          6          0          0          0        144   fmod.o
        28          0          0          0          0         68   _chval.o
        64          0          0          0          0         84   _sgetc.o
       164          0          0          0          0         92   _strtoul.o
        26          0          0          0          0         80   atoi.o
         8          4        133          0          0         68   ctype_o.o
         0          0          0          0          0          0   entry.o
         0          0          0          0          0          0   entry10a.o
         0          0          0          0          0          0   entry11a.o
         8          4          0          0          0          0   entry2.o
         4          0          0          0          0          0   entry5.o
         0          0          0          0          0          0   entry7b.o
         0          0          0          0          0          0   entry8b.o
         8          4          0          0          0          0   entry9a.o
        32         16          0          4          0        204   errno.o
        30          0          0          0          0          0   handlers.o
        36          8          0          0          0         68   init.o
        18          0          0          0          0         76   isspace_o.o
         0          0          0          0          0          0   iusefp.o
        30          0          0          0          0         68   llshl.o
        36          0          0          0          0         68   llsshr.o
        32          0          0          0          0         68   llushr.o
        36          0          0          0          0         68   memcpya.o
        36          0          0          0          0        108   memseta.o
      2270         90          0          0          0        452   printfa.o
       884         12          0          0          0        216   scanf_fp.o
         0          0          0          4          0          0   stderr.o
         0          0          0          4          0          0   stdout.o
        20          0          0          0          0         68   strchr.o
        14          0          0          0          0         68   strlen.o
        36          0          0          0          0         80   strstr.o
       156         12          0          0          0        120   strtod.o
       112          0          0          0          0         88   strtol.o
        44          0          0          0          0         80   uidiv.o
       104          0          0          0          0         92   uldiv.o
        48          0          0          0          0         68   cdrcmple.o
        56          0          0          0          0         88   d2f.o
       350          0          0          0          0        148   dadd.o
       222          0          0          0          0        100   ddiv.o
       186          0          0          0          0        176   depilogue.o
        50          0          0          0          0         76   dfixui.o
        48          0          0          0          0         68   dfixul.o
        24          0          0          0          0         76   dfltul.o
       234          0          0          0          0         96   dmul.o
       140          0          0          0          0         96   drem.o
        38          0          0          0          0         68   f2d.o
       110          0          0          0          0        168   fepilogue.o

    ----------------------------------------------------------------------
      6210        194        134         12          0       4128   Library Totals
         8          4          1          0          0          0   (incl. Padding)

    ----------------------------------------------------------------------

      Code (inc. data)   RO Data    RW Data    ZI Data      Debug   Library Name

       460         40          0          0          0        516   m_wm.l
      4236        150        133         12          0       2384   mc_w.l
      1506          0          0          0          0       1228   mf_w.l

    ----------------------------------------------------------------------
      6210        194        134         12          0       4128   Library Totals

    ----------------------------------------------------------------------

==============================================================================


      Code (inc. data)   RO Data    RW Data    ZI Data      Debug   

     24120       1330        948        192      11592    1379843   Grand Totals
     24120       1330        948        192      11592    1379843   ELF Image Totals
     24120       1330        948        192          0          0   ROM Totals

==============================================================================

    Total RO  Size (Code + RO Data)                25068 (  24.48kB)
    Total RW  Size (RW Data + ZI Data)             11784 (  11.51kB)
    Total ROM Size (Code + RO Data + RW Data)      25260 (  24.67kB)

==============================================================================

